#
# There is insufficient memory for the Java Runtime Environment to continue.
# Native memory allocation (mmap) failed to map 576716800 bytes for G1 virtual space
# Possible reasons:
#   The system is out of physical RAM or swap space
#   The process is running with CompressedOops enabled, and the Java Heap may be blocking the growth of the native heap
# Possible solutions:
#   Reduce memory load on the system
#   Increase physical memory or swap space
#   Check if swap backing store is full
#   Decrease Java heap size (-Xmx/-Xms)
#   Decrease number of Java threads
#   Decrease Java thread stack sizes (-Xss)
#   Set larger code cache with -XX:ReservedCodeCacheSize=
#   JVM is running with Zero Based Compressed Oops mode in which the Java heap is
#     placed in the first 32GB address space. The Java Heap base address is the
#     maximum limit for the native heap growth. Please use -XX:HeapBaseMinAddress
#     to set the Java Heap base and to place the Java Heap above 32GB virtual address.
# This output file may be truncated or incomplete.
#
#  Out of Memory Error (os_windows.cpp:3548), pid=19160, tid=5240
#
# JRE version: Java(TM) SE Runtime Environment (17.0.12+8) (build 17.0.12+8-LTS-286)
# Java VM: Java HotSpot(TM) 64-Bit Server VM (17.0.12+8-LTS-286, mixed mode, sharing, tiered, compressed oops, compressed class ptrs, g1 gc, windows-amd64)
# No core dump will be written. Minidumps are not enabled by default on client versions of Windows
#

---------------  S U M M A R Y ------------

Command Line: org.jetbrains.kotlin.cli.jvm.K2JVMCompiler @D:\Projects\myproj\myproj\ClientNest\node_modules\react-native-screens\android\build\20260926_13419615049128126400.compiler.options

Host: Intel(R) Core(TM) i5-10310U CPU @ 1.70GHz, 8 cores, 15G,  Windows 10 , 64 bit Build 19041 (10.0.19041.5915)
Time: Sat Sep 26 12:51:57 2026 India Standard Time elapsed time: 39.149556 seconds (0d 0h 0m 39s)

---------------  T H R E A D  ---------------

Current thread (0x000001aca35fc280):  VMThread "VM Thread" [stack: 0x00000066c3700000,0x00000066c3800000] [id=5240]

Stack: [0x00000066c3700000,0x00000066c3800000]
Native frames: (J=compiled Java code, j=interpreted, Vv=VM code, C=native code)
V  [jvm.dll+0x67a04a]
V  [jvm.dll+0x7da4ed]
V  [jvm.dll+0x7dbe33]
V  [jvm.dll+0x7dc4a3]
V  [jvm.dll+0x24508f]
V  [jvm.dll+0x677089]
V  [jvm.dll+0x66bd32]
V  [jvm.dll+0x301fa6]
V  [jvm.dll+0x309546]
V  [jvm.dll+0x359d2e]
V  [jvm.dll+0x359f5f]
V  [jvm.dll+0x2d9078]
V  [jvm.dll+0x2d74ad]
V  [jvm.dll+0x2d6afc]
V  [jvm.dll+0x31a65b]
V  [jvm.dll+0x7e0d9b]
V  [jvm.dll+0x7e1ad4]
V  [jvm.dll+0x7e1fed]
V  [jvm.dll+0x7e23c4]
V  [jvm.dll+0x7e2490]
V  [jvm.dll+0x78abea]
V  [jvm.dll+0x678f35]
C  [ucrtbase.dll+0x21bb2]
C  [KERNEL32.DLL+0x17374]
C  [ntdll.dll+0x4cc91]

VM_Operation (0x00000066c3ffe5f0): G1CollectForAllocation, mode: safepoint, requested by thread 0x000001aca3619a90


---------------  P R O C E S S  ---------------

Threads class SMR info:
_java_thread_list=0x000001ace987ff40, length=14, elements={
0x000001acff55a6a0, 0x000001aca35ffd90, 0x000001aca3600b20, 0x000001aca3613390,
0x000001aca3615270, 0x000001aca3617b50, 0x000001aca3618420, 0x000001aca36190d0,
0x000001aca3619a90, 0x000001aca361f3d0, 0x000001aca38602c0, 0x000001aca3866970,
0x000001aceae4dea0, 0x000001aceb30ce40
}

Java Threads: ( => current thread )
  0x000001acff55a6a0 JavaThread "main" [_thread_blocked, id=13808, stack(0x00000066c3100000,0x00000066c3200000)]
  0x000001aca35ffd90 JavaThread "Reference Handler" daemon [_thread_blocked, id=2516, stack(0x00000066c3800000,0x00000066c3900000)]
  0x000001aca3600b20 JavaThread "Finalizer" daemon [_thread_blocked, id=9992, stack(0x00000066c3900000,0x00000066c3a00000)]
  0x000001aca3613390 JavaThread "Signal Dispatcher" daemon [_thread_blocked, id=3080, stack(0x00000066c3a00000,0x00000066c3b00000)]
  0x000001aca3615270 JavaThread "Attach Listener" daemon [_thread_blocked, id=18312, stack(0x00000066c3b00000,0x00000066c3c00000)]
  0x000001aca3617b50 JavaThread "Service Thread" daemon [_thread_blocked, id=17412, stack(0x00000066c3c00000,0x00000066c3d00000)]
  0x000001aca3618420 JavaThread "Monitor Deflation Thread" daemon [_thread_blocked, id=16832, stack(0x00000066c3d00000,0x00000066c3e00000)]
  0x000001aca36190d0 JavaThread "C2 CompilerThread0" daemon [_thread_blocked, id=19264, stack(0x00000066c3e00000,0x00000066c3f00000)]
  0x000001aca3619a90 JavaThread "C1 CompilerThread0" daemon [_thread_blocked, id=19396, stack(0x00000066c3f00000,0x00000066c4000000)]
  0x000001aca361f3d0 JavaThread "Sweeper thread" daemon [_thread_blocked, id=18988, stack(0x00000066c4000000,0x00000066c4100000)]
  0x000001aca38602c0 JavaThread "Notification Thread" daemon [_thread_blocked, id=6212, stack(0x00000066c4100000,0x00000066c4200000)]
  0x000001aca3866970 JavaThread "Common-Cleaner" daemon [_thread_blocked, id=4640, stack(0x00000066c4300000,0x00000066c4400000)]
  0x000001aceae4dea0 JavaThread "C2 CompilerThread1" daemon [_thread_blocked, id=3744, stack(0x00000066c4b00000,0x00000066c4c00000)]
  0x000001aceb30ce40 JavaThread "C2 CompilerThread2" daemon [_thread_blocked, id=5408, stack(0x00000066c4d00000,0x00000066c4e00000)]

Other Threads:
=>0x000001aca35fc280 VMThread "VM Thread" [stack: 0x00000066c3700000,0x00000066c3800000] [id=5240]
  0x000001acff5ddbf0 WatcherThread [stack: 0x00000066c4200000,0x00000066c4300000] [id=16520]
  0x000001acff5c45e0 GCTaskThread "GC Thread#0" [stack: 0x00000066c3200000,0x00000066c3300000] [id=14676]
  0x000001ace924cbc0 GCTaskThread "GC Thread#1" [stack: 0x00000066c4500000,0x00000066c4600000] [id=1852]
  0x000001ace924ce80 GCTaskThread "GC Thread#2" [stack: 0x00000066c4600000,0x00000066c4700000] [id=12572]
  0x000001ace924d140 GCTaskThread "GC Thread#3" [stack: 0x00000066c4700000,0x00000066c4800000] [id=3976]
  0x000001ace924d400 GCTaskThread "GC Thread#4" [stack: 0x00000066c4800000,0x00000066c4900000] [id=19648]
  0x000001ace924dad0 GCTaskThread "GC Thread#5" [stack: 0x00000066c4900000,0x00000066c4a00000] [id=17544]
  0x000001ace973ca90 GCTaskThread "GC Thread#6" [stack: 0x00000066c4400000,0x00000066c4500000] [id=18344]
  0x000001ace9734d30 GCTaskThread "GC Thread#7" [stack: 0x00000066c4a00000,0x00000066c4b00000] [id=18140]
  0x000001acff5d50c0 ConcurrentGCThread "G1 Main Marker" [stack: 0x00000066c3300000,0x00000066c3400000] [id=18400]
  0x000001acff5d6180 ConcurrentGCThread "G1 Conc#0" [stack: 0x00000066c3400000,0x00000066c3500000] [id=6444]
  0x000001ace9c81600 ConcurrentGCThread "G1 Conc#1" [stack: 0x00000066c4c00000,0x00000066c4d00000] [id=16856]
  0x000001aca34b30e0 ConcurrentGCThread "G1 Refine#0" [stack: 0x00000066c3500000,0x00000066c3600000] [id=9436]
  0x000001aceb1d8960 ConcurrentGCThread "G1 Refine#1" [stack: 0x00000066c4e00000,0x00000066c4f00000] [id=17728]
  0x000001aceb1d7ab0 ConcurrentGCThread "G1 Refine#2" [stack: 0x00000066c4f00000,0x00000066c5000000] [id=19992]
  0x000001acec20f3d0 ConcurrentGCThread "G1 Refine#3" [stack: 0x00000066c5000000,0x00000066c5100000] [id=8884]
  0x000001acec2bbf90 ConcurrentGCThread "G1 Refine#4" [stack: 0x00000066c5100000,0x00000066c5200000] [id=3932]
  0x000001aced3c0e50 ConcurrentGCThread "G1 Refine#5" [stack: 0x00000066c5200000,0x00000066c5300000] [id=5868]
  0x000001acedf4b720 ConcurrentGCThread "G1 Refine#6" [stack: 0x00000066c5300000,0x00000066c5400000] [id=12820]
  0x000001aca34b3a20 ConcurrentGCThread "G1 Service" [stack: 0x00000066c3600000,0x00000066c3700000] [id=1384]

Threads with active compile tasks:
C1 CompilerThread0    39174 24363       3       org.jetbrains.org.objectweb.asm.tree.analysis.Frame::execute (2125 bytes)

VM state: at safepoint (normal execution)

VM Mutex/Monitor currently owned by a thread:  ([mutex/lock_event])
[0x000001acff556290] Threads_lock - owner thread: 0x000001aca35fc280
[0x000001acff556440] Heap_lock - owner thread: 0x000001aca3619a90

Heap address: 0x0000000703800000, size: 4040 MB, Compressed Oops mode: Zero based, Oop shift amount: 3

CDS archive(s) mapped at: [0x000001aca4000000-0x000001aca4bd0000-0x000001aca4bd0000), size 12386304, SharedBaseAddress: 0x000001aca4000000, ArchiveRelocationMode: 1.
Compressed class space mapped at: 0x000001aca5000000-0x000001ace5000000, reserved size: 1073741824
Narrow klass base: 0x000001aca4000000, Narrow klass shift: 0, Narrow klass range: 0x100000000

GC Precious Log:
 CPUs: 8 total, 8 available
 Memory: 16157M
 Large Page Support: Disabled
 NUMA Support: Disabled
 Compressed Oops: Enabled (Zero based)
 Heap Region Size: 2M
 Heap Min Capacity: 8M
 Heap Initial Capacity: 254M
 Heap Max Capacity: 4040M
 Pre-touch: Disabled
 Parallel Workers: 8
 Concurrent Workers: 2
 Concurrent Refinement Workers: 8
 Periodic GC: Disabled

Heap:
 garbage-first heap   total 509952K, used 296330K [0x0000000703800000, 0x0000000800000000)
  region size 2048K, 7 young (14336K), 7 survivors (14336K)
 Metaspace       used 89162K, committed 89600K, reserved 1179648K
  class space    used 9093K, committed 9280K, reserved 1048576K

Heap Regions: E=young(eden), S=young(survivor), O=old, HS=humongous(starts), HC=humongous(continues), CS=collection set, F=free, OA=open archive, CA=closed archive, TAMS=top-at-mark-start (previous, next)
|   0|0x0000000703800000, 0x0000000703a00000, 0x0000000703a00000|100%|HS|  |TAMS 0x0000000703a00000, 0x0000000703800000| Complete 
|   1|0x0000000703a00000, 0x0000000703c00000, 0x0000000703c00000|100%|HC|  |TAMS 0x0000000703c00000, 0x0000000703a00000| Complete 
|   2|0x0000000703c00000, 0x0000000703e00000, 0x0000000703e00000|100%| O|  |TAMS 0x0000000703e00000, 0x0000000703c00000| Untracked 
|   3|0x0000000703e00000, 0x0000000704000000, 0x0000000704000000|100%| O|  |TAMS 0x0000000704000000, 0x0000000703e00000| Untracked 
|   4|0x0000000704000000, 0x0000000704200000, 0x0000000704200000|100%| O|  |TAMS 0x0000000704200000, 0x0000000704000000| Untracked 
|   5|0x0000000704200000, 0x0000000704400000, 0x0000000704400000|100%| O|  |TAMS 0x0000000704200000, 0x0000000704200000| Untracked 
|   6|0x0000000704400000, 0x0000000704600000, 0x0000000704600000|100%| O|  |TAMS 0x0000000704600000, 0x0000000704400000| Untracked 
|   7|0x0000000704600000, 0x0000000704800000, 0x0000000704800000|100%| O|  |TAMS 0x0000000704800000, 0x0000000704600000| Untracked 
|   8|0x0000000704800000, 0x0000000704a00000, 0x0000000704a00000|100%| O|  |TAMS 0x0000000704a00000, 0x0000000704800000| Untracked 
|   9|0x0000000704a00000, 0x0000000704c00000, 0x0000000704c00000|100%| O|  |TAMS 0x0000000704c00000, 0x0000000704a00000| Untracked 
|  10|0x0000000704c00000, 0x0000000704e00000, 0x0000000704e00000|100%| O|  |TAMS 0x0000000704e00000, 0x0000000704c00000| Untracked 
|  11|0x0000000704e00000, 0x0000000705000000, 0x0000000705000000|100%| O|  |TAMS 0x0000000705000000, 0x0000000704e00000| Untracked 
|  12|0x0000000705000000, 0x0000000705200000, 0x0000000705200000|100%| O|  |TAMS 0x0000000705200000, 0x0000000705000000| Untracked 
|  13|0x0000000705200000, 0x0000000705400000, 0x0000000705400000|100%| O|  |TAMS 0x0000000705400000, 0x0000000705200000| Untracked 
|  14|0x0000000705400000, 0x0000000705600000, 0x0000000705600000|100%| O|  |TAMS 0x0000000705600000, 0x0000000705400000| Untracked 
|  15|0x0000000705600000, 0x0000000705800000, 0x0000000705800000|100%| O|  |TAMS 0x0000000705800000, 0x0000000705600000| Untracked 
|  16|0x0000000705800000, 0x0000000705a00000, 0x0000000705a00000|100%| O|  |TAMS 0x0000000705a00000, 0x0000000705800000| Untracked 
|  17|0x0000000705a00000, 0x0000000705c00000, 0x0000000705c00000|100%| O|  |TAMS 0x0000000705c00000, 0x0000000705a00000| Untracked 
|  18|0x0000000705c00000, 0x0000000705e00000, 0x0000000705e00000|100%| O|  |TAMS 0x0000000705e00000, 0x0000000705c00000| Untracked 
|  19|0x0000000705e00000, 0x0000000706000000, 0x0000000706000000|100%| O|  |TAMS 0x0000000706000000, 0x0000000705e00000| Untracked 
|  20|0x0000000706000000, 0x0000000706200000, 0x0000000706200000|100%| O|  |TAMS 0x0000000706200000, 0x0000000706000000| Untracked 
|  21|0x0000000706200000, 0x0000000706400000, 0x0000000706400000|100%| O|  |TAMS 0x0000000706400000, 0x0000000706200000| Untracked 
|  22|0x0000000706400000, 0x0000000706600000, 0x0000000706600000|100%| O|  |TAMS 0x0000000706600000, 0x0000000706400000| Untracked 
|  23|0x0000000706600000, 0x0000000706800000, 0x0000000706800000|100%| O|  |TAMS 0x0000000706800000, 0x0000000706600000| Untracked 
|  24|0x0000000706800000, 0x0000000706a00000, 0x0000000706a00000|100%| O|  |TAMS 0x0000000706a00000, 0x0000000706800000| Untracked 
|  25|0x0000000706a00000, 0x0000000706c00000, 0x0000000706c00000|100%| O|  |TAMS 0x0000000706c00000, 0x0000000706a00000| Untracked 
|  26|0x0000000706c00000, 0x0000000706e00000, 0x0000000706e00000|100%| O|  |TAMS 0x0000000706e00000, 0x0000000706c00000| Untracked 
|  27|0x0000000706e00000, 0x0000000707000000, 0x0000000707000000|100%| O|  |TAMS 0x0000000707000000, 0x0000000706e00000| Untracked 
|  28|0x0000000707000000, 0x0000000707200000, 0x0000000707200000|100%| O|  |TAMS 0x0000000707200000, 0x0000000707000000| Untracked 
|  29|0x0000000707200000, 0x0000000707400000, 0x0000000707400000|100%| O|  |TAMS 0x0000000707400000, 0x0000000707200000| Untracked 
|  30|0x0000000707400000, 0x0000000707600000, 0x0000000707600000|100%| O|  |TAMS 0x0000000707600000, 0x0000000707400000| Untracked 
|  31|0x0000000707600000, 0x0000000707800000, 0x0000000707800000|100%| O|  |TAMS 0x0000000707800000, 0x0000000707600000| Untracked 
|  32|0x0000000707800000, 0x0000000707a00000, 0x0000000707a00000|100%| O|  |TAMS 0x0000000707a00000, 0x0000000707800000| Untracked 
|  33|0x0000000707a00000, 0x0000000707c00000, 0x0000000707c00000|100%| O|  |TAMS 0x0000000707c00000, 0x0000000707a00000| Untracked 
|  34|0x0000000707c00000, 0x0000000707e00000, 0x0000000707e00000|100%| O|  |TAMS 0x0000000707e00000, 0x0000000707c00000| Untracked 
|  35|0x0000000707e00000, 0x0000000708000000, 0x0000000708000000|100%| O|  |TAMS 0x0000000708000000, 0x0000000707e00000| Untracked 
|  36|0x0000000708000000, 0x0000000708200000, 0x0000000708200000|100%| O|  |TAMS 0x0000000708200000, 0x0000000708000000| Untracked 
|  37|0x0000000708200000, 0x0000000708400000, 0x0000000708400000|100%| O|  |TAMS 0x0000000708400000, 0x0000000708200000| Untracked 
|  38|0x0000000708400000, 0x0000000708600000, 0x0000000708600000|100%| O|  |TAMS 0x0000000708600000, 0x0000000708400000| Untracked 
|  39|0x0000000708600000, 0x0000000708800000, 0x0000000708800000|100%| O|  |TAMS 0x0000000708800000, 0x0000000708600000| Untracked 
|  40|0x0000000708800000, 0x0000000708a00000, 0x0000000708a00000|100%| O|  |TAMS 0x0000000708a00000, 0x0000000708800000| Untracked 
|  41|0x0000000708a00000, 0x0000000708c00000, 0x0000000708c00000|100%| O|  |TAMS 0x0000000708c00000, 0x0000000708a00000| Untracked 
|  42|0x0000000708c00000, 0x0000000708e00000, 0x0000000708e00000|100%| O|  |TAMS 0x0000000708e00000, 0x0000000708c00000| Untracked 
|  43|0x0000000708e00000, 0x0000000709000000, 0x0000000709000000|100%| O|  |TAMS 0x0000000709000000, 0x0000000708e00000| Untracked 
|  44|0x0000000709000000, 0x0000000709200000, 0x0000000709200000|100%| O|  |TAMS 0x0000000709200000, 0x0000000709000000| Untracked 
|  45|0x0000000709200000, 0x0000000709400000, 0x0000000709400000|100%| O|  |TAMS 0x0000000709400000, 0x0000000709200000| Untracked 
|  46|0x0000000709400000, 0x0000000709600000, 0x0000000709600000|100%| O|  |TAMS 0x0000000709600000, 0x0000000709400000| Untracked 
|  47|0x0000000709600000, 0x0000000709800000, 0x0000000709800000|100%| O|  |TAMS 0x0000000709800000, 0x0000000709600000| Untracked 
|  48|0x0000000709800000, 0x0000000709a00000, 0x0000000709a00000|100%| O|  |TAMS 0x0000000709a00000, 0x0000000709800000| Untracked 
|  49|0x0000000709a00000, 0x0000000709c00000, 0x0000000709c00000|100%| O|  |TAMS 0x0000000709c00000, 0x0000000709a00000| Untracked 
|  50|0x0000000709c00000, 0x0000000709e00000, 0x0000000709e00000|100%| O|  |TAMS 0x0000000709e00000, 0x0000000709c00000| Untracked 
|  51|0x0000000709e00000, 0x000000070a000000, 0x000000070a000000|100%| O|  |TAMS 0x000000070a000000, 0x0000000709e00000| Untracked 
|  52|0x000000070a000000, 0x000000070a200000, 0x000000070a200000|100%| O|  |TAMS 0x000000070a200000, 0x000000070a000000| Untracked 
|  53|0x000000070a200000, 0x000000070a400000, 0x000000070a400000|100%| O|  |TAMS 0x000000070a400000, 0x000000070a200000| Untracked 
|  54|0x000000070a400000, 0x000000070a600000, 0x000000070a600000|100%| O|  |TAMS 0x000000070a600000, 0x000000070a400000| Untracked 
|  55|0x000000070a600000, 0x000000070a800000, 0x000000070a800000|100%| O|  |TAMS 0x000000070a800000, 0x000000070a600000| Untracked 
|  56|0x000000070a800000, 0x000000070aa00000, 0x000000070aa00000|100%| O|  |TAMS 0x000000070aa00000, 0x000000070a800000| Untracked 
|  57|0x000000070aa00000, 0x000000070ac00000, 0x000000070ac00000|100%| O|  |TAMS 0x000000070ac00000, 0x000000070aa00000| Untracked 
|  58|0x000000070ac00000, 0x000000070ae00000, 0x000000070ae00000|100%| O|  |TAMS 0x000000070ae00000, 0x000000070ac00000| Untracked 
|  59|0x000000070ae00000, 0x000000070b000000, 0x000000070b000000|100%| O|  |TAMS 0x000000070b000000, 0x000000070ae00000| Untracked 
|  60|0x000000070b000000, 0x000000070b200000, 0x000000070b200000|100%| O|  |TAMS 0x000000070b200000, 0x000000070b000000| Untracked 
|  61|0x000000070b200000, 0x000000070b400000, 0x000000070b400000|100%| O|  |TAMS 0x000000070b400000, 0x000000070b200000| Untracked 
|  62|0x000000070b400000, 0x000000070b600000, 0x000000070b600000|100%| O|  |TAMS 0x000000070b600000, 0x000000070b400000| Untracked 
|  63|0x000000070b600000, 0x000000070b800000, 0x000000070b800000|100%| O|  |TAMS 0x000000070b800000, 0x000000070b600000| Untracked 
|  64|0x000000070b800000, 0x000000070ba00000, 0x000000070ba00000|100%| O|  |TAMS 0x000000070ba00000, 0x000000070b800000| Untracked 
|  65|0x000000070ba00000, 0x000000070bc00000, 0x000000070bc00000|100%| O|  |TAMS 0x000000070ba00000, 0x000000070ba00000| Untracked 
|  66|0x000000070bc00000, 0x000000070be00000, 0x000000070be00000|100%| O|  |TAMS 0x000000070be00000, 0x000000070bc00000| Untracked 
|  67|0x000000070be00000, 0x000000070c000000, 0x000000070c000000|100%| O|  |TAMS 0x000000070c000000, 0x000000070be00000| Untracked 
|  68|0x000000070c000000, 0x000000070c200000, 0x000000070c200000|100%| O|  |TAMS 0x000000070c200000, 0x000000070c000000| Untracked 
|  69|0x000000070c200000, 0x000000070c400000, 0x000000070c400000|100%| O|  |TAMS 0x000000070c400000, 0x000000070c200000| Untracked 
|  70|0x000000070c400000, 0x000000070c600000, 0x000000070c600000|100%| O|  |TAMS 0x000000070c4d3600, 0x000000070c400000| Untracked 
|  71|0x000000070c600000, 0x000000070c800000, 0x000000070c800000|100%| O|  |TAMS 0x000000070c600000, 0x000000070c600000| Untracked 
|  72|0x000000070c800000, 0x000000070ca00000, 0x000000070ca00000|100%| O|  |TAMS 0x000000070c800000, 0x000000070c800000| Untracked 
|  73|0x000000070ca00000, 0x000000070cc00000, 0x000000070cc00000|100%| O|  |TAMS 0x000000070ca00000, 0x000000070ca00000| Untracked 
|  74|0x000000070cc00000, 0x000000070ce00000, 0x000000070ce00000|100%| O|  |TAMS 0x000000070cc00000, 0x000000070cc00000| Untracked 
|  75|0x000000070ce00000, 0x000000070d000000, 0x000000070d000000|100%| O|  |TAMS 0x000000070ce00000, 0x000000070ce00000| Untracked 
|  76|0x000000070d000000, 0x000000070d200000, 0x000000070d200000|100%| O|  |TAMS 0x000000070d000000, 0x000000070d000000| Untracked 
|  77|0x000000070d200000, 0x000000070d400000, 0x000000070d400000|100%| O|  |TAMS 0x000000070d200000, 0x000000070d200000| Untracked 
|  78|0x000000070d400000, 0x000000070d600000, 0x000000070d600000|100%| O|  |TAMS 0x000000070d400000, 0x000000070d400000| Untracked 
|  79|0x000000070d600000, 0x000000070d800000, 0x000000070d800000|100%| O|  |TAMS 0x000000070d600000, 0x000000070d600000| Untracked 
|  80|0x000000070d800000, 0x000000070da00000, 0x000000070da00000|100%| O|  |TAMS 0x000000070d800000, 0x000000070d800000| Untracked 
|  81|0x000000070da00000, 0x000000070dc00000, 0x000000070dc00000|100%| O|  |TAMS 0x000000070da00000, 0x000000070da00000| Untracked 
|  82|0x000000070dc00000, 0x000000070de00000, 0x000000070de00000|100%| O|  |TAMS 0x000000070dc00000, 0x000000070dc00000| Untracked 
|  83|0x000000070de00000, 0x000000070e000000, 0x000000070e000000|100%| O|  |TAMS 0x000000070de00000, 0x000000070de00000| Untracked 
|  84|0x000000070e000000, 0x000000070e200000, 0x000000070e200000|100%| O|  |TAMS 0x000000070e000000, 0x000000070e000000| Untracked 
|  85|0x000000070e200000, 0x000000070e400000, 0x000000070e400000|100%| O|  |TAMS 0x000000070e200000, 0x000000070e200000| Untracked 
|  86|0x000000070e400000, 0x000000070e600000, 0x000000070e600000|100%| O|  |TAMS 0x000000070e400000, 0x000000070e400000| Untracked 
|  87|0x000000070e600000, 0x000000070e800000, 0x000000070e800000|100%| O|  |TAMS 0x000000070e600000, 0x000000070e600000| Untracked 
|  88|0x000000070e800000, 0x000000070ea00000, 0x000000070ea00000|100%| O|  |TAMS 0x000000070e800000, 0x000000070e800000| Untracked 
|  89|0x000000070ea00000, 0x000000070ec00000, 0x000000070ec00000|100%| O|  |TAMS 0x000000070ea00000, 0x000000070ea00000| Untracked 
|  90|0x000000070ec00000, 0x000000070ee00000, 0x000000070ee00000|100%| O|  |TAMS 0x000000070ec00000, 0x000000070ec00000| Untracked 
|  91|0x000000070ee00000, 0x000000070f000000, 0x000000070f000000|100%| O|  |TAMS 0x000000070ee00000, 0x000000070ee00000| Untracked 
|  92|0x000000070f000000, 0x000000070f200000, 0x000000070f200000|100%| O|  |TAMS 0x000000070f000000, 0x000000070f000000| Untracked 
|  93|0x000000070f200000, 0x000000070f400000, 0x000000070f400000|100%| O|  |TAMS 0x000000070f200000, 0x000000070f200000| Untracked 
|  94|0x000000070f400000, 0x000000070f600000, 0x000000070f600000|100%| O|  |TAMS 0x000000070f400000, 0x000000070f400000| Untracked 
|  95|0x000000070f600000, 0x000000070f800000, 0x000000070f800000|100%| O|  |TAMS 0x000000070f600000, 0x000000070f600000| Untracked 
|  96|0x000000070f800000, 0x000000070fa00000, 0x000000070fa00000|100%| O|  |TAMS 0x000000070f800000, 0x000000070f800000| Untracked 
|  97|0x000000070fa00000, 0x000000070fc00000, 0x000000070fc00000|100%| O|  |TAMS 0x000000070fa00000, 0x000000070fa00000| Untracked 
|  98|0x000000070fc00000, 0x000000070fe00000, 0x000000070fe00000|100%| O|  |TAMS 0x000000070fc00000, 0x000000070fc00000| Untracked 
|  99|0x000000070fe00000, 0x0000000710000000, 0x0000000710000000|100%| O|  |TAMS 0x000000070fe00000, 0x000000070fe00000| Untracked 
| 100|0x0000000710000000, 0x0000000710200000, 0x0000000710200000|100%| O|  |TAMS 0x0000000710000000, 0x0000000710000000| Untracked 
| 101|0x0000000710200000, 0x0000000710400000, 0x0000000710400000|100%| O|  |TAMS 0x0000000710200000, 0x0000000710200000| Untracked 
| 102|0x0000000710400000, 0x0000000710600000, 0x0000000710600000|100%| O|  |TAMS 0x0000000710400000, 0x0000000710400000| Untracked 
| 103|0x0000000710600000, 0x0000000710800000, 0x0000000710800000|100%| O|  |TAMS 0x0000000710600000, 0x0000000710600000| Untracked 
| 104|0x0000000710800000, 0x0000000710a00000, 0x0000000710a00000|100%| O|  |TAMS 0x0000000710800000, 0x0000000710800000| Untracked 
| 105|0x0000000710a00000, 0x0000000710c00000, 0x0000000710c00000|100%| O|  |TAMS 0x0000000710a00000, 0x0000000710a00000| Untracked 
| 106|0x0000000710c00000, 0x0000000710e00000, 0x0000000710e00000|100%| O|  |TAMS 0x0000000710c00000, 0x0000000710c00000| Untracked 
| 107|0x0000000710e00000, 0x0000000711000000, 0x0000000711000000|100%| O|  |TAMS 0x0000000710e00000, 0x0000000710e00000| Untracked 
| 108|0x0000000711000000, 0x0000000711200000, 0x0000000711200000|100%| O|  |TAMS 0x0000000711000000, 0x0000000711000000| Untracked 
| 109|0x0000000711200000, 0x0000000711400000, 0x0000000711400000|100%| O|  |TAMS 0x0000000711200000, 0x0000000711200000| Untracked 
| 110|0x0000000711400000, 0x0000000711600000, 0x0000000711600000|100%| O|  |TAMS 0x0000000711400000, 0x0000000711400000| Untracked 
| 111|0x0000000711600000, 0x0000000711800000, 0x0000000711800000|100%| O|  |TAMS 0x0000000711600000, 0x0000000711600000| Untracked 
| 112|0x0000000711800000, 0x0000000711a00000, 0x0000000711a00000|100%| O|  |TAMS 0x0000000711800000, 0x0000000711800000| Untracked 
| 113|0x0000000711a00000, 0x0000000711c00000, 0x0000000711c00000|100%| O|  |TAMS 0x0000000711a00000, 0x0000000711a00000| Untracked 
| 114|0x0000000711c00000, 0x0000000711e00000, 0x0000000711e00000|100%|HS|  |TAMS 0x0000000711c00000, 0x0000000711c00000| Complete 
| 115|0x0000000711e00000, 0x0000000712000000, 0x0000000712000000|100%| O|  |TAMS 0x0000000711e00000, 0x0000000711e00000| Untracked 
| 116|0x0000000712000000, 0x0000000712200000, 0x0000000712200000|100%| O|  |TAMS 0x0000000712000000, 0x0000000712000000| Untracked 
| 117|0x0000000712200000, 0x0000000712400000, 0x0000000712400000|100%| O|  |TAMS 0x0000000712200000, 0x0000000712200000| Untracked 
| 118|0x0000000712400000, 0x0000000712600000, 0x0000000712600000|100%| O|  |TAMS 0x0000000712400000, 0x0000000712400000| Untracked 
| 119|0x0000000712600000, 0x0000000712800000, 0x0000000712800000|100%| O|  |TAMS 0x0000000712600000, 0x0000000712600000| Untracked 
| 120|0x0000000712800000, 0x0000000712a00000, 0x0000000712a00000|100%| O|  |TAMS 0x0000000712800000, 0x0000000712800000| Untracked 
| 121|0x0000000712a00000, 0x0000000712c00000, 0x0000000712c00000|100%| O|  |TAMS 0x0000000712a00000, 0x0000000712a00000| Untracked 
| 122|0x0000000712c00000, 0x0000000712e00000, 0x0000000712e00000|100%| O|  |TAMS 0x0000000712c00000, 0x0000000712c00000| Untracked 
| 123|0x0000000712e00000, 0x0000000713000000, 0x0000000713000000|100%| O|  |TAMS 0x0000000712e00000, 0x0000000712e00000| Untracked 
| 124|0x0000000713000000, 0x0000000713200000, 0x0000000713200000|100%| O|  |TAMS 0x0000000713000000, 0x0000000713000000| Untracked 
| 125|0x0000000713200000, 0x0000000713400000, 0x0000000713400000|100%| O|  |TAMS 0x0000000713200000, 0x0000000713200000| Untracked 
| 126|0x0000000713400000, 0x0000000713600000, 0x0000000713600000|100%| O|  |TAMS 0x0000000713400000, 0x0000000713400000| Untracked 
| 127|0x0000000713600000, 0x0000000713800000, 0x0000000713800000|100%| O|  |TAMS 0x0000000713600000, 0x0000000713600000| Untracked 
| 128|0x0000000713800000, 0x0000000713a00000, 0x0000000713a00000|100%| O|  |TAMS 0x0000000713800000, 0x0000000713800000| Untracked 
| 129|0x0000000713a00000, 0x0000000713c00000, 0x0000000713c00000|100%| O|  |TAMS 0x0000000713a00000, 0x0000000713a00000| Untracked 
| 130|0x0000000713c00000, 0x0000000713e00000, 0x0000000713e00000|100%| O|  |TAMS 0x0000000713c00000, 0x0000000713c00000| Untracked 
| 131|0x0000000713e00000, 0x0000000714000000, 0x0000000714000000|100%| O|  |TAMS 0x0000000713e00000, 0x0000000713e00000| Untracked 
| 132|0x0000000714000000, 0x0000000714200000, 0x0000000714200000|100%| O|  |TAMS 0x0000000714000000, 0x0000000714000000| Untracked 
| 133|0x0000000714200000, 0x0000000714400000, 0x0000000714400000|100%| O|  |TAMS 0x0000000714200000, 0x0000000714200000| Untracked 
| 134|0x0000000714400000, 0x0000000714600000, 0x0000000714600000|100%| O|  |TAMS 0x0000000714400000, 0x0000000714400000| Untracked 
| 135|0x0000000714600000, 0x0000000714800000, 0x0000000714800000|100%| O|  |TAMS 0x0000000714600000, 0x0000000714600000| Untracked 
| 136|0x0000000714800000, 0x0000000714a00000, 0x0000000714a00000|100%| O|  |TAMS 0x0000000714800000, 0x0000000714800000| Untracked 
| 137|0x0000000714a00000, 0x0000000714c00000, 0x0000000714c00000|100%| O|  |TAMS 0x0000000714a00000, 0x0000000714a00000| Untracked 
| 138|0x0000000714c00000, 0x0000000714c8d800, 0x0000000714e00000| 27%| O|  |TAMS 0x0000000714c00000, 0x0000000714c00000| Untracked 
| 139|0x0000000714e00000, 0x0000000714e00000, 0x0000000715000000|  0%| F|  |TAMS 0x0000000714e00000, 0x0000000714e00000| Untracked 
| 140|0x0000000715000000, 0x0000000715000000, 0x0000000715200000|  0%| F|  |TAMS 0x0000000715000000, 0x0000000715000000| Untracked 
| 141|0x0000000715200000, 0x0000000715200000, 0x0000000715400000|  0%| F|  |TAMS 0x0000000715200000, 0x0000000715200000| Untracked 
| 142|0x0000000715400000, 0x0000000715400000, 0x0000000715600000|  0%| F|  |TAMS 0x0000000715400000, 0x0000000715400000| Untracked 
| 143|0x0000000715600000, 0x0000000715600000, 0x0000000715800000|  0%| F|  |TAMS 0x0000000715600000, 0x0000000715600000| Untracked 
| 144|0x0000000715800000, 0x0000000715800000, 0x0000000715a00000|  0%| F|  |TAMS 0x0000000715800000, 0x0000000715800000| Untracked 
| 145|0x0000000715a00000, 0x0000000715a00000, 0x0000000715c00000|  0%| F|  |TAMS 0x0000000715a00000, 0x0000000715a00000| Untracked 
| 146|0x0000000715c00000, 0x0000000715c00000, 0x0000000715e00000|  0%| F|  |TAMS 0x0000000715c00000, 0x0000000715c00000| Untracked 
| 147|0x0000000715e00000, 0x0000000715e00000, 0x0000000716000000|  0%| F|  |TAMS 0x0000000715e00000, 0x0000000715e00000| Untracked 
| 148|0x0000000716000000, 0x0000000716000000, 0x0000000716200000|  0%| F|  |TAMS 0x0000000716000000, 0x0000000716000000| Untracked 
| 149|0x0000000716200000, 0x0000000716200000, 0x0000000716400000|  0%| F|  |TAMS 0x0000000716200000, 0x0000000716200000| Untracked 
| 150|0x0000000716400000, 0x0000000716400000, 0x0000000716600000|  0%| F|  |TAMS 0x0000000716400000, 0x0000000716400000| Untracked 
| 151|0x0000000716600000, 0x0000000716600000, 0x0000000716800000|  0%| F|  |TAMS 0x0000000716600000, 0x0000000716600000| Untracked 
| 152|0x0000000716800000, 0x0000000716800000, 0x0000000716a00000|  0%| F|  |TAMS 0x0000000716800000, 0x0000000716800000| Untracked 
| 153|0x0000000716a00000, 0x0000000716a00000, 0x0000000716c00000|  0%| F|  |TAMS 0x0000000716a00000, 0x0000000716a00000| Untracked 
| 154|0x0000000716c00000, 0x0000000716c00000, 0x0000000716e00000|  0%| F|  |TAMS 0x0000000716c00000, 0x0000000716c00000| Untracked 
| 155|0x0000000716e00000, 0x0000000716e00000, 0x0000000717000000|  0%| F|  |TAMS 0x0000000716e00000, 0x0000000716e00000| Untracked 
| 156|0x0000000717000000, 0x0000000717000000, 0x0000000717200000|  0%| F|  |TAMS 0x0000000717000000, 0x0000000717000000| Untracked 
| 157|0x0000000717200000, 0x0000000717200000, 0x0000000717400000|  0%| F|  |TAMS 0x0000000717200000, 0x0000000717200000| Untracked 
| 158|0x0000000717400000, 0x0000000717400000, 0x0000000717600000|  0%| F|  |TAMS 0x0000000717400000, 0x0000000717400000| Untracked 
| 159|0x0000000717600000, 0x0000000717600000, 0x0000000717800000|  0%| F|  |TAMS 0x0000000717600000, 0x0000000717600000| Untracked 
| 160|0x0000000717800000, 0x0000000717800000, 0x0000000717a00000|  0%| F|  |TAMS 0x0000000717800000, 0x0000000717800000| Untracked 
| 161|0x0000000717a00000, 0x0000000717a00000, 0x0000000717c00000|  0%| F|  |TAMS 0x0000000717a00000, 0x0000000717a00000| Untracked 
| 162|0x0000000717c00000, 0x0000000717c00000, 0x0000000717e00000|  0%| F|  |TAMS 0x0000000717c00000, 0x0000000717c00000| Untracked 
| 163|0x0000000717e00000, 0x0000000717e00000, 0x0000000718000000|  0%| F|  |TAMS 0x0000000717e00000, 0x0000000717e00000| Untracked 
| 164|0x0000000718000000, 0x0000000718000000, 0x0000000718200000|  0%| F|  |TAMS 0x0000000718000000, 0x0000000718000000| Untracked 
| 165|0x0000000718200000, 0x0000000718200000, 0x0000000718400000|  0%| F|  |TAMS 0x0000000718200000, 0x0000000718200000| Untracked 
| 166|0x0000000718400000, 0x0000000718400000, 0x0000000718600000|  0%| F|  |TAMS 0x0000000718400000, 0x0000000718400000| Untracked 
| 167|0x0000000718600000, 0x0000000718600000, 0x0000000718800000|  0%| F|  |TAMS 0x0000000718600000, 0x0000000718600000| Untracked 
| 168|0x0000000718800000, 0x0000000718800000, 0x0000000718a00000|  0%| F|  |TAMS 0x0000000718800000, 0x0000000718800000| Untracked 
| 169|0x0000000718a00000, 0x0000000718a00000, 0x0000000718c00000|  0%| F|  |TAMS 0x0000000718a00000, 0x0000000718a00000| Untracked 
| 170|0x0000000718c00000, 0x0000000718c00000, 0x0000000718e00000|  0%| F|  |TAMS 0x0000000718c00000, 0x0000000718c00000| Untracked 
| 171|0x0000000718e00000, 0x0000000718e00000, 0x0000000719000000|  0%| F|  |TAMS 0x0000000718e00000, 0x0000000718e00000| Untracked 
| 172|0x0000000719000000, 0x00000007190d51c8, 0x0000000719200000| 41%| S|CS|TAMS 0x0000000719000000, 0x0000000719000000| Complete 
| 173|0x0000000719200000, 0x0000000719400000, 0x0000000719400000|100%| S|CS|TAMS 0x0000000719200000, 0x0000000719200000| Complete 
| 174|0x0000000719400000, 0x0000000719600000, 0x0000000719600000|100%| S|CS|TAMS 0x0000000719400000, 0x0000000719400000| Complete 
| 175|0x0000000719600000, 0x0000000719600000, 0x0000000719800000|  0%| F|  |TAMS 0x0000000719600000, 0x0000000719600000| Untracked 
| 176|0x0000000719800000, 0x0000000719800000, 0x0000000719a00000|  0%| F|  |TAMS 0x0000000719800000, 0x0000000719800000| Untracked 
| 177|0x0000000719a00000, 0x0000000719a00000, 0x0000000719c00000|  0%| F|  |TAMS 0x0000000719a00000, 0x0000000719a00000| Untracked 
| 178|0x0000000719c00000, 0x0000000719c00000, 0x0000000719e00000|  0%| F|  |TAMS 0x0000000719c00000, 0x0000000719c00000| Untracked 
| 179|0x0000000719e00000, 0x0000000719e00000, 0x000000071a000000|  0%| F|  |TAMS 0x0000000719e00000, 0x0000000719e00000| Untracked 
| 180|0x000000071a000000, 0x000000071a200000, 0x000000071a200000|100%| S|CS|TAMS 0x000000071a000000, 0x000000071a000000| Complete 
| 181|0x000000071a200000, 0x000000071a400000, 0x000000071a400000|100%| S|CS|TAMS 0x000000071a200000, 0x000000071a200000| Complete 
| 182|0x000000071a400000, 0x000000071a600000, 0x000000071a600000|100%| S|CS|TAMS 0x000000071a400000, 0x000000071a400000| Complete 
| 183|0x000000071a600000, 0x000000071a800000, 0x000000071a800000|100%| S|CS|TAMS 0x000000071a600000, 0x000000071a600000| Complete 
| 184|0x000000071a800000, 0x000000071a800000, 0x000000071aa00000|  0%| F|  |TAMS 0x000000071a800000, 0x000000071a800000| Untracked 
| 185|0x000000071aa00000, 0x000000071aa00000, 0x000000071ac00000|  0%| F|  |TAMS 0x000000071aa00000, 0x000000071aa00000| Untracked 
| 186|0x000000071ac00000, 0x000000071ac00000, 0x000000071ae00000|  0%| F|  |TAMS 0x000000071ac00000, 0x000000071ac00000| Untracked 
| 187|0x000000071ae00000, 0x000000071ae00000, 0x000000071b000000|  0%| F|  |TAMS 0x000000071ae00000, 0x000000071ae00000| Untracked 
| 188|0x000000071b000000, 0x000000071b000000, 0x000000071b200000|  0%| F|  |TAMS 0x000000071b000000, 0x000000071b000000| Untracked 
| 189|0x000000071b200000, 0x000000071b200000, 0x000000071b400000|  0%| F|  |TAMS 0x000000071b200000, 0x000000071b200000| Untracked 
| 190|0x000000071b400000, 0x000000071b400000, 0x000000071b600000|  0%| F|  |TAMS 0x000000071b400000, 0x000000071b400000| Untracked 
| 191|0x000000071b600000, 0x000000071b600000, 0x000000071b800000|  0%| F|  |TAMS 0x000000071b600000, 0x000000071b600000| Untracked 
| 192|0x000000071b800000, 0x000000071b800000, 0x000000071ba00000|  0%| F|  |TAMS 0x000000071b800000, 0x000000071b800000| Untracked 
| 193|0x000000071ba00000, 0x000000071ba00000, 0x000000071bc00000|  0%| F|  |TAMS 0x000000071ba00000, 0x000000071ba00000| Untracked 
| 194|0x000000071bc00000, 0x000000071bc00000, 0x000000071be00000|  0%| F|  |TAMS 0x000000071bc00000, 0x000000071bc00000| Untracked 
| 195|0x000000071be00000, 0x000000071be00000, 0x000000071c000000|  0%| F|  |TAMS 0x000000071be00000, 0x000000071be00000| Untracked 
| 196|0x000000071c000000, 0x000000071c000000, 0x000000071c200000|  0%| F|  |TAMS 0x000000071c000000, 0x000000071c000000| Untracked 
| 197|0x000000071c200000, 0x000000071c200000, 0x000000071c400000|  0%| F|  |TAMS 0x000000071c200000, 0x000000071c200000| Untracked 
| 198|0x000000071c400000, 0x000000071c400000, 0x000000071c600000|  0%| F|  |TAMS 0x000000071c400000, 0x000000071c400000| Untracked 
| 199|0x000000071c600000, 0x000000071c600000, 0x000000071c800000|  0%| F|  |TAMS 0x000000071c600000, 0x000000071c600000| Untracked 
| 200|0x000000071c800000, 0x000000071c800000, 0x000000071ca00000|  0%| F|  |TAMS 0x000000071c800000, 0x000000071c800000| Untracked 
| 201|0x000000071ca00000, 0x000000071ca00000, 0x000000071cc00000|  0%| F|  |TAMS 0x000000071ca00000, 0x000000071ca00000| Untracked 
| 202|0x000000071cc00000, 0x000000071cc00000, 0x000000071ce00000|  0%| F|  |TAMS 0x000000071cc00000, 0x000000071cc00000| Untracked 
| 203|0x000000071ce00000, 0x000000071ce00000, 0x000000071d000000|  0%| F|  |TAMS 0x000000071ce00000, 0x000000071ce00000| Untracked 
| 204|0x000000071d000000, 0x000000071d000000, 0x000000071d200000|  0%| F|  |TAMS 0x000000071d000000, 0x000000071d000000| Untracked 
| 205|0x000000071d200000, 0x000000071d200000, 0x000000071d400000|  0%| F|  |TAMS 0x000000071d200000, 0x000000071d200000| Untracked 
| 206|0x000000071d400000, 0x000000071d400000, 0x000000071d600000|  0%| F|  |TAMS 0x000000071d400000, 0x000000071d400000| Untracked 
| 207|0x000000071d600000, 0x000000071d600000, 0x000000071d800000|  0%| F|  |TAMS 0x000000071d600000, 0x000000071d600000| Untracked 
| 208|0x000000071d800000, 0x000000071d800000, 0x000000071da00000|  0%| F|  |TAMS 0x000000071d800000, 0x000000071d800000| Untracked 
| 209|0x000000071da00000, 0x000000071da00000, 0x000000071dc00000|  0%| F|  |TAMS 0x000000071da00000, 0x000000071da00000| Untracked 
| 210|0x000000071dc00000, 0x000000071dc00000, 0x000000071de00000|  0%| F|  |TAMS 0x000000071dc00000, 0x000000071dc00000| Untracked 
| 211|0x000000071de00000, 0x000000071de00000, 0x000000071e000000|  0%| F|  |TAMS 0x000000071de00000, 0x000000071de00000| Untracked 
| 212|0x000000071e000000, 0x000000071e000000, 0x000000071e200000|  0%| F|  |TAMS 0x000000071e000000, 0x000000071e000000| Untracked 
| 213|0x000000071e200000, 0x000000071e200000, 0x000000071e400000|  0%| F|  |TAMS 0x000000071e200000, 0x000000071e200000| Untracked 
| 214|0x000000071e400000, 0x000000071e400000, 0x000000071e600000|  0%| F|  |TAMS 0x000000071e400000, 0x000000071e400000| Untracked 
| 215|0x000000071e600000, 0x000000071e600000, 0x000000071e800000|  0%| F|  |TAMS 0x000000071e600000, 0x000000071e600000| Untracked 
| 216|0x000000071e800000, 0x000000071e800000, 0x000000071ea00000|  0%| F|  |TAMS 0x000000071e800000, 0x000000071e800000| Untracked 
| 217|0x000000071ea00000, 0x000000071ea00000, 0x000000071ec00000|  0%| F|  |TAMS 0x000000071ea00000, 0x000000071ea00000| Untracked 
| 218|0x000000071ec00000, 0x000000071ec00000, 0x000000071ee00000|  0%| F|  |TAMS 0x000000071ec00000, 0x000000071ec00000| Untracked 
| 219|0x000000071ee00000, 0x000000071ee00000, 0x000000071f000000|  0%| F|  |TAMS 0x000000071ee00000, 0x000000071ee00000| Untracked 
| 220|0x000000071f000000, 0x000000071f000000, 0x000000071f200000|  0%| F|  |TAMS 0x000000071f000000, 0x000000071f000000| Untracked 
| 221|0x000000071f200000, 0x000000071f200000, 0x000000071f400000|  0%| F|  |TAMS 0x000000071f200000, 0x000000071f200000| Untracked 
| 222|0x000000071f400000, 0x000000071f400000, 0x000000071f600000|  0%| F|  |TAMS 0x000000071f400000, 0x000000071f400000| Untracked 
| 223|0x000000071f600000, 0x000000071f600000, 0x000000071f800000|  0%| F|  |TAMS 0x000000071f600000, 0x000000071f600000| Untracked 
| 224|0x000000071f800000, 0x000000071f800000, 0x000000071fa00000|  0%| F|  |TAMS 0x000000071f800000, 0x000000071f800000| Untracked 
| 225|0x000000071fa00000, 0x000000071fa00000, 0x000000071fc00000|  0%| F|  |TAMS 0x000000071fa00000, 0x000000071fa00000| Untracked 
| 226|0x000000071fc00000, 0x000000071fc00000, 0x000000071fe00000|  0%| F|  |TAMS 0x000000071fc00000, 0x000000071fc00000| Untracked 
| 227|0x000000071fe00000, 0x000000071fe00000, 0x0000000720000000|  0%| F|  |TAMS 0x000000071fe00000, 0x000000071fe00000| Untracked 
| 228|0x0000000720000000, 0x0000000720000000, 0x0000000720200000|  0%| F|  |TAMS 0x0000000720000000, 0x0000000720000000| Untracked 
| 229|0x0000000720200000, 0x0000000720200000, 0x0000000720400000|  0%| F|  |TAMS 0x0000000720200000, 0x0000000720200000| Untracked 
| 230|0x0000000720400000, 0x0000000720400000, 0x0000000720600000|  0%| F|  |TAMS 0x0000000720400000, 0x0000000720400000| Untracked 
| 231|0x0000000720600000, 0x0000000720600000, 0x0000000720800000|  0%| F|  |TAMS 0x0000000720600000, 0x0000000720600000| Untracked 
| 232|0x0000000720800000, 0x0000000720800000, 0x0000000720a00000|  0%| F|  |TAMS 0x0000000720800000, 0x0000000720800000| Untracked 
| 233|0x0000000720a00000, 0x0000000720a00000, 0x0000000720c00000|  0%| F|  |TAMS 0x0000000720a00000, 0x0000000720a00000| Untracked 
| 234|0x0000000720c00000, 0x0000000720c00000, 0x0000000720e00000|  0%| F|  |TAMS 0x0000000720c00000, 0x0000000720c00000| Untracked 
| 235|0x0000000720e00000, 0x0000000720e00000, 0x0000000721000000|  0%| F|  |TAMS 0x0000000720e00000, 0x0000000720e00000| Untracked 
| 236|0x0000000721000000, 0x0000000721000000, 0x0000000721200000|  0%| F|  |TAMS 0x0000000721000000, 0x0000000721000000| Untracked 
| 237|0x0000000721200000, 0x0000000721200000, 0x0000000721400000|  0%| F|  |TAMS 0x0000000721200000, 0x0000000721200000| Untracked 
| 238|0x0000000721400000, 0x0000000721400000, 0x0000000721600000|  0%| F|  |TAMS 0x0000000721400000, 0x0000000721400000| Untracked 
| 239|0x0000000721600000, 0x0000000721600000, 0x0000000721800000|  0%| F|  |TAMS 0x0000000721600000, 0x0000000721600000| Untracked 
| 240|0x0000000721800000, 0x0000000721800000, 0x0000000721a00000|  0%| F|  |TAMS 0x0000000721800000, 0x0000000721800000| Untracked 
| 241|0x0000000721a00000, 0x0000000721a00000, 0x0000000721c00000|  0%| F|  |TAMS 0x0000000721a00000, 0x0000000721a00000| Untracked 
| 242|0x0000000721c00000, 0x0000000721c00000, 0x0000000721e00000|  0%| F|  |TAMS 0x0000000721c00000, 0x0000000721c00000| Untracked 
| 243|0x0000000721e00000, 0x0000000721e00000, 0x0000000722000000|  0%| F|  |TAMS 0x0000000721e00000, 0x0000000721e00000| Untracked 
| 244|0x0000000722000000, 0x0000000722000000, 0x0000000722200000|  0%| F|  |TAMS 0x0000000722000000, 0x0000000722000000| Untracked 
| 245|0x0000000722200000, 0x0000000722200000, 0x0000000722400000|  0%| F|  |TAMS 0x0000000722200000, 0x0000000722200000| Untracked 
| 246|0x0000000722400000, 0x0000000722400000, 0x0000000722600000|  0%| F|  |TAMS 0x0000000722400000, 0x0000000722400000| Untracked 
| 247|0x0000000722600000, 0x0000000722600000, 0x0000000722800000|  0%| F|  |TAMS 0x0000000722600000, 0x0000000722600000| Untracked 
| 248|0x0000000722800000, 0x0000000722800000, 0x0000000722a00000|  0%| F|  |TAMS 0x0000000722800000, 0x0000000722800000| Untracked 

Card table byte_map: [0x000001ac983f0000,0x000001ac98be0000] _byte_map_base: 0x000001ac94bd4000

Marking Bits (Prev, Next): (CMBitMap*) 0x000001acff5c4b10, (CMBitMap*) 0x000001acff5c4b50
 Prev Bits: [0x000001ac993d0000, 0x000001ac9d2f0000)
 Next Bits: [0x000001ac9d2f0000, 0x000001aca1210000)

Polling page: 0x000001acfe920000

Metaspace:

Usage:
  Non-class:     78.19 MB used.
      Class:      8.88 MB used.
       Both:     87.07 MB used.

Virtual space:
  Non-class space:      128.00 MB reserved,      78.44 MB ( 61%) committed,  2 nodes.
      Class space:        1.00 GB reserved,       9.06 MB ( <1%) committed,  1 nodes.
             Both:        1.12 GB reserved,      87.50 MB (  8%) committed. 

Chunk freelists:
   Non-Class:  1.48 MB
       Class:  6.83 MB
        Both:  8.31 MB

MaxMetaspaceSize: unlimited
CompressedClassSpaceSize: 1.00 GB
Initial GC threshold: 21.00 MB
Current GC threshold: 110.88 MB
CDS: on
MetaspaceReclaimPolicy: balanced
 - commit_granule_bytes: 65536.
 - commit_granule_words: 8192.
 - virtual_space_node_default_size: 8388608.
 - enlarge_chunks_in_place: 1.
 - new_chunks_are_fully_committed: 0.
 - uncommit_free_chunks: 1.
 - use_allocation_guard: 0.
 - handle_deallocations: 1.


Internal statistics:

num_allocs_failed_limit: 3.
num_arena_births: 450.
num_arena_deaths: 0.
num_vsnodes_births: 3.
num_vsnodes_deaths: 0.
num_space_committed: 1398.
num_space_uncommitted: 0.
num_chunks_returned_to_freelist: 3.
num_chunks_taken_from_freelist: 3529.
num_chunk_merges: 3.
num_chunk_splits: 2918.
num_chunks_enlarged: 2644.
num_inconsistent_stats: 0.

CodeHeap 'non-profiled nmethods': size=120000Kb used=13271Kb max_used=13716Kb free=106729Kb
 bounds [0x000001ac906d0000, 0x000001ac91440000, 0x000001ac97c00000]
CodeHeap 'profiled nmethods': size=120000Kb used=65177Kb max_used=67187Kb free=54822Kb
 bounds [0x000001ac88c00000, 0x000001ac8cdb0000, 0x000001ac90130000]
CodeHeap 'non-nmethods': size=5760Kb used=1488Kb max_used=1594Kb free=4271Kb
 bounds [0x000001ac90130000, 0x000001ac903a0000, 0x000001ac906d0000]
 total_blobs=19293 nmethods=18461 adapters=739
 compilation: enabled
              stopped_count=0, restarted_count=0
 full_count=0

Compilation events (20 events):
Event: 39.109 Thread 0x000001aca3619a90 nmethod 24355 0x000001ac89ff9810 code [0x000001ac89ff99e0, 0x000001ac89ff9d78]
Event: 39.109 Thread 0x000001aca3619a90 24356       3       org.jetbrains.kotlin.codegen.optimization.common.FastAnalyzer::mergeControlFlowEdge (25 bytes)
Event: 39.109 Thread 0x000001aca3619a90 nmethod 24356 0x000001ac8c6aa490 code [0x000001ac8c6aa640, 0x000001ac8c6aa818]
Event: 39.109 Thread 0x000001aca3619a90 24357       3       org.jetbrains.kotlin.codegen.optimization.common.FastAnalyzer::updateQueue (40 bytes)
Event: 39.109 Thread 0x000001aca3619a90 nmethod 24357 0x000001ac8a41ea90 code [0x000001ac8a41ec40, 0x000001ac8a41ee38]
Event: 39.109 Thread 0x000001aca3619a90 24358       3       org.jetbrains.kotlin.codegen.optimization.common.FastAnalyzer::analyzeInstruction (291 bytes)
Event: 39.110 Thread 0x000001aca3619a90 nmethod 24358 0x000001ac8c1fb790 code [0x000001ac8c1fbb40, 0x000001ac8c1fd728]
Event: 39.110 Thread 0x000001aca3619a90 24359       3       org.jetbrains.kotlin.codegen.optimization.common.FastAnalyzer::processControlFlowEdge (18 bytes)
Event: 39.111 Thread 0x000001aca3619a90 nmethod 24359 0x000001ac8b8c7c10 code [0x000001ac8b8c7de0, 0x000001ac8b8c8168]
Event: 39.111 Thread 0x000001aca3619a90 24354       1       org.jetbrains.org.objectweb.asm.tree.analysis.Frame::getStackSize (5 bytes)
Event: 39.111 Thread 0x000001aca3619a90 nmethod 24354 0x000001ac91371e10 code [0x000001ac91371fa0, 0x000001ac91372078]
Event: 39.112 Thread 0x000001aca3619a90 24360       3       org.jetbrains.org.objectweb.asm.tree.analysis.Frame::push (97 bytes)
Event: 39.112 Thread 0x000001aca3619a90 nmethod 24360 0x000001ac8cb43490 code [0x000001ac8cb43680, 0x000001ac8cb43c78]
Event: 39.112 Thread 0x000001aca3619a90 24361       3       org.jetbrains.org.objectweb.asm.tree.analysis.Frame::pop (39 bytes)
Event: 39.113 Thread 0x000001aca3619a90 nmethod 24361 0x000001ac8c398990 code [0x000001ac8c398b40, 0x000001ac8c398da8]
Event: 39.113 Thread 0x000001aca3619a90 24365       3       org.jetbrains.org.objectweb.asm.tree.analysis.Frame::<init> (47 bytes)
Event: 39.113 Thread 0x000001aca3619a90 nmethod 24365 0x000001ac8b3a8710 code [0x000001ac8b3a88c0, 0x000001ac8b3a8bf8]
Event: 39.113 Thread 0x000001aca3619a90 24362       3       org.jetbrains.kotlin.codegen.optimization.common.FastAnalyzer::processControlFlowEdge$default (37 bytes)
Event: 39.113 Thread 0x000001aca3619a90 nmethod 24362 0x000001ac8aa96310 code [0x000001ac8aa96500, 0x000001ac8aa96a58]
Event: 39.113 Thread 0x000001aca3619a90 24363       3       org.jetbrains.org.objectweb.asm.tree.analysis.Frame::execute (2125 bytes)

GC Heap History (20 events):
Event: 24.119 GC heap after
{Heap after GC invocations=34 (full 0):
 garbage-first heap   total 319488K, used 147090K [0x0000000703800000, 0x0000000800000000)
  region size 2048K, 2 young (4096K), 2 survivors (4096K)
 Metaspace       used 67092K, committed 67456K, reserved 1114112K
  class space    used 7190K, committed 7360K, reserved 1048576K
}
Event: 25.433 GC heap before
{Heap before GC invocations=34 (full 0):
 garbage-first heap   total 319488K, used 255634K [0x0000000703800000, 0x0000000800000000)
  region size 2048K, 55 young (112640K), 2 survivors (4096K)
 Metaspace       used 67698K, committed 68096K, reserved 1114112K
  class space    used 7233K, committed 7424K, reserved 1048576K
}
Event: 25.458 GC heap after
{Heap after GC invocations=35 (full 0):
 garbage-first heap   total 319488K, used 162623K [0x0000000703800000, 0x0000000800000000)
  region size 2048K, 7 young (14336K), 7 survivors (14336K)
 Metaspace       used 67698K, committed 68096K, reserved 1114112K
  class space    used 7233K, committed 7424K, reserved 1048576K
}
Event: 26.250 GC heap before
{Heap before GC invocations=36 (full 0):
 garbage-first heap   total 327680K, used 254783K [0x0000000703800000, 0x0000000800000000)
  region size 2048K, 52 young (106496K), 7 survivors (14336K)
 Metaspace       used 67829K, committed 68224K, reserved 1114112K
  class space    used 7236K, committed 7424K, reserved 1048576K
}
Event: 26.282 GC heap after
{Heap after GC invocations=37 (full 0):
 garbage-first heap   total 327680K, used 177445K [0x0000000703800000, 0x0000000800000000)
  region size 2048K, 7 young (14336K), 7 survivors (14336K)
 Metaspace       used 67829K, committed 68224K, reserved 1114112K
  class space    used 7236K, committed 7424K, reserved 1048576K
}
Event: 26.306 GC heap before
{Heap before GC invocations=37 (full 0):
 garbage-first heap   total 327680K, used 179493K [0x0000000703800000, 0x0000000800000000)
  region size 2048K, 8 young (16384K), 7 survivors (14336K)
 Metaspace       used 67829K, committed 68224K, reserved 1114112K
  class space    used 7236K, committed 7424K, reserved 1048576K
}
Event: 26.330 GC heap after
{Heap after GC invocations=38 (full 0):
 garbage-first heap   total 509952K, used 178170K [0x0000000703800000, 0x0000000800000000)
  region size 2048K, 1 young (2048K), 1 survivors (2048K)
 Metaspace       used 67829K, committed 68224K, reserved 1114112K
  class space    used 7236K, committed 7424K, reserved 1048576K
}
Event: 30.034 GC heap before
{Heap before GC invocations=38 (full 0):
 garbage-first heap   total 509952K, used 393210K [0x0000000703800000, 0x0000000800000000)
  region size 2048K, 106 young (217088K), 1 survivors (2048K)
 Metaspace       used 75782K, committed 76160K, reserved 1179648K
  class space    used 7895K, committed 8064K, reserved 1048576K
}
Event: 30.076 GC heap after
{Heap after GC invocations=39 (full 0):
 garbage-first heap   total 509952K, used 217819K [0x0000000703800000, 0x0000000800000000)
  region size 2048K, 14 young (28672K), 14 survivors (28672K)
 Metaspace       used 75782K, committed 76160K, reserved 1179648K
  class space    used 7895K, committed 8064K, reserved 1048576K
}
Event: 31.248 GC heap before
{Heap before GC invocations=39 (full 0):
 garbage-first heap   total 509952K, used 379611K [0x0000000703800000, 0x0000000800000000)
  region size 2048K, 93 young (190464K), 14 survivors (28672K)
 Metaspace       used 76063K, committed 76416K, reserved 1179648K
  class space    used 7909K, committed 8064K, reserved 1048576K
}
Event: 31.315 GC heap after
{Heap after GC invocations=40 (full 0):
 garbage-first heap   total 509952K, used 256937K [0x0000000703800000, 0x0000000800000000)
  region size 2048K, 12 young (24576K), 12 survivors (24576K)
 Metaspace       used 76063K, committed 76416K, reserved 1179648K
  class space    used 7909K, committed 8064K, reserved 1048576K
}
Event: 32.985 GC heap before
{Heap before GC invocations=40 (full 0):
 garbage-first heap   total 509952K, used 390057K [0x0000000703800000, 0x0000000800000000)
  region size 2048K, 76 young (155648K), 12 survivors (24576K)
 Metaspace       used 79583K, committed 79872K, reserved 1179648K
  class space    used 8242K, committed 8384K, reserved 1048576K
}
Event: 33.034 GC heap after
{Heap after GC invocations=41 (full 0):
 garbage-first heap   total 509952K, used 279390K [0x0000000703800000, 0x0000000800000000)
  region size 2048K, 9 young (18432K), 9 survivors (18432K)
 Metaspace       used 79583K, committed 79872K, reserved 1179648K
  class space    used 8242K, committed 8384K, reserved 1048576K
}
Event: 35.224 GC heap before
{Heap before GC invocations=41 (full 0):
 garbage-first heap   total 509952K, used 400222K [0x0000000703800000, 0x0000000800000000)
  region size 2048K, 68 young (139264K), 9 survivors (18432K)
 Metaspace       used 84150K, committed 84480K, reserved 1179648K
  class space    used 8682K, committed 8832K, reserved 1048576K
}
Event: 35.257 GC heap after
{Heap after GC invocations=42 (full 0):
 garbage-first heap   total 509952K, used 285053K [0x0000000703800000, 0x0000000800000000)
  region size 2048K, 4 young (8192K), 4 survivors (8192K)
 Metaspace       used 84150K, committed 84480K, reserved 1179648K
  class space    used 8682K, committed 8832K, reserved 1048576K
}
Event: 36.674 GC heap before
{Heap before GC invocations=42 (full 0):
 garbage-first heap   total 509952K, used 407933K [0x0000000703800000, 0x0000000800000000)
  region size 2048K, 64 young (131072K), 4 survivors (8192K)
 Metaspace       used 84895K, committed 85248K, reserved 1179648K
  class space    used 8720K, committed 8896K, reserved 1048576K
}
Event: 36.692 GC heap after
{Heap after GC invocations=43 (full 0):
 garbage-first heap   total 509952K, used 288320K [0x0000000703800000, 0x0000000800000000)
  region size 2048K, 5 young (10240K), 5 survivors (10240K)
 Metaspace       used 84895K, committed 85248K, reserved 1179648K
  class space    used 8720K, committed 8896K, reserved 1048576K
}
Event: 37.748 GC heap before
{Heap before GC invocations=43 (full 0):
 garbage-first heap   total 509952K, used 415296K [0x0000000703800000, 0x0000000800000000)
  region size 2048K, 67 young (137216K), 5 survivors (10240K)
 Metaspace       used 85719K, committed 86208K, reserved 1179648K
  class space    used 8791K, committed 9024K, reserved 1048576K
}
Event: 37.772 GC heap after
{Heap after GC invocations=44 (full 0):
 garbage-first heap   total 509952K, used 292032K [0x0000000703800000, 0x0000000800000000)
  region size 2048K, 7 young (14336K), 7 survivors (14336K)
 Metaspace       used 85719K, committed 86208K, reserved 1179648K
  class space    used 8791K, committed 9024K, reserved 1048576K
}
Event: 39.114 GC heap before
{Heap before GC invocations=44 (full 0):
 garbage-first heap   total 509952K, used 421056K [0x0000000703800000, 0x0000000800000000)
  region size 2048K, 70 young (143360K), 7 survivors (14336K)
 Metaspace       used 89162K, committed 89600K, reserved 1179648K
  class space    used 9093K, committed 9280K, reserved 1048576K
}

Deoptimization events (20 events):
Event: 38.875 Thread 0x000001acff55a6a0 Uncommon trap: trap_request=0xffffff45 fr.pc=0x000001ac90c34a5c relative=0x000000000000005c
Event: 38.875 Thread 0x000001acff55a6a0 Uncommon trap: reason=unstable_if action=reinterpret pc=0x000001ac90c34a5c method=org.jetbrains.org.objectweb.asm.MethodVisitor.visitEnd()V @ 4 c2
Event: 38.875 Thread 0x000001acff55a6a0 DEOPT PACKING pc=0x000001ac90c34a5c sp=0x00000066c31fde80
Event: 38.875 Thread 0x000001acff55a6a0 DEOPT UNPACKING pc=0x000001ac901823a3 sp=0x00000066c31fde20 mode 2
Event: 39.020 Thread 0x000001acff55a6a0 Uncommon trap: trap_request=0xffffffde fr.pc=0x000001ac90e02d38 relative=0x0000000000000098
Event: 39.020 Thread 0x000001acff55a6a0 Uncommon trap: reason=class_check action=maybe_recompile pc=0x000001ac90e02d38 method=org.jetbrains.kotlin.util.AbstractArrayMapOwner.isEmpty()Z @ 1 c2
Event: 39.020 Thread 0x000001acff55a6a0 DEOPT PACKING pc=0x000001ac90e02d38 sp=0x00000066c31fccd0
Event: 39.020 Thread 0x000001acff55a6a0 DEOPT UNPACKING pc=0x000001ac901823a3 sp=0x00000066c31fcc60 mode 2
Event: 39.021 Thread 0x000001acff55a6a0 Uncommon trap: trap_request=0xffffffde fr.pc=0x000001ac90e02d38 relative=0x0000000000000098
Event: 39.021 Thread 0x000001acff55a6a0 Uncommon trap: reason=class_check action=maybe_recompile pc=0x000001ac90e02d38 method=org.jetbrains.kotlin.util.AbstractArrayMapOwner.isEmpty()Z @ 1 c2
Event: 39.021 Thread 0x000001acff55a6a0 DEOPT PACKING pc=0x000001ac90e02d38 sp=0x00000066c31fcd80
Event: 39.021 Thread 0x000001acff55a6a0 DEOPT UNPACKING pc=0x000001ac901823a3 sp=0x00000066c31fcd10 mode 2
Event: 39.058 Thread 0x000001acff55a6a0 Uncommon trap: trap_request=0xffffffde fr.pc=0x000001ac90e02d38 relative=0x0000000000000098
Event: 39.058 Thread 0x000001acff55a6a0 Uncommon trap: reason=class_check action=maybe_recompile pc=0x000001ac90e02d38 method=org.jetbrains.kotlin.util.AbstractArrayMapOwner.isEmpty()Z @ 1 c2
Event: 39.058 Thread 0x000001acff55a6a0 DEOPT PACKING pc=0x000001ac90e02d38 sp=0x00000066c31fccd0
Event: 39.059 Thread 0x000001acff55a6a0 DEOPT UNPACKING pc=0x000001ac901823a3 sp=0x00000066c31fcc60 mode 2
Event: 39.059 Thread 0x000001acff55a6a0 Uncommon trap: trap_request=0xffffffde fr.pc=0x000001ac90e02d38 relative=0x0000000000000098
Event: 39.059 Thread 0x000001acff55a6a0 Uncommon trap: reason=class_check action=maybe_recompile pc=0x000001ac90e02d38 method=org.jetbrains.kotlin.util.AbstractArrayMapOwner.isEmpty()Z @ 1 c2
Event: 39.059 Thread 0x000001acff55a6a0 DEOPT PACKING pc=0x000001ac90e02d38 sp=0x00000066c31fcd80
Event: 39.059 Thread 0x000001acff55a6a0 DEOPT UNPACKING pc=0x000001ac901823a3 sp=0x00000066c31fcd10 mode 2

Classes unloaded (0 events):
No events

Classes redefined (0 events):
No events

Internal exceptions (20 events):
Event: 32.792 Thread 0x000001acff55a6a0 Exception <a 'java/lang/NoSuchMethodError'{0x000000071b325260}: 'java.lang.Object java.lang.invoke.DirectMethodHandle$Holder.invokeSpecial(java.lang.Object, java.lang.Object, int, java.lang.Object, int)'> (0x000000071b325260) 
thrown [s\open\src\hotspot\share\interpreter\linkResolver.cpp, line 759]
Event: 33.517 Thread 0x000001acff55a6a0 Exception <a 'java/lang/NoSuchMethodError'{0x0000000721958800}: 'java.lang.Object java.lang.invoke.Invokers$Holder.invoker(java.lang.Object, java.lang.Object, java.lang.Object)'> (0x0000000721958800) 
thrown [s\open\src\hotspot\share\interpreter\linkResolver.cpp, line 759]
Event: 33.521 Thread 0x000001acff55a6a0 Exception <a 'java/lang/NoSuchMethodError'{0x0000000721961cc0}: 'void java.lang.invoke.DirectMethodHandle$Holder.invokeStatic(java.lang.Object, java.lang.Object, int, java.lang.Object)'> (0x0000000721961cc0) 
thrown [s\open\src\hotspot\share\interpreter\linkResolver.cpp, line 759]
Event: 33.522 Thread 0x000001acff55a6a0 Exception <a 'java/lang/NoSuchMethodError'{0x00000007219693b0}: 'void java.lang.invoke.DelegatingMethodHandle$Holder.delegate(java.lang.Object, java.lang.Object, int, java.lang.Object)'> (0x00000007219693b0) 
thrown [s\open\src\hotspot\share\interpreter\linkResolver.cpp, line 759]
Event: 33.525 Thread 0x000001acff55a6a0 Exception <a 'java/lang/NoSuchMethodError'{0x0000000721978ed0}: 'java.lang.Object java.lang.invoke.Invokers$Holder.invokeExact_MT(java.lang.Object, java.lang.Object, java.lang.Object, java.lang.Object)'> (0x0000000721978ed0) 
thrown [s\open\src\hotspot\share\interpreter\linkResolver.cpp, line 759]
Event: 33.987 Thread 0x000001acff55a6a0 Implicit null exception at 0x000001ac91255cd2 to 0x000001ac91255d79
Event: 34.017 Thread 0x000001acff55a6a0 Exception <a 'java/lang/NoSuchMethodError'{0x00000007209be7b8}: 'java.lang.Object java.lang.invoke.DirectMethodHandle$Holder.invokeStatic(java.lang.Object, java.lang.Object, int, java.lang.Object)'> (0x00000007209be7b8) 
thrown [s\open\src\hotspot\share\interpreter\linkResolver.cpp, line 759]
Event: 34.608 Thread 0x000001acff55a6a0 Exception <a 'java/lang/NoSuchMethodError'{0x000000071de11708}: 'java.lang.Object java.lang.invoke.DirectMethodHandle$Holder.invokeStatic(java.lang.Object, java.lang.Object, java.lang.Object, java.lang.Object, int, java.lang.Object)'> (0x000000071de11708) 
thrown [s\open\src\hotspot\share\interpreter\linkResolver.cpp, line 759]
Event: 34.608 Thread 0x000001acff55a6a0 Exception <a 'java/lang/NoSuchMethodError'{0x000000071de1b148}: 'java.lang.Object java.lang.invoke.DirectMethodHandle$Holder.newInvokeSpecial(java.lang.Object, java.lang.Object, java.lang.Object, java.lang.Object, int, java.lang.Object)'> (0x000000071de1b148) 
thrown [s\open\src\hotspot\share\interpreter\linkResolver.cpp, line 759]
Event: 34.609 Thread 0x000001acff55a6a0 Exception <a 'java/lang/NoSuchMethodError'{0x000000071de1f760}: 'java.lang.Object java.lang.invoke.DirectMethodHandle$Holder.invokeSpecial(java.lang.Object, java.lang.Object, java.lang.Object, java.lang.Object, java.lang.Object, int, java.lang.Object)'> (0x000000071de1f760) 
thrown [s\open\src\hotspot\share\interpreter\linkResolver.cpp, line 759]
Event: 34.609 Thread 0x000001acff55a6a0 Exception <a 'java/lang/NoSuchMethodError'{0x000000071de235e0}: 'java.lang.Object java.lang.invoke.Invokers$Holder.linkToTargetMethod(java.lang.Object, java.lang.Object, java.lang.Object, int, java.lang.Object, java.lang.Object)'> (0x000000071de235e0) 
thrown [s\open\src\hotspot\share\interpreter\linkResolver.cpp, line 759]
Event: 34.612 Thread 0x000001acff55a6a0 Exception <a 'java/lang/NoSuchMethodError'{0x000000071de3cee8}: 'java.lang.Object java.lang.invoke.DirectMethodHandle$Holder.newInvokeSpecial(java.lang.Object, java.lang.Object, java.lang.Object, java.lang.Object, java.lang.Object, int, int)'> (0x000000071de3cee8) 
thrown [s\open\src\hotspot\share\interpreter\linkResolver.cpp, line 759]
Event: 34.612 Thread 0x000001acff55a6a0 Exception <a 'java/lang/NoSuchMethodError'{0x000000071de44e70}: 'java.lang.Object java.lang.invoke.Invokers$Holder.linkToTargetMethod(java.lang.Object, java.lang.Object, java.lang.Object, java.lang.Object, int, int, java.lang.Object)'> (0x000000071de44e70) 
thrown [s\open\src\hotspot\share\interpreter\linkResolver.cpp, line 759]
Event: 34.678 Thread 0x000001acff55a6a0 Exception <a 'java/lang/NoSuchMethodError'{0x000000071dac5918}: 'java.lang.Object java.lang.invoke.DirectMethodHandle$Holder.invokeStaticInit(java.lang.Object, java.lang.Object, int, java.lang.Object)'> (0x000000071dac5918) 
thrown [s\open\src\hotspot\share\interpreter\linkResolver.cpp, line 759]
Event: 34.812 Thread 0x000001acff55a6a0 Exception <a 'java/lang/NoSuchMethodError'{0x000000071d531608}: 'java.lang.Object java.lang.invoke.DirectMethodHandle$Holder.newInvokeSpecial(java.lang.Object, java.lang.Object, java.lang.Object, java.lang.Object, int, int, int, java.lang.Object)'> (0x000000071d531608) 
thrown [s\open\src\hotspot\share\interpreter\linkResolver.cpp, line 759]
Event: 35.565 Thread 0x000001acff55a6a0 Exception <a 'java/lang/NoSuchMethodError'{0x0000000720c9a5d0}: 'java.lang.Object java.lang.invoke.DirectMethodHandle$Holder.newInvokeSpecial(java.lang.Object, java.lang.Object, java.lang.Object, java.lang.Object, java.lang.Object, java.lang.Object, java.lang.Object, java.lang.Object)'> (0x0000000720c9a5d0) 
thrown [s\open\src\hotspot\share\interpreter\linkResolver.cpp, line 759]
Event: 35.566 Thread 0x000001acff55a6a0 Exception <a 'java/lang/NoSuchMethodError'{0x0000000720c9f7e0}: 'java.lang.Object java.lang.invoke.DirectMethodHandle$Holder.invokeSpecial(java.lang.Object, java.lang.Object, java.lang.Object, java.lang.Object, java.lang.Object, java.lang.Object, java.lang.Object, java.lang.Object, java.lang.Object)'> (0x0000000720c9f7e0) 
thrown [s\open\src\hotspot\share\interpreter\linkResolver.cpp, line 759]
Event: 35.566 Thread 0x000001acff55a6a0 Exception <a 'java/lang/NoSuchMethodError'{0x0000000720ca4398}: 'java.lang.Object java.lang.invoke.Invokers$Holder.linkToTargetMethod(java.lang.Object, java.lang.Object, java.lang.Object, java.lang.Object, java.lang.Object, java.lang.Object, java.lang.Object, java.lang.Object)'> (0x0000000720ca4398) 
thrown [s\open\src\hotspot\share\interpreter\linkResolver.cpp, line 759]
Event: 35.709 Thread 0x000001acff55a6a0 Implicit null exception at 0x000001ac90e49fa0 to 0x000001ac90e4a040
Event: 38.911 Thread 0x000001acff55a6a0 Exception <a 'java/lang/NoSuchMethodError'{0x000000071b2041d8}: 'java.lang.Object java.lang.invoke.DirectMethodHandle$Holder.invokeStatic(java.lang.Object, int, int)'> (0x000000071b2041d8) 
thrown [s\open\src\hotspot\share\interpreter\linkResolver.cpp, line 759]

VM Operations (20 events):
Event: 38.645 Executing VM operation: ICBufferFull done
Event: 38.812 Executing VM operation: HandshakeAllThreads
Event: 38.812 Executing VM operation: HandshakeAllThreads done
Event: 38.813 Executing VM operation: HandshakeAllThreads
Event: 38.813 Executing VM operation: HandshakeAllThreads done
Event: 38.827 Executing VM operation: HandshakeAllThreads
Event: 38.827 Executing VM operation: HandshakeAllThreads done
Event: 38.839 Executing VM operation: HandshakeAllThreads
Event: 38.839 Executing VM operation: HandshakeAllThreads done
Event: 38.875 Executing VM operation: HandshakeAllThreads
Event: 38.875 Executing VM operation: HandshakeAllThreads done
Event: 38.920 Executing VM operation: HandshakeAllThreads
Event: 38.920 Executing VM operation: HandshakeAllThreads done
Event: 38.935 Executing VM operation: HandshakeAllThreads
Event: 38.935 Executing VM operation: HandshakeAllThreads done
Event: 39.010 Executing VM operation: HandshakeAllThreads
Event: 39.010 Executing VM operation: HandshakeAllThreads done
Event: 39.019 Executing VM operation: HandshakeAllThreads
Event: 39.019 Executing VM operation: HandshakeAllThreads done
Event: 39.114 Executing VM operation: G1CollectForAllocation

Events (20 events):
Event: 39.013 Thread 0x000001aca361f3d0 flushing nmethod 0x000001ac8ca8ab10
Event: 39.013 Thread 0x000001aca361f3d0 flushing nmethod 0x000001ac8ca8d510
Event: 39.013 Thread 0x000001aca361f3d0 flushing nmethod 0x000001ac8ca8e710
Event: 39.013 Thread 0x000001aca361f3d0 flushing nmethod 0x000001ac8ca95090
Event: 39.013 Thread 0x000001aca361f3d0 flushing nmethod 0x000001ac8caa7a90
Event: 39.013 Thread 0x000001aca361f3d0 flushing nmethod 0x000001ac8caa8190
Event: 39.013 Thread 0x000001aca361f3d0 flushing nmethod 0x000001ac8cac4990
Event: 39.013 Thread 0x000001aca361f3d0 flushing nmethod 0x000001ac8cae2e10
Event: 39.013 Thread 0x000001aca361f3d0 flushing nmethod 0x000001ac8cae4810
Event: 39.013 Thread 0x000001aca361f3d0 flushing nmethod 0x000001ac8cae7290
Event: 39.013 Thread 0x000001aca361f3d0 flushing nmethod 0x000001ac8caec090
Event: 39.014 Thread 0x000001aca361f3d0 flushing nmethod 0x000001ac8cb49a90
Event: 39.014 Thread 0x000001aca361f3d0 flushing nmethod 0x000001ac8cb4ee10
Event: 39.014 Thread 0x000001aca361f3d0 flushing nmethod 0x000001ac8cb62990
Event: 39.014 Thread 0x000001aca361f3d0 flushing nmethod 0x000001ac8cb65c90
Event: 39.014 Thread 0x000001aca361f3d0 flushing nmethod 0x000001ac8cba0610
Event: 39.017 Thread 0x000001aca361f3d0 flushing nmethod 0x000001ac8cd8d310
Event: 39.017 Thread 0x000001aca361f3d0 flushing nmethod 0x000001ac8cd9b310
Event: 39.055 loading class java/util/Vector$Itr
Event: 39.056 loading class java/util/Vector$Itr done


Dynamic libraries:
0x00007ff709ea0000 - 0x00007ff709eb0000 	C:\Program Files\Java\jdk-17\bin\java.exe
0x00007ffe54170000 - 0x00007ffe54368000 	C:\Windows\SYSTEM32\ntdll.dll
0x00007ffe53490000 - 0x00007ffe53552000 	C:\Windows\System32\KERNEL32.DLL
0x00007ffe51bf0000 - 0x00007ffe51ee6000 	C:\Windows\System32\KERNELBASE.dll
0x00007ffe51ef0000 - 0x00007ffe51ff0000 	C:\Windows\System32\ucrtbase.dll
0x00007ffe0ebc0000 - 0x00007ffe0ebdb000 	C:\Program Files\Java\jdk-17\bin\VCRUNTIME140.dll
0x00007ffe0eba0000 - 0x00007ffe0ebb9000 	C:\Program Files\Java\jdk-17\bin\jli.dll
0x00007ffe53800000 - 0x00007ffe538b1000 	C:\Windows\System32\ADVAPI32.dll
0x00007ffe52fb0000 - 0x00007ffe5304e000 	C:\Windows\System32\msvcrt.dll
0x00007ffe53e90000 - 0x00007ffe53f2f000 	C:\Windows\System32\sechost.dll
0x00007ffe525d0000 - 0x00007ffe526f0000 	C:\Windows\System32\RPCRT4.dll
0x00007ffe51bc0000 - 0x00007ffe51be7000 	C:\Windows\System32\bcrypt.dll
0x00007ffe532e0000 - 0x00007ffe53481000 	C:\Windows\System32\USER32.dll
0x00007ffe52110000 - 0x00007ffe52132000 	C:\Windows\System32\win32u.dll
0x00007ffe52f80000 - 0x00007ffe52fab000 	C:\Windows\System32\GDI32.dll
0x00007ffe34d00000 - 0x00007ffe34f9b000 	C:\Windows\WinSxS\amd64_microsoft.windows.common-controls_6595b64144ccf1df_6.0.19041.6456_none_60b8a6cb71f64256\COMCTL32.dll
0x00007ffe51aa0000 - 0x00007ffe51bb9000 	C:\Windows\System32\gdi32full.dll
0x00007ffe52070000 - 0x00007ffe5210d000 	C:\Windows\System32\msvcp_win.dll
0x00007ffe48ec0000 - 0x00007ffe48eca000 	C:\Windows\SYSTEM32\VERSION.dll
0x00007ffe52240000 - 0x00007ffe5226f000 	C:\Windows\System32\IMM32.DLL
0x00007ffde9e80000 - 0x00007ffde9e8c000 	C:\Program Files\Java\jdk-17\bin\vcruntime140_1.dll
0x00007ffda0c10000 - 0x00007ffda0c9e000 	C:\Program Files\Java\jdk-17\bin\msvcp140.dll
0x00007ffda0030000 - 0x00007ffda0c10000 	C:\Program Files\Java\jdk-17\bin\server\jvm.dll
0x00007ffe53da0000 - 0x00007ffe53da8000 	C:\Windows\System32\PSAPI.DLL
0x00007ffe34930000 - 0x00007ffe34939000 	C:\Windows\SYSTEM32\WSOCK32.dll
0x00007ffe53d30000 - 0x00007ffe53d9b000 	C:\Windows\System32\WS2_32.dll
0x00007ffe39eb0000 - 0x00007ffe39ed7000 	C:\Windows\SYSTEM32\WINMM.dll
0x00007ffe4f7f0000 - 0x00007ffe4f802000 	C:\Windows\SYSTEM32\kernel.appcore.dll
0x00007ffde95c0000 - 0x00007ffde95ca000 	C:\Program Files\Java\jdk-17\bin\jimage.dll
0x00007ffe4eef0000 - 0x00007ffe4f0f1000 	C:\Windows\SYSTEM32\DBGHELP.DLL
0x00007ffe35750000 - 0x00007ffe35784000 	C:\Windows\SYSTEM32\dbgcore.DLL
0x00007ffe51a10000 - 0x00007ffe51a92000 	C:\Windows\System32\bcryptPrimitives.dll
0x00007ffda0000000 - 0x00007ffda0025000 	C:\Program Files\Java\jdk-17\bin\java.dll
0x00007ffd9ff20000 - 0x00007ffd9fff7000 	C:\Program Files\Java\jdk-17\bin\jsvml.dll
0x00007ffe526f0000 - 0x00007ffe52e60000 	C:\Windows\System32\SHELL32.dll
0x00007ffe4f830000 - 0x00007ffe4ffd5000 	C:\Windows\SYSTEM32\windows.storage.dll
0x00007ffe52270000 - 0x00007ffe525c4000 	C:\Windows\System32\combase.dll
0x00007ffe51140000 - 0x00007ffe5116b000 	C:\Windows\SYSTEM32\Wldp.dll
0x00007ffe53f30000 - 0x00007ffe53ffd000 	C:\Windows\System32\OLEAUT32.dll
0x00007ffe53230000 - 0x00007ffe532dd000 	C:\Windows\System32\SHCORE.dll
0x00007ffe53110000 - 0x00007ffe5316b000 	C:\Windows\System32\shlwapi.dll
0x00007ffe51730000 - 0x00007ffe51754000 	C:\Windows\SYSTEM32\profapi.dll
0x00007ffd9ff00000 - 0x00007ffd9ff19000 	C:\Program Files\Java\jdk-17\bin\net.dll
0x00007ffe4d650000 - 0x00007ffe4d75a000 	C:\Windows\SYSTEM32\WINHTTP.dll
0x00007ffe50f30000 - 0x00007ffe50f9a000 	C:\Windows\system32\mswsock.dll
0x00007ffd9fee0000 - 0x00007ffd9fef6000 	C:\Program Files\Java\jdk-17\bin\nio.dll
0x00007ffd9fec0000 - 0x00007ffd9fed8000 	C:\Program Files\Java\jdk-17\bin\zip.dll
0x00007ffddadb0000 - 0x00007ffddadba000 	C:\Program Files\Java\jdk-17\bin\management.dll
0x00007ffdd94d0000 - 0x00007ffdd94db000 	C:\Program Files\Java\jdk-17\bin\management_ext.dll
0x00007ffdd9400000 - 0x00007ffdd9410000 	C:\Program Files\Java\jdk-17\bin\verify.dll

dbghelp: loaded successfully - version: 4.0.5 - missing functions: none
symbol engine: initialized successfully - sym options: 0x614 - pdb path: .;C:\Program Files\Java\jdk-17\bin;C:\Windows\SYSTEM32;C:\Windows\WinSxS\amd64_microsoft.windows.common-controls_6595b64144ccf1df_6.0.19041.6456_none_60b8a6cb71f64256;C:\Program Files\Java\jdk-17\bin\server

VM Arguments:
java_command: org.jetbrains.kotlin.cli.jvm.K2JVMCompiler @D:\Projects\myproj\myproj\ClientNest\node_modules\react-native-screens\android\build\20260926_13419615049128126400.compiler.options
java_class_path (initial): C:\Users\hp\.gradle\caches\modules-2\files-2.1\org.jetbrains.kotlin\kotlin-compiler-embeddable\2.2.10\6882d39ef03b18879c1a5d2a83c2212361bed5fe\kotlin-compiler-embeddable-2.2.10.jar;C:\Users\hp\.gradle\caches\modules-2\files-2.1\org.jetbrains.kotlin\kotlin-stdlib\2.2.10\30de6faa127a4a012db8e71bf1b9c0a99b1402b2\kotlin-stdlib-2.2.10.jar;C:\Users\hp\.gradle\caches\modules-2\files-2.1\org.jetbrains.kotlin\kotlin-script-runtime\2.2.10\712f9bc08f378c13a4a00f0bbb28c76e59183e83\kotlin-script-runtime-2.2.10.jar;C:\Users\hp\.gradle\caches\modules-2\files-2.1\org.jetbrains.kotlin\kotlin-reflect\1.6.10\1cbe9c92c12a94eea200d23c2bbaedaf3daf5132\kotlin-reflect-1.6.10.jar;C:\Users\hp\.gradle\caches\modules-2\files-2.1\org.jetbrains.kotlin\kotlin-daemon-embeddable\2.2.10\212fd3c2c6e4e5d0f4db3c4191233e2b622380cc\kotlin-daemon-embeddable-2.2.10.jar;C:\Users\hp\.gradle\caches\modules-2\files-2.1\org.jetbrains.kotlinx\kotlinx-coroutines-core-jvm\1.8.0\ac1dc37a30a93150b704022f8d895ee1bd3a36b3\kotlinx-coroutines-core-jvm-1.8.0.jar;C:\Users\hp\.gradle\caches\modules-2\files-2.1\org.jetbrains\annotations\13.0\919f0dfe192fb4e063e7dacadee7f8bb9a2672a9\annotations-13.0.jar
Launcher Type: SUN_STANDARD

[Global flags]
     intx CICompilerCount                          = 4                                         {product} {ergonomic}
     uint ConcGCThreads                            = 2                                         {product} {ergonomic}
     uint G1ConcRefinementThreads                  = 8                                         {product} {ergonomic}
   size_t G1HeapRegionSize                         = 2097152                                   {product} {ergonomic}
    uintx GCDrainStackTargetSize                   = 64                                        {product} {ergonomic}
   size_t InitialHeapSize                          = 266338304                                 {product} {ergonomic}
   size_t MarkStackSize                            = 4194304                                   {product} {ergonomic}
   size_t MaxHeapSize                              = 4236247040                                {product} {ergonomic}
   size_t MaxNewSize                               = 2541748224                                {product} {ergonomic}
   size_t MinHeapDeltaBytes                        = 2097152                                   {product} {ergonomic}
   size_t MinHeapSize                              = 8388608                                   {product} {ergonomic}
    uintx NonNMethodCodeHeapSize                   = 5839372                                {pd product} {ergonomic}
    uintx NonProfiledCodeHeapSize                  = 122909434                              {pd product} {ergonomic}
    uintx ProfiledCodeHeapSize                     = 122909434                              {pd product} {ergonomic}
    uintx ReservedCodeCacheSize                    = 251658240                              {pd product} {ergonomic}
     bool SegmentedCodeCache                       = true                                      {product} {ergonomic}
   size_t SoftMaxHeapSize                          = 4236247040                             {manageable} {ergonomic}
     bool UseCompressedClassPointers               = true                           {product lp64_product} {ergonomic}
     bool UseCompressedOops                        = true                           {product lp64_product} {ergonomic}
     bool UseG1GC                                  = true                                      {product} {ergonomic}
     bool UseLargePagesIndividualAllocation        = false                                  {pd product} {ergonomic}

Logging:
Log output configuration:
 #0: stdout all=warning uptime,level,tags
 #1: stderr all=off uptime,level,tags

Environment Variables:
JAVA_HOME=C:\Program Files\Java\jdk-17
PATH=D:\Projects\myproj\myproj\ClientNest\node_modules\.bin;D:\Projects\myproj\myproj\ClientNest\node_modules\.bin;D:\Projects\myproj\myproj\node_modules\.bin;D:\Projects\myproj\node_modules\.bin;D:\Projects\node_modules\.bin;D:\node_modules\.bin;C:\Users\hp\AppData\Local\nvm\v20.17.0\node_modules\npm\node_modules\@npmcli\run-script\lib\node-gyp-bin;C:\Program Files\Common Files\Oracle\Java\javapath;C:\Windows\system32;C:\Windows;C:\Windows\System32\Wbem;C:\Windows\System32\WindowsPowerShell\v1.0\;C:\Windows\System32\OpenSSH\;C:\Users\hp\AppData\Local\nvm;C:\nvm4w\nodejs;C:\Program Files\Git\cmd;D:\xampp\php;C:\ProgramData\ComposerSetup\bin;C:\Program Files\GitHub CLI\;C:\Users\hp\AppData\Local\Microsoft\WindowsApps;C:\Users\hp\AppData\Local\nvm;C:\nvm4w\nodejs;C:\Users\hp\AppData\Local\Android\Sdk\emulator;C:\Users\hp\AppData\Local\Android\Sdk\platform-tools;C:\Users\hp\AppData\Local\Android\Sdk\tools;C:\Users\hp\AppData\Local\Android\Sdk\tools\bin;C:\Users\hp\AppData\Local\Programs\Microsoft VS Code\bin;C:\Program Files\Java\jdk-11.0.31\bin;C:\Users\hp\AppData\Roaming\Composer\vendor\bin;D:\Users\hp\AppData\Local\Programs\Antigravity IDE\bin;
USERNAME=Munir
LANG=en_US.UTF-8
OS=Windows_NT
PROCESSOR_IDENTIFIER=Intel64 Family 6 Model 142 Stepping 12, GenuineIntel



---------------  S Y S T E M  ---------------

OS:
 Windows 10 , 64 bit Build 19041 (10.0.19041.5915)
OS uptime: 0 days 0:36 hours
Hyper-V role detected

CPU: total 8 (initial active 8) (4 cores per cpu, 2 threads per core) family 6 model 142 stepping 12 microcode 0x100, cx8, cmov, fxsr, ht, mmx, 3dnowpref, sse, sse2, sse3, ssse3, sse4.1, sse4.2, popcnt, lzcnt, tsc, tscinvbit, avx, avx2, aes, erms, clmul, bmi1, bmi2, adx, fma, vzeroupper, clflush, clflushopt, hv

Memory: 4k page, system-wide physical 16157M (2546M free)
TotalPageFile size 18284M (AvailPageFile size 373M)
current process WorkingSet (physical memory assigned to process): 816M, peak: 822M
current process commit charge ("private bytes"): 862M, peak: 1412M

vm_info: Java HotSpot(TM) 64-Bit Server VM (17.0.12+8-LTS-286) for windows-amd64 JRE (17.0.12+8-LTS-286), built on Jun  5 2024 06:46:59 by "mach5one" with MS VC++ 17.6 (VS2022)

END.
