#
# There is insufficient memory for the Java Runtime Environment to continue.
# Native memory allocation (malloc) failed to allocate 32744 bytes for ChunkPool::allocate
# Possible reasons:
#   The system is out of physical RAM or swap space
#   The process is running with CompressedOops enabled, and the Java Heap may be blocking the growth of the native heap
# Possible solutions:
#   Reduce memory load on the system
#   Increase physical memory or swap space
#   Check if swap backing store is full
#   Decrease Java heap size (-Xmx/-Xms)
#   Decrease number of Java threads
#   Decrease Java thread stack sizes (-Xss)
#   Set larger code cache with -XX:ReservedCodeCacheSize=
#   JVM is running with Unscaled Compressed Oops mode in which the Java heap is
#     placed in the first 4GB address space. The Java Heap base address is the
#     maximum limit for the native heap growth. Please use -XX:HeapBaseMinAddress
#     to set the Java Heap base and to place the Java Heap above 4GB virtual address.
# This output file may be truncated or incomplete.
#
#  Out of Memory Error (arena.cpp:78), pid=13652, tid=18364
#
# JRE version: Java(TM) SE Runtime Environment (17.0.12+8) (build 17.0.12+8-LTS-286)
# Java VM: Java HotSpot(TM) 64-Bit Server VM (17.0.12+8-LTS-286, mixed mode, sharing, tiered, compressed oops, compressed class ptrs, g1 gc, windows-amd64)
# No core dump will be written. Minidumps are not enabled by default on client versions of Windows
#

---------------  S U M M A R Y ------------

Command Line: -Xmx64m -Xms64m -Dorg.gradle.appname=gradlew D:\Projects\myproj\myproj\klyenora\android\\gradle\wrapper\gradle-wrapper.jar app:installDebug -PreactNativeDevServerPort=8082

Host: Intel(R) Core(TM) i5-10310U CPU @ 1.70GHz, 8 cores, 15G,  Windows 10 , 64 bit Build 19041 (10.0.19041.5915)
Time: Fri Oct  9 14:45:14 2026 India Standard Time elapsed time: 58.243542 seconds (0d 0h 0m 58s)

---------------  T H R E A D  ---------------

Current thread (0x00000185e4d712b0):  JavaThread "pool-1-thread-1" [_thread_in_vm, id=18364, stack(0x000000256c100000,0x000000256c200000)]

Stack: [0x000000256c100000,0x000000256c200000]
Native frames: (J=compiled Java code, j=interpreted, Vv=VM code, C=native code)
V  [jvm.dll+0x67a04a]
V  [jvm.dll+0x7da4ed]
V  [jvm.dll+0x7dbe33]
V  [jvm.dll+0x7dc4a3]
V  [jvm.dll+0x24508f]
V  [jvm.dll+0xab9a4]
V  [jvm.dll+0xabd3c]
V  [jvm.dll+0x243943]
V  [jvm.dll+0x380729]
C  0x0000018593fce94a

Java frames: (J=compiled Java code, j=interpreted, Vv=VM code)
j  java.lang.invoke.BoundMethodHandle$Species_LLL.copyWithExtendL(Ljava/lang/invoke/MethodType;Ljava/lang/invoke/LambdaForm;Ljava/lang/Object;)Ljava/lang/invoke/BoundMethodHandle;+22 java.base@17.0.12
j  java.lang.invoke.MethodHandles.argumentsWithCombiner(ZLjava/lang/invoke/MethodHandle;ILjava/lang/invoke/MethodHandle;[I)Ljava/lang/invoke/MethodHandle;+122 java.base@17.0.12
j  java.lang.invoke.MethodHandles.foldArgumentsWithCombiner(Ljava/lang/invoke/MethodHandle;ILjava/lang/invoke/MethodHandle;[I)Ljava/lang/invoke/MethodHandle;+5 java.base@17.0.12
j  java.lang.invoke.StringConcatFactory.generateMHInlineCopy(Ljava/lang/invoke/MethodType;Ljava/util/List;)Ljava/lang/invoke/MethodHandle;+444 java.base@17.0.12
j  java.lang.invoke.StringConcatFactory.makeConcatWithConstants(Ljava/lang/invoke/MethodHandles$Lookup;Ljava/lang/String;Ljava/lang/invoke/MethodType;Ljava/lang/String;[Ljava/lang/Object;)Ljava/lang/invoke/CallSite;+220 java.base@17.0.12
j  java.lang.invoke.DirectMethodHandle$Holder.invokeStatic(Ljava/lang/Object;Ljava/lang/Object;Ljava/lang/Object;Ljava/lang/Object;Ljava/lang/Object;Ljava/lang/Object;)Ljava/lang/Object;+18 java.base@17.0.12
j  java.lang.invoke.DelegatingMethodHandle$Holder.delegate(Ljava/lang/Object;Ljava/lang/Object;Ljava/lang/Object;Ljava/lang/Object;Ljava/lang/Object;Ljava/lang/Object;)Ljava/lang/Object;+21 java.base@17.0.12
j  java.lang.invoke.Invokers$Holder.invokeExact_MT(Ljava/lang/Object;Ljava/lang/Object;Ljava/lang/Object;Ljava/lang/Object;Ljava/lang/Object;Ljava/lang/Object;Ljava/lang/Object;)Ljava/lang/Object;+26 java.base@17.0.12
j  java.lang.invoke.BootstrapMethodInvoker.invoke(Ljava/lang/Class;Ljava/lang/invoke/MethodHandle;Ljava/lang/String;Ljava/lang/Object;Ljava/lang/Object;Ljava/lang/Class;)Ljava/lang/Object;+157 java.base@17.0.12
j  java.lang.invoke.CallSite.makeSite(Ljava/lang/invoke/MethodHandle;Ljava/lang/String;Ljava/lang/invoke/MethodType;Ljava/lang/Object;Ljava/lang/Class;)Ljava/lang/invoke/CallSite;+8 java.base@17.0.12
j  java.lang.invoke.MethodHandleNatives.linkCallSiteImpl(Ljava/lang/Class;Ljava/lang/invoke/MethodHandle;Ljava/lang/String;Ljava/lang/invoke/MethodType;Ljava/lang/Object;[Ljava/lang/Object;)Ljava/lang/invoke/MemberName;+6 java.base@17.0.12
j  java.lang.invoke.MethodHandleNatives.linkCallSite(Ljava/lang/Object;ILjava/lang/Object;Ljava/lang/Object;Ljava/lang/Object;Ljava/lang/Object;[Ljava/lang/Object;)Ljava/lang/invoke/MemberName;+46 java.base@17.0.12
v  ~StubRoutines::call_stub
j  java.rmi.RemoteException.getMessage()Ljava/lang/String;+23 java.rmi@17.0.12
j  java.lang.Throwable.getLocalizedMessage()Ljava/lang/String;+1 java.base@17.0.12
j  java.lang.Throwable.toString()Ljava/lang/String;+9 java.base@17.0.12
J 866 c1 java.lang.String.valueOf(Ljava/lang/Object;)Ljava/lang/String; java.base@17.0.12 (15 bytes) @ 0x000001858cc1dafc [0x000001858cc1d9c0+0x000000000000013c]
j  java.io.PrintWriter.println(Ljava/lang/Object;)V+1 java.base@17.0.12
j  java.lang.Throwable$WrappedPrintWriter.println(Ljava/lang/Object;)V+5 java.base@17.0.12
j  java.lang.Throwable.printStackTrace(Ljava/lang/Throwable$PrintStreamOrWriter;)V+28 java.base@17.0.12
j  java.lang.Throwable.printStackTrace(Ljava/io/PrintWriter;)V+9 java.base@17.0.12
j  org.gradle.internal.logging.text.AbstractStyledTextOutput.exception(Ljava/lang/Throwable;)Lorg/gradle/internal/logging/text/StyledTextOutput;+19
j  org.gradle.internal.logging.events.LogEvent.render(Lorg/gradle/internal/logging/text/StyledTextOutput;)V+30
j  org.gradle.internal.logging.console.StyledTextOutputBackedRenderer.onOutput(Lorg/gradle/internal/logging/events/OutputEvent;)V+240
j  org.gradle.internal.logging.sink.ErrorOutputDispatchingListener.onOutput(Lorg/gradle/internal/logging/events/OutputEvent;)V+45
j  org.gradle.internal.logging.sink.GroupingProgressLogEventGenerator$OperationGroup.flushOutput()V+147
J 1646 c1 org.gradle.internal.logging.sink.GroupingProgressLogEventGenerator$OperationGroup.maybeFlushOutput(J)V (34 bytes) @ 0x000001858cd8248c [0x000001858cd81fa0+0x00000000000004ec]
J 1654 c1 org.gradle.internal.logging.sink.GroupingProgressLogEventGenerator.onUpdateNow(Lorg/gradle/internal/logging/events/UpdateNowEvent;)V (54 bytes) @ 0x000001858cd8b2fc [0x000001858cd8aea0+0x000000000000045c]
J 1507 c1 org.gradle.internal.logging.sink.GroupingProgressLogEventGenerator.onOutput(Lorg/gradle/internal/logging/events/OutputEvent;)V (108 bytes) @ 0x000001858cd3abfc [0x000001858cd39fc0+0x0000000000000c3c]
J 1506 c1 org.gradle.internal.logging.console.BuildLogLevelFilterRenderer.onOutput(Lorg/gradle/internal/logging/events/OutputEvent;)V (53 bytes) @ 0x000001858cd39a24 [0x000001858cd39480+0x00000000000005a4]
J 1504 c1 org.gradle.internal.logging.console.WorkInProgressRenderer.onOutput(Lorg/gradle/internal/logging/events/OutputEvent;)V (53 bytes) @ 0x000001858cd38c0c [0x000001858cd38700+0x000000000000050c]
J 1396 c1 org.gradle.internal.logging.console.BuildStatusRenderer.onOutput(Lorg/gradle/internal/logging/events/OutputEvent;)V (350 bytes) @ 0x000001858cd08b64 [0x000001858cd07800+0x0000000000001364]
J 1395 c1 org.gradle.internal.logging.console.AbstractUserInputRenderer.onOutput(Lorg/gradle/internal/logging/events/OutputEvent;)V (111 bytes) @ 0x000001858cd061ac [0x000001858cd054e0+0x0000000000000ccc]
j  org.gradle.internal.logging.console.ThrottlingOutputEventListener.renderNow()V+31
J 1393 c1 org.gradle.internal.logging.console.ThrottlingOutputEventListener.onOutput(Lorg/gradle/internal/logging/events/OutputEvent;)V (85 bytes) @ 0x000001858cd04664 [0x000001858cd04040+0x0000000000000624]
j  org.gradle.internal.logging.console.ThrottlingOutputEventListener.lambda$scheduleUpdateNow$0()V+17
j  org.gradle.internal.logging.console.ThrottlingOutputEventListener$$Lambda$58+0x00000185a00b3bc8.run()V+4
j  java.util.concurrent.Executors$RunnableAdapter.call()Ljava/lang/Object;+4 java.base@17.0.12
j  java.util.concurrent.FutureTask.runAndReset()Z+44 java.base@17.0.12
j  java.util.concurrent.ScheduledThreadPoolExecutor$ScheduledFutureTask.run()V+35 java.base@17.0.12
j  java.util.concurrent.ThreadPoolExecutor.runWorker(Ljava/util/concurrent/ThreadPoolExecutor$Worker;)V+92 java.base@17.0.12
j  java.util.concurrent.ThreadPoolExecutor$Worker.run()V+5 java.base@17.0.12
j  java.lang.Thread.run()V+11 java.base@17.0.12
v  ~StubRoutines::call_stub

---------------  P R O C E S S  ---------------

Threads class SMR info:
_java_thread_list=0x00000185e50dc240, length=13, elements={
0x00000185851ba8f0, 0x000001859e9525f0, 0x000001859e953470, 0x000001859e95de10,
0x000001859e95f9e0, 0x000001859e9623b0, 0x000001859e964d80, 0x000001859e965f30,
0x000001859e979b50, 0x000001859e97c560, 0x000001859ebaaf70, 0x000001859ebad460,
0x00000185e4d712b0
}

Java Threads: ( => current thread )
  0x00000185851ba8f0 JavaThread "main" [_thread_blocked, id=9264, stack(0x000000256a700000,0x000000256a800000)]
  0x000001859e9525f0 JavaThread "Reference Handler" daemon [_thread_blocked, id=3464, stack(0x000000256ae00000,0x000000256af00000)]
  0x000001859e953470 JavaThread "Finalizer" daemon [_thread_blocked, id=16756, stack(0x000000256af00000,0x000000256b000000)]
  0x000001859e95de10 JavaThread "Signal Dispatcher" daemon [_thread_blocked, id=4832, stack(0x000000256b000000,0x000000256b100000)]
  0x000001859e95f9e0 JavaThread "Attach Listener" daemon [_thread_blocked, id=18640, stack(0x000000256b100000,0x000000256b200000)]
  0x000001859e9623b0 JavaThread "Service Thread" daemon [_thread_blocked, id=5728, stack(0x000000256b200000,0x000000256b300000)]
  0x000001859e964d80 JavaThread "Monitor Deflation Thread" daemon [_thread_blocked, id=19212, stack(0x000000256b300000,0x000000256b400000)]
  0x000001859e965f30 JavaThread "C2 CompilerThread0" daemon [_thread_blocked, id=16464, stack(0x000000256b400000,0x000000256b500000)]
  0x000001859e979b50 JavaThread "C1 CompilerThread0" daemon [_thread_in_native, id=19656, stack(0x000000256b500000,0x000000256b600000)]
  0x000001859e97c560 JavaThread "Sweeper thread" daemon [_thread_blocked, id=9464, stack(0x000000256b600000,0x000000256b700000)]
  0x000001859ebaaf70 JavaThread "Notification Thread" daemon [_thread_blocked, id=4980, stack(0x000000256b700000,0x000000256b800000)]
  0x000001859ebad460 JavaThread "Common-Cleaner" daemon [_thread_blocked, id=10968, stack(0x000000256b900000,0x000000256ba00000)]
=>0x00000185e4d712b0 JavaThread "pool-1-thread-1" [_thread_in_vm, id=18364, stack(0x000000256c100000,0x000000256c200000)]

Other Threads:
  0x0000018585285620 VMThread "VM Thread" [stack: 0x000000256ad00000,0x000000256ae00000] [id=5000]
  0x00000185851e4140 WatcherThread [stack: 0x000000256b800000,0x000000256b900000] [id=20032]
  0x00000185851d8c60 GCTaskThread "GC Thread#0" [stack: 0x000000256a800000,0x000000256a900000] [id=1828]
  0x00000185e45e90f0 GCTaskThread "GC Thread#1" [stack: 0x000000256bc00000,0x000000256bd00000] [id=19228]
  0x00000185e4fe7f30 GCTaskThread "GC Thread#2" [stack: 0x000000256bd00000,0x000000256be00000] [id=9716]
  0x00000185e4fad1b0 GCTaskThread "GC Thread#3" [stack: 0x000000256be00000,0x000000256bf00000] [id=16744]
  0x00000185e4fad470 GCTaskThread "GC Thread#4" [stack: 0x000000256bf00000,0x000000256c000000] [id=9756]
  0x00000185e4ffcb80 GCTaskThread "GC Thread#5" [stack: 0x000000256c000000,0x000000256c100000] [id=2848]
  0x00000185851da3b0 ConcurrentGCThread "G1 Main Marker" [stack: 0x000000256a900000,0x000000256aa00000] [id=7304]
  0x00000185851dbdd0 ConcurrentGCThread "G1 Conc#0" [stack: 0x000000256aa00000,0x000000256ab00000] [id=19748]
  0x0000018585269ed0 ConcurrentGCThread "G1 Refine#0" [stack: 0x000000256ab00000,0x000000256ac00000] [id=10648]
  0x000001858526a900 ConcurrentGCThread "G1 Service" [stack: 0x000000256ac00000,0x000000256ad00000] [id=9400]

Threads with active compile tasks:
C1 CompilerThread0    58286 1764       3       java.lang.invoke.MethodHandles$Lookup::checkSecurityManager (97 bytes)

VM state: not at safepoint (normal execution)

VM Mutex/Monitor currently owned by a thread: None

Heap address: 0x00000000fc000000, size: 64 MB, Compressed Oops mode: 32-bit

CDS archive(s) mapped at: [0x000001859f000000-0x000001859fbd0000-0x000001859fbd0000), size 12386304, SharedBaseAddress: 0x000001859f000000, ArchiveRelocationMode: 1.
Compressed class space mapped at: 0x00000185a0000000-0x00000185e0000000, reserved size: 1073741824
Narrow klass base: 0x000001859f000000, Narrow klass shift: 0, Narrow klass range: 0x100000000

GC Precious Log:
 CPUs: 8 total, 8 available
 Memory: 16157M
 Large Page Support: Disabled
 NUMA Support: Disabled
 Compressed Oops: Enabled (32-bit)
 Heap Region Size: 1M
 Heap Min Capacity: 64M
 Heap Initial Capacity: 64M
 Heap Max Capacity: 64M
 Pre-touch: Disabled
 Parallel Workers: 8
 Concurrent Workers: 2
 Concurrent Refinement Workers: 8
 Periodic GC: Disabled

Heap:
 garbage-first heap   total 65536K, used 31540K [0x00000000fc000000, 0x0000000100000000)
  region size 1024K, 26 young (26624K), 3 survivors (3072K)
 Metaspace       used 10189K, committed 10432K, reserved 1114112K
  class space    used 1341K, committed 1472K, reserved 1048576K

Heap Regions: E=young(eden), S=young(survivor), O=old, HS=humongous(starts), HC=humongous(continues), CS=collection set, F=free, OA=open archive, CA=closed archive, TAMS=top-at-mark-start (previous, next)
|   0|0x00000000fc000000, 0x00000000fc100000, 0x00000000fc100000|100%| O|  |TAMS 0x00000000fc000000, 0x00000000fc000000| Untracked 
|   1|0x00000000fc100000, 0x00000000fc200000, 0x00000000fc200000|100%| O|  |TAMS 0x00000000fc100000, 0x00000000fc100000| Untracked 
|   2|0x00000000fc200000, 0x00000000fc2cd000, 0x00000000fc300000| 80%| O|  |TAMS 0x00000000fc200000, 0x00000000fc200000| Untracked 
|   3|0x00000000fc300000, 0x00000000fc400000, 0x00000000fc400000|100%|HS|  |TAMS 0x00000000fc300000, 0x00000000fc300000| Complete 
|   4|0x00000000fc400000, 0x00000000fc500000, 0x00000000fc500000|100%|HC|  |TAMS 0x00000000fc400000, 0x00000000fc400000| Complete 
|   5|0x00000000fc500000, 0x00000000fc600000, 0x00000000fc600000|100%|HC|  |TAMS 0x00000000fc500000, 0x00000000fc500000| Complete 
|   6|0x00000000fc600000, 0x00000000fc700000, 0x00000000fc700000|100%|HC|  |TAMS 0x00000000fc600000, 0x00000000fc600000| Complete 
|   7|0x00000000fc700000, 0x00000000fc700000, 0x00000000fc800000|  0%| F|  |TAMS 0x00000000fc700000, 0x00000000fc700000| Untracked 
|   8|0x00000000fc800000, 0x00000000fc800000, 0x00000000fc900000|  0%| F|  |TAMS 0x00000000fc800000, 0x00000000fc800000| Untracked 
|   9|0x00000000fc900000, 0x00000000fc900000, 0x00000000fca00000|  0%| F|  |TAMS 0x00000000fc900000, 0x00000000fc900000| Untracked 
|  10|0x00000000fca00000, 0x00000000fca00000, 0x00000000fcb00000|  0%| F|  |TAMS 0x00000000fca00000, 0x00000000fca00000| Untracked 
|  11|0x00000000fcb00000, 0x00000000fcb00000, 0x00000000fcc00000|  0%| F|  |TAMS 0x00000000fcb00000, 0x00000000fcb00000| Untracked 
|  12|0x00000000fcc00000, 0x00000000fcc00000, 0x00000000fcd00000|  0%| F|  |TAMS 0x00000000fcc00000, 0x00000000fcc00000| Untracked 
|  13|0x00000000fcd00000, 0x00000000fcd00000, 0x00000000fce00000|  0%| F|  |TAMS 0x00000000fcd00000, 0x00000000fcd00000| Untracked 
|  14|0x00000000fce00000, 0x00000000fce00000, 0x00000000fcf00000|  0%| F|  |TAMS 0x00000000fce00000, 0x00000000fce00000| Untracked 
|  15|0x00000000fcf00000, 0x00000000fcf00000, 0x00000000fd000000|  0%| F|  |TAMS 0x00000000fcf00000, 0x00000000fcf00000| Untracked 
|  16|0x00000000fd000000, 0x00000000fd000000, 0x00000000fd100000|  0%| F|  |TAMS 0x00000000fd000000, 0x00000000fd000000| Untracked 
|  17|0x00000000fd100000, 0x00000000fd100000, 0x00000000fd200000|  0%| F|  |TAMS 0x00000000fd100000, 0x00000000fd100000| Untracked 
|  18|0x00000000fd200000, 0x00000000fd200000, 0x00000000fd300000|  0%| F|  |TAMS 0x00000000fd200000, 0x00000000fd200000| Untracked 
|  19|0x00000000fd300000, 0x00000000fd300000, 0x00000000fd400000|  0%| F|  |TAMS 0x00000000fd300000, 0x00000000fd300000| Untracked 
|  20|0x00000000fd400000, 0x00000000fd400000, 0x00000000fd500000|  0%| F|  |TAMS 0x00000000fd400000, 0x00000000fd400000| Untracked 
|  21|0x00000000fd500000, 0x00000000fd500000, 0x00000000fd600000|  0%| F|  |TAMS 0x00000000fd500000, 0x00000000fd500000| Untracked 
|  22|0x00000000fd600000, 0x00000000fd600000, 0x00000000fd700000|  0%| F|  |TAMS 0x00000000fd600000, 0x00000000fd600000| Untracked 
|  23|0x00000000fd700000, 0x00000000fd700000, 0x00000000fd800000|  0%| F|  |TAMS 0x00000000fd700000, 0x00000000fd700000| Untracked 
|  24|0x00000000fd800000, 0x00000000fd800000, 0x00000000fd900000|  0%| F|  |TAMS 0x00000000fd800000, 0x00000000fd800000| Untracked 
|  25|0x00000000fd900000, 0x00000000fd900000, 0x00000000fda00000|  0%| F|  |TAMS 0x00000000fd900000, 0x00000000fd900000| Untracked 
|  26|0x00000000fda00000, 0x00000000fda00000, 0x00000000fdb00000|  0%| F|  |TAMS 0x00000000fda00000, 0x00000000fda00000| Untracked 
|  27|0x00000000fdb00000, 0x00000000fdb00000, 0x00000000fdc00000|  0%| F|  |TAMS 0x00000000fdb00000, 0x00000000fdb00000| Untracked 
|  28|0x00000000fdc00000, 0x00000000fdc00000, 0x00000000fdd00000|  0%| F|  |TAMS 0x00000000fdc00000, 0x00000000fdc00000| Untracked 
|  29|0x00000000fdd00000, 0x00000000fdd00000, 0x00000000fde00000|  0%| F|  |TAMS 0x00000000fdd00000, 0x00000000fdd00000| Untracked 
|  30|0x00000000fde00000, 0x00000000fde00000, 0x00000000fdf00000|  0%| F|  |TAMS 0x00000000fde00000, 0x00000000fde00000| Untracked 
|  31|0x00000000fdf00000, 0x00000000fdf00000, 0x00000000fe000000|  0%| F|  |TAMS 0x00000000fdf00000, 0x00000000fdf00000| Untracked 
|  32|0x00000000fe000000, 0x00000000fe000000, 0x00000000fe100000|  0%| F|  |TAMS 0x00000000fe000000, 0x00000000fe000000| Untracked 
|  33|0x00000000fe100000, 0x00000000fe100000, 0x00000000fe200000|  0%| F|  |TAMS 0x00000000fe100000, 0x00000000fe100000| Untracked 
|  34|0x00000000fe200000, 0x00000000fe200000, 0x00000000fe300000|  0%| F|  |TAMS 0x00000000fe200000, 0x00000000fe200000| Untracked 
|  35|0x00000000fe300000, 0x00000000fe300000, 0x00000000fe400000|  0%| F|  |TAMS 0x00000000fe300000, 0x00000000fe300000| Untracked 
|  36|0x00000000fe400000, 0x00000000fe400000, 0x00000000fe500000|  0%| F|  |TAMS 0x00000000fe400000, 0x00000000fe400000| Untracked 
|  37|0x00000000fe500000, 0x00000000fe500000, 0x00000000fe600000|  0%| F|  |TAMS 0x00000000fe500000, 0x00000000fe500000| Untracked 
|  38|0x00000000fe600000, 0x00000000fe700000, 0x00000000fe700000|100%| S|CS|TAMS 0x00000000fe600000, 0x00000000fe600000| Complete 
|  39|0x00000000fe700000, 0x00000000fe800000, 0x00000000fe800000|100%| S|CS|TAMS 0x00000000fe700000, 0x00000000fe700000| Complete 
|  40|0x00000000fe800000, 0x00000000fe900000, 0x00000000fe900000|100%| S|CS|TAMS 0x00000000fe800000, 0x00000000fe800000| Complete 
|  41|0x00000000fe900000, 0x00000000fe97d940, 0x00000000fea00000| 49%| E|  |TAMS 0x00000000fe900000, 0x00000000fe900000| Complete 
|  42|0x00000000fea00000, 0x00000000feb00000, 0x00000000feb00000|100%| E|CS|TAMS 0x00000000fea00000, 0x00000000fea00000| Complete 
|  43|0x00000000feb00000, 0x00000000fec00000, 0x00000000fec00000|100%| E|CS|TAMS 0x00000000feb00000, 0x00000000feb00000| Complete 
|  44|0x00000000fec00000, 0x00000000fed00000, 0x00000000fed00000|100%| E|CS|TAMS 0x00000000fec00000, 0x00000000fec00000| Complete 
|  45|0x00000000fed00000, 0x00000000fee00000, 0x00000000fee00000|100%| E|CS|TAMS 0x00000000fed00000, 0x00000000fed00000| Complete 
|  46|0x00000000fee00000, 0x00000000fef00000, 0x00000000fef00000|100%| E|CS|TAMS 0x00000000fee00000, 0x00000000fee00000| Complete 
|  47|0x00000000fef00000, 0x00000000ff000000, 0x00000000ff000000|100%| E|CS|TAMS 0x00000000fef00000, 0x00000000fef00000| Complete 
|  48|0x00000000ff000000, 0x00000000ff100000, 0x00000000ff100000|100%| E|CS|TAMS 0x00000000ff000000, 0x00000000ff000000| Complete 
|  49|0x00000000ff100000, 0x00000000ff200000, 0x00000000ff200000|100%| E|CS|TAMS 0x00000000ff100000, 0x00000000ff100000| Complete 
|  50|0x00000000ff200000, 0x00000000ff300000, 0x00000000ff300000|100%| E|  |TAMS 0x00000000ff200000, 0x00000000ff200000| Complete 
|  51|0x00000000ff300000, 0x00000000ff400000, 0x00000000ff400000|100%| E|CS|TAMS 0x00000000ff300000, 0x00000000ff300000| Complete 
|  52|0x00000000ff400000, 0x00000000ff500000, 0x00000000ff500000|100%| E|CS|TAMS 0x00000000ff400000, 0x00000000ff400000| Complete 
|  53|0x00000000ff500000, 0x00000000ff600000, 0x00000000ff600000|100%| E|CS|TAMS 0x00000000ff500000, 0x00000000ff500000| Complete 
|  54|0x00000000ff600000, 0x00000000ff700000, 0x00000000ff700000|100%| E|CS|TAMS 0x00000000ff600000, 0x00000000ff600000| Complete 
|  55|0x00000000ff700000, 0x00000000ff800000, 0x00000000ff800000|100%| E|CS|TAMS 0x00000000ff700000, 0x00000000ff700000| Complete 
|  56|0x00000000ff800000, 0x00000000ff900000, 0x00000000ff900000|100%| E|CS|TAMS 0x00000000ff800000, 0x00000000ff800000| Complete 
|  57|0x00000000ff900000, 0x00000000ffa00000, 0x00000000ffa00000|100%| E|CS|TAMS 0x00000000ff900000, 0x00000000ff900000| Complete 
|  58|0x00000000ffa00000, 0x00000000ffb00000, 0x00000000ffb00000|100%| E|CS|TAMS 0x00000000ffa00000, 0x00000000ffa00000| Complete 
|  59|0x00000000ffb00000, 0x00000000ffc00000, 0x00000000ffc00000|100%| E|CS|TAMS 0x00000000ffb00000, 0x00000000ffb00000| Complete 
|  60|0x00000000ffc00000, 0x00000000ffd00000, 0x00000000ffd00000|100%| E|CS|TAMS 0x00000000ffc00000, 0x00000000ffc00000| Complete 
|  61|0x00000000ffd00000, 0x00000000ffe00000, 0x00000000ffe00000|100%| E|CS|TAMS 0x00000000ffd00000, 0x00000000ffd00000| Complete 
|  62|0x00000000ffe00000, 0x00000000fff00000, 0x00000000fff00000|100%| E|CS|TAMS 0x00000000ffe00000, 0x00000000ffe00000| Complete 
|  63|0x00000000fff00000, 0x0000000100000000, 0x0000000100000000|100%| E|CS|TAMS 0x00000000fff00000, 0x00000000fff00000| Complete 

Card table byte_map: [0x00000185831a0000,0x00000185831c0000] _byte_map_base: 0x00000185829c0000

Marking Bits (Prev, Next): (CMBitMap*) 0x00000185851d9280, (CMBitMap*) 0x00000185851d92c0
 Prev Bits: [0x000001859bdb0000, 0x000001859beb0000)
 Next Bits: [0x000001859beb0000, 0x000001859bfb0000)

Polling page: 0x0000018583150000

Metaspace:

Usage:
  Non-class:      8.64 MB used.
      Class:      1.31 MB used.
       Both:      9.95 MB used.

Virtual space:
  Non-class space:       64.00 MB reserved,       8.75 MB ( 14%) committed,  1 nodes.
      Class space:        1.00 GB reserved,       1.44 MB ( <1%) committed,  1 nodes.
             Both:        1.06 GB reserved,      10.19 MB ( <1%) committed. 

Chunk freelists:
   Non-Class:  7.26 MB
       Class:  14.43 MB
        Both:  21.70 MB

MaxMetaspaceSize: unlimited
CompressedClassSpaceSize: 1.00 GB
Initial GC threshold: 21.00 MB
Current GC threshold: 21.00 MB
CDS: on
MetaspaceReclaimPolicy: balanced
 - commit_granule_bytes: 65536.
 - commit_granule_words: 8192.
 - virtual_space_node_default_size: 8388608.
 - enlarge_chunks_in_place: 1.
 - new_chunks_are_fully_committed: 0.
 - uncommit_free_chunks: 1.
 - use_allocation_guard: 0.
 - handle_deallocations: 1.


Internal statistics:

num_allocs_failed_limit: 0.
num_arena_births: 128.
num_arena_deaths: 0.
num_vsnodes_births: 2.
num_vsnodes_deaths: 0.
num_space_committed: 163.
num_space_uncommitted: 0.
num_chunks_returned_to_freelist: 0.
num_chunks_taken_from_freelist: 428.
num_chunk_merges: 0.
num_chunk_splits: 281.
num_chunks_enlarged: 205.
num_inconsistent_stats: 0.

CodeHeap 'non-profiled nmethods': size=120000Kb used=686Kb max_used=686Kb free=119313Kb
 bounds [0x0000018594550000, 0x00000185947c0000, 0x000001859ba80000]
CodeHeap 'profiled nmethods': size=120000Kb used=3311Kb max_used=3311Kb free=116688Kb
 bounds [0x000001858ca80000, 0x000001858cdc0000, 0x0000018593fb0000]
CodeHeap 'non-nmethods': size=5760Kb used=1174Kb max_used=1193Kb free=4585Kb
 bounds [0x0000018593fb0000, 0x0000018594220000, 0x0000018594550000]
 total_blobs=2238 nmethods=1765 adapters=386
 compilation: enabled
              stopped_count=0, restarted_count=0
 full_count=0

Compilation events (20 events):
Event: 58.168 Thread 0x000001859e979b50 1745       3       org.gradle.internal.serialize.ExceptionPlaceholder$$Lambda$114/0x00000185a0188e28::apply (13 bytes)
Event: 58.168 Thread 0x000001859e979b50 nmethod 1745 0x000001858cdb7390 code [0x000001858cdb7520, 0x000001858cdb7668]
Event: 58.168 Thread 0x000001859e979b50 1746       3       org.gradle.internal.serialize.ExceptionPlaceholder::lambda$read$0 (76 bytes)
Event: 58.169 Thread 0x000001859e979b50 nmethod 1746 0x000001858cdb7710 code [0x000001858cdb7920, 0x000001858cdb8168]
Event: 58.172 Thread 0x000001859e979b50 1747       3       java.io.ObjectInputStream::readClassDesc (121 bytes)
Event: 58.174 Thread 0x000001859e979b50 nmethod 1747 0x000001858cdb8390 code [0x000001858cdb8700, 0x000001858cdb9c68]
Event: 58.176 Thread 0x000001859e965f30 1748       4       org.gradle.internal.logging.text.AbstractLineChoppingStyledTextOutput$1::execute (9 bytes)
Event: 58.181 Thread 0x000001859e979b50 1755       3       jdk.internal.org.objectweb.asm.ByteVector::put11 (52 bytes)
Event: 58.181 Thread 0x000001859e979b50 nmethod 1755 0x000001858cdba410 code [0x000001858cdba5c0, 0x000001858cdba7c8]
Event: 58.181 Thread 0x000001859e979b50 1756       3       java.util.ImmutableCollections$SetN::iterator (9 bytes)
Event: 58.181 Thread 0x000001859e979b50 nmethod 1756 0x000001858cdba910 code [0x000001858cdbaac0, 0x000001858cdbac68]
Event: 58.181 Thread 0x000001859e979b50 1757       3       java.util.ImmutableCollections$SetN$SetNIterator::<init> (36 bytes)
Event: 58.182 Thread 0x000001859e979b50 nmethod 1757 0x000001858cdbad10 code [0x000001858cdbaec0, 0x000001858cdbb0b8]
Event: 58.182 Thread 0x000001859e979b50 1760       3       java.lang.invoke.LambdaForm::parameterType (9 bytes)
Event: 58.182 Thread 0x000001859e979b50 nmethod 1760 0x000001858cdbb190 code [0x000001858cdbb340, 0x000001858cdbb488]
Event: 58.182 Thread 0x000001859e979b50 1761       3       java.lang.invoke.LambdaForm$BasicType::basicTypeSlots (8 bytes)
Event: 58.182 Thread 0x000001859e979b50 nmethod 1761 0x000001858cdbb590 code [0x000001858cdbb720, 0x000001858cdbb898]
Event: 58.182 Thread 0x000001859e979b50 1762       3       sun.invoke.util.Wrapper::stackSlots (9 bytes)
Event: 58.183 Thread 0x000001859e979b50 nmethod 1762 0x000001858cdbb990 code [0x000001858cdbbb20, 0x000001858cdbbc38]
Event: 58.185 Thread 0x000001859e979b50 1764       3       java.lang.invoke.MethodHandles$Lookup::checkSecurityManager (97 bytes)

GC Heap History (2 events):
Event: 1.190 GC heap before
{Heap before GC invocations=0 (full 0):
 garbage-first heap   total 65536K, used 22528K [0x00000000fc000000, 0x0000000100000000)
  region size 1024K, 23 young (23552K), 0 survivors (0K)
 Metaspace       used 3516K, committed 3648K, reserved 1114112K
  class space    used 432K, committed 512K, reserved 1048576K
}
Event: 1.200 GC heap after
{Heap after GC invocations=1 (full 0):
 garbage-first heap   total 65536K, used 5940K [0x00000000fc000000, 0x0000000100000000)
  region size 1024K, 3 young (3072K), 3 survivors (3072K)
 Metaspace       used 3516K, committed 3648K, reserved 1114112K
  class space    used 432K, committed 512K, reserved 1048576K
}

Deoptimization events (20 events):
Event: 2.062 Thread 0x00000185851ba8f0 Uncommon trap: trap_request=0xffffffc6 fr.pc=0x00000185945c3834 relative=0x0000000000000354
Event: 2.062 Thread 0x00000185851ba8f0 Uncommon trap: reason=bimorphic_or_optimized_type_check action=maybe_recompile pc=0x00000185945c3834 method=java.util.HashMap.getNode(Ljava/lang/Object;)Ljava/util/HashMap$Node; @ 128 c2
Event: 2.062 Thread 0x00000185851ba8f0 DEOPT PACKING pc=0x00000185945c3834 sp=0x000000256a7fa3a0
Event: 2.062 Thread 0x00000185851ba8f0 DEOPT UNPACKING pc=0x00000185940023a3 sp=0x000000256a7fa2a8 mode 2
Event: 2.099 Thread 0x00000185851ba8f0 Uncommon trap: trap_request=0xffffffde fr.pc=0x000001859456e07c relative=0x000000000000007c
Event: 2.099 Thread 0x00000185851ba8f0 Uncommon trap: reason=class_check action=maybe_recompile pc=0x000001859456e07c method=java.util.AbstractList$Itr.hasNext()Z @ 8 c2
Event: 2.099 Thread 0x00000185851ba8f0 DEOPT PACKING pc=0x000001859456e07c sp=0x000000256a7fc170
Event: 2.099 Thread 0x00000185851ba8f0 DEOPT UNPACKING pc=0x00000185940023a3 sp=0x000000256a7fc108 mode 2
Event: 2.099 Thread 0x00000185851ba8f0 Uncommon trap: trap_request=0xffffffde fr.pc=0x00000185945701e8 relative=0x00000000000000c8
Event: 2.099 Thread 0x00000185851ba8f0 Uncommon trap: reason=class_check action=maybe_recompile pc=0x00000185945701e8 method=java.util.AbstractList$Itr.next()Ljava/lang/Object; @ 14 c2
Event: 2.099 Thread 0x00000185851ba8f0 DEOPT PACKING pc=0x00000185945701e8 sp=0x000000256a7fc160
Event: 2.099 Thread 0x00000185851ba8f0 DEOPT UNPACKING pc=0x00000185940023a3 sp=0x000000256a7fc0f8 mode 2
Event: 2.131 Thread 0x00000185851ba8f0 Uncommon trap: trap_request=0xffffffde fr.pc=0x000001859456e07c relative=0x000000000000007c
Event: 2.131 Thread 0x00000185851ba8f0 Uncommon trap: reason=class_check action=maybe_recompile pc=0x000001859456e07c method=java.util.AbstractList$Itr.hasNext()Z @ 8 c2
Event: 2.131 Thread 0x00000185851ba8f0 DEOPT PACKING pc=0x000001859456e07c sp=0x000000256a7fd1a0
Event: 2.131 Thread 0x00000185851ba8f0 DEOPT UNPACKING pc=0x00000185940023a3 sp=0x000000256a7fd138 mode 2
Event: 2.218 Thread 0x00000185e4d712b0 Uncommon trap: trap_request=0xffffffde fr.pc=0x00000185945701e8 relative=0x00000000000000c8
Event: 2.218 Thread 0x00000185e4d712b0 Uncommon trap: reason=class_check action=maybe_recompile pc=0x00000185945701e8 method=java.util.AbstractList$Itr.next()Ljava/lang/Object; @ 14 c2
Event: 2.218 Thread 0x00000185e4d712b0 DEOPT PACKING pc=0x00000185945701e8 sp=0x000000256c1feaa0
Event: 2.218 Thread 0x00000185e4d712b0 DEOPT UNPACKING pc=0x00000185940023a3 sp=0x000000256c1fea38 mode 2

Classes unloaded (0 events):
No events

Classes redefined (0 events):
No events

Internal exceptions (20 events):
Event: 1.469 Thread 0x00000185851ba8f0 Exception <a 'java/lang/NullPointerException'{0x00000000ffa5f5d8}> (0x00000000ffa5f5d8) 
thrown [s\open\src\hotspot\share\interpreter\linkResolver.cpp, line 1350]
Event: 1.472 Thread 0x00000185851ba8f0 Exception <a 'java/lang/NoSuchMethodError'{0x00000000ffa6f4a8}: 'void java.lang.invoke.DirectMethodHandle$Holder.invokeStatic(java.lang.Object, long, java.lang.Object)'> (0x00000000ffa6f4a8) 
thrown [s\open\src\hotspot\share\interpreter\linkResolver.cpp, line 759]
Event: 1.473 Thread 0x00000185851ba8f0 Exception <a 'java/lang/NoSuchMethodError'{0x00000000ffa758e0}: 'java.lang.Object java.lang.invoke.DirectMethodHandle$Holder.newInvokeSpecial(java.lang.Object, long, java.lang.Object)'> (0x00000000ffa758e0) 
thrown [s\open\src\hotspot\share\interpreter\linkResolver.cpp, line 759]
Event: 1.475 Thread 0x00000185851ba8f0 Exception <a 'java/lang/NullPointerException'{0x00000000ffac2210}> (0x00000000ffac2210) 
thrown [s\open\src\hotspot\share\interpreter\linkResolver.cpp, line 1350]
Event: 1.475 Thread 0x00000185851ba8f0 Exception <a 'java/lang/NullPointerException'{0x00000000ffac2790}> (0x00000000ffac2790) 
thrown [s\open\src\hotspot\share\interpreter\linkResolver.cpp, line 1350]
Event: 1.475 Thread 0x00000185851ba8f0 Exception <a 'java/lang/NullPointerException'{0x00000000ffac2d10}> (0x00000000ffac2d10) 
thrown [s\open\src\hotspot\share\interpreter\linkResolver.cpp, line 1350]
Event: 1.476 Thread 0x00000185851ba8f0 Exception <a 'java/lang/NullPointerException'{0x00000000ffac9dc0}> (0x00000000ffac9dc0) 
thrown [s\open\src\hotspot\share\interpreter\linkResolver.cpp, line 1350]
Event: 1.478 Thread 0x00000185851ba8f0 Exception <a 'java/lang/NullPointerException'{0x00000000ffae34c8}> (0x00000000ffae34c8) 
thrown [s\open\src\hotspot\share\interpreter\linkResolver.cpp, line 1350]
Event: 1.478 Thread 0x00000185851ba8f0 Exception <a 'java/lang/NullPointerException'{0x00000000ffae3a48}> (0x00000000ffae3a48) 
thrown [s\open\src\hotspot\share\interpreter\linkResolver.cpp, line 1350]
Event: 1.478 Thread 0x00000185851ba8f0 Exception <a 'java/lang/NullPointerException'{0x00000000ffae3fc8}> (0x00000000ffae3fc8) 
thrown [s\open\src\hotspot\share\interpreter\linkResolver.cpp, line 1350]
Event: 1.478 Thread 0x00000185851ba8f0 Exception <a 'java/lang/NullPointerException'{0x00000000ffae4548}> (0x00000000ffae4548) 
thrown [s\open\src\hotspot\share\interpreter\linkResolver.cpp, line 1350]
Event: 1.560 Thread 0x00000185851ba8f0 Exception <a 'java/lang/NoSuchMethodError'{0x00000000ff790bf8}: 'java.lang.Object java.lang.invoke.DirectMethodHandle$Holder.newInvokeSpecial(java.lang.Object, java.lang.Object, java.lang.Object, java.lang.Object, java.lang.Object)'> (0x00000000ff790bf8) 
thrown [s\open\src\hotspot\share\interpreter\linkResolver.cpp, line 759]
Event: 1.588 Thread 0x00000185851ba8f0 Exception <a 'java/lang/NoSuchMethodError'{0x00000000ff661e58}: 'void java.lang.invoke.DirectMethodHandle$Holder.invokeSpecial(java.lang.Object, java.lang.Object, java.lang.Object)'> (0x00000000ff661e58) 
thrown [s\open\src\hotspot\share\interpreter\linkResolver.cpp, line 759]
Event: 1.787 Thread 0x00000185851ba8f0 Exception <a 'java/lang/NoSuchMethodError'{0x00000000ff308440}: 'void java.lang.invoke.DirectMethodHandle$Holder.invokeStatic(java.lang.Object, java.lang.Object, java.lang.Object)'> (0x00000000ff308440) 
thrown [s\open\src\hotspot\share\interpreter\linkResolver.cpp, line 759]
Event: 1.835 Thread 0x00000185851ba8f0 Exception <a 'java/lang/NoSuchMethodError'{0x00000000ff2be2d8}: 'java.lang.Object java.lang.invoke.DirectMethodHandle$Holder.newInvokeSpecial(java.lang.Object, java.lang.Object, java.lang.Object, java.lang.Object, java.lang.Object, java.lang.Object, java.lang.Object, java.lang.Object)'> (0x00000000ff2be2d8) 
thrown [s\open\src\hotspot\share\interpreter\linkResolver.cpp, line 759]
Event: 1.835 Thread 0x00000185851ba8f0 Exception <a 'java/lang/NoSuchMethodError'{0x00000000ff2c38f0}: 'java.lang.Object java.lang.invoke.DirectMethodHandle$Holder.invokeSpecial(java.lang.Object, java.lang.Object, java.lang.Object, java.lang.Object, java.lang.Object, java.lang.Object, java.lang.Object, java.lang.Object, java.lang.Object)'> (0x00000000ff2c38f0) 
thrown [s\open\src\hotspot\share\interpreter\linkResolver.cpp, line 759]
Event: 1.836 Thread 0x00000185851ba8f0 Exception <a 'java/lang/NoSuchMethodError'{0x00000000ff2c8820}: 'java.lang.Object java.lang.invoke.Invokers$Holder.linkToTargetMethod(java.lang.Object, java.lang.Object, java.lang.Object, java.lang.Object, java.lang.Object, java.lang.Object, java.lang.Object, java.lang.Object)'> (0x00000000ff2c8820) 
thrown [s\open\src\hotspot\share\interpreter\linkResolver.cpp, line 759]
Event: 1.931 Thread 0x00000185851ba8f0 Exception <a 'java/lang/NoSuchMethodError'{0x00000000fee28940}: 'java.lang.Object java.lang.invoke.DirectMethodHandle$Holder.invokeStaticInit(java.lang.Object, int, int, int, int)'> (0x00000000fee28940) 
thrown [s\open\src\hotspot\share\interpreter\linkResolver.cpp, line 759]
Event: 1.984 Thread 0x00000185851ba8f0 Exception <a 'java/lang/NoSuchMethodError'{0x00000000fee6d290}: 'java.lang.Object java.lang.invoke.DirectMethodHandle$Holder.invokeStaticInit(java.lang.Object, java.lang.Object, int, int, int, int)'> (0x00000000fee6d290) 
thrown [s\open\src\hotspot\share\interpreter\linkResolver.cpp, line 759]
Event: 2.017 Thread 0x00000185851ba8f0 Implicit null exception at 0x0000018594587ef2 to 0x000001859458850c

VM Operations (20 events):
Event: 24.776 Executing VM operation: Cleanup
Event: 24.776 Executing VM operation: Cleanup done
Event: 25.780 Executing VM operation: Cleanup
Event: 25.780 Executing VM operation: Cleanup done
Event: 26.783 Executing VM operation: Cleanup
Event: 26.783 Executing VM operation: Cleanup done
Event: 34.850 Executing VM operation: Cleanup
Event: 34.850 Executing VM operation: Cleanup done
Event: 37.880 Executing VM operation: Cleanup
Event: 37.882 Executing VM operation: Cleanup done
Event: 38.892 Executing VM operation: Cleanup
Event: 38.892 Executing VM operation: Cleanup done
Event: 39.902 Executing VM operation: Cleanup
Event: 39.902 Executing VM operation: Cleanup done
Event: 44.963 Executing VM operation: Cleanup
Event: 44.963 Executing VM operation: Cleanup done
Event: 58.092 Executing VM operation: Cleanup
Event: 58.092 Executing VM operation: Cleanup done
Event: 58.177 Executing VM operation: HandshakeAllThreads
Event: 58.177 Executing VM operation: HandshakeAllThreads done

Events (20 events):
Event: 58.084 loading class java/io/ObjectStreamClass$ClassDataSlot
Event: 58.084 loading class java/io/ObjectStreamClass$ClassDataSlot done
Event: 58.084 loading class java/io/ObjectInputStream$FieldValues
Event: 58.084 loading class java/io/ObjectInputStream$GetField
Event: 58.084 loading class java/io/ObjectInputStream$GetField done
Event: 58.084 loading class java/io/ObjectInputStream$FieldValues done
Event: 58.088 loading class java/io/ObjectStreamClass$ExceptionInfo
Event: 58.088 loading class java/io/ObjectStreamClass$ExceptionInfo done
Event: 58.090 loading class java/io/SerialCallbackContext
Event: 58.090 loading class java/io/SerialCallbackContext done
Event: 58.121 loading class java/io/PrintWriter
Event: 58.121 loading class java/io/PrintWriter done
Event: 58.121 loading class java/lang/Throwable$PrintStreamOrWriter
Event: 58.121 loading class java/lang/Throwable$PrintStreamOrWriter done
Event: 58.163 loading class java/rmi/ConnectException
Event: 58.163 loading class java/rmi/RemoteException
Event: 58.163 loading class java/rmi/RemoteException done
Event: 58.163 loading class java/rmi/ConnectException done
Event: 58.177 loading class java/lang/Throwable$WrappedPrintWriter
Event: 58.177 loading class java/lang/Throwable$WrappedPrintWriter done


Dynamic libraries:
0x00007ff68d2e0000 - 0x00007ff68d2f0000 	C:\Program Files\Java\jdk-17\bin\java.exe
0x00007ff9b22b0000 - 0x00007ff9b24a8000 	C:\Windows\SYSTEM32\ntdll.dll
0x00007ff9b1eb0000 - 0x00007ff9b1f72000 	C:\Windows\System32\KERNEL32.DLL
0x00007ff9afa80000 - 0x00007ff9afd76000 	C:\Windows\System32\KERNELBASE.dll
0x00007ff9b0150000 - 0x00007ff9b0250000 	C:\Windows\System32\ucrtbase.dll
0x00007ff9ab9e0000 - 0x00007ff9ab9f9000 	C:\Program Files\Java\jdk-17\bin\jli.dll
0x00007ff9ab7b0000 - 0x00007ff9ab7cb000 	C:\Program Files\Java\jdk-17\bin\VCRUNTIME140.dll
0x00007ff9b0c60000 - 0x00007ff9b0d11000 	C:\Windows\System32\ADVAPI32.dll
0x00007ff9b17e0000 - 0x00007ff9b187e000 	C:\Windows\System32\msvcrt.dll
0x00007ff9b1530000 - 0x00007ff9b15cf000 	C:\Windows\System32\sechost.dll
0x00007ff9b1900000 - 0x00007ff9b1a20000 	C:\Windows\System32\RPCRT4.dll
0x00007ff9aff10000 - 0x00007ff9aff37000 	C:\Windows\System32\bcrypt.dll
0x00007ff9b0e30000 - 0x00007ff9b0fd1000 	C:\Windows\System32\USER32.dll
0x00007ff9afee0000 - 0x00007ff9aff02000 	C:\Windows\System32\win32u.dll
0x00007ff98fae0000 - 0x00007ff98fd7b000 	C:\Windows\WinSxS\amd64_microsoft.windows.common-controls_6595b64144ccf1df_6.0.19041.6456_none_60b8a6cb71f64256\COMCTL32.dll
0x00007ff9b1730000 - 0x00007ff9b175b000 	C:\Windows\System32\GDI32.dll
0x00007ff9b0030000 - 0x00007ff9b0149000 	C:\Windows\System32\gdi32full.dll
0x00007ff9aff40000 - 0x00007ff9affdd000 	C:\Windows\System32\msvcp_win.dll
0x00007ff9aaff0000 - 0x00007ff9aaffa000 	C:\Windows\SYSTEM32\VERSION.dll
0x00007ff9b2090000 - 0x00007ff9b20bf000 	C:\Windows\System32\IMM32.DLL
0x00007ff9ab830000 - 0x00007ff9ab83c000 	C:\Program Files\Java\jdk-17\bin\vcruntime140_1.dll
0x00007ff998550000 - 0x00007ff9985de000 	C:\Program Files\Java\jdk-17\bin\msvcp140.dll
0x00007ff95c9c0000 - 0x00007ff95d5a0000 	C:\Program Files\Java\jdk-17\bin\server\jvm.dll
0x00007ff9b1760000 - 0x00007ff9b1768000 	C:\Windows\System32\PSAPI.DLL
0x00007ff998a60000 - 0x00007ff998a87000 	C:\Windows\SYSTEM32\WINMM.dll
0x00007ff9ab9b0000 - 0x00007ff9ab9b9000 	C:\Windows\SYSTEM32\WSOCK32.dll
0x00007ff9b1770000 - 0x00007ff9b17db000 	C:\Windows\System32\WS2_32.dll
0x00007ff9ae110000 - 0x00007ff9ae122000 	C:\Windows\SYSTEM32\kernel.appcore.dll
0x00007ff9ab7e0000 - 0x00007ff9ab7ea000 	C:\Program Files\Java\jdk-17\bin\jimage.dll
0x00007ff9addf0000 - 0x00007ff9adff1000 	C:\Windows\SYSTEM32\DBGHELP.DLL
0x00007ff9a77c0000 - 0x00007ff9a77f4000 	C:\Windows\SYSTEM32\dbgcore.DLL
0x00007ff9af940000 - 0x00007ff9af9c2000 	C:\Windows\System32\bcryptPrimitives.dll
0x00007ff994150000 - 0x00007ff994175000 	C:\Program Files\Java\jdk-17\bin\java.dll
0x00007ff9858e0000 - 0x00007ff9859b7000 	C:\Program Files\Java\jdk-17\bin\jsvml.dll
0x00007ff9b02d0000 - 0x00007ff9b0a40000 	C:\Windows\System32\SHELL32.dll
0x00007ff9ad570000 - 0x00007ff9add15000 	C:\Windows\SYSTEM32\windows.storage.dll
0x00007ff9b1100000 - 0x00007ff9b1454000 	C:\Windows\System32\combase.dll
0x00007ff9af280000 - 0x00007ff9af2ab000 	C:\Windows\SYSTEM32\Wldp.dll
0x00007ff9b1460000 - 0x00007ff9b152d000 	C:\Windows\System32\OLEAUT32.dll
0x00007ff9b1f80000 - 0x00007ff9b202d000 	C:\Windows\System32\SHCORE.dll
0x00007ff9b2030000 - 0x00007ff9b208b000 	C:\Windows\System32\shlwapi.dll
0x00007ff9af870000 - 0x00007ff9af894000 	C:\Windows\SYSTEM32\profapi.dll
0x00007ff9ab740000 - 0x00007ff9ab759000 	C:\Program Files\Java\jdk-17\bin\net.dll
0x00007ff9ac5a0000 - 0x00007ff9ac6aa000 	C:\Windows\SYSTEM32\WINHTTP.dll
0x00007ff9af070000 - 0x00007ff9af0da000 	C:\Windows\system32\mswsock.dll
0x00007ff9aa910000 - 0x00007ff9aa926000 	C:\Program Files\Java\jdk-17\bin\nio.dll
0x00007ff9a9960000 - 0x00007ff9a9978000 	C:\Program Files\Java\jdk-17\bin\zip.dll
0x00007ff9ab7a0000 - 0x00007ff9ab7aa000 	C:\Program Files\Java\jdk-17\bin\management.dll
0x00007ff9aa9f0000 - 0x00007ff9aa9fb000 	C:\Program Files\Java\jdk-17\bin\management_ext.dll
0x00007ff98a550000 - 0x00007ff98a577000 	C:\Users\hp\.gradle\native\660c5614fbf4a5f2a75b1949f50a0caf5cd603558e7d8a26e50b933a0cfb79d1\windows-amd64\native-platform.dll
0x00007ff98efa0000 - 0x00007ff98efc4000 	C:\Users\hp\.gradle\native\jansi\2.4.2\Windows\x86_64\jansi.dll
0x00007ff9aed20000 - 0x00007ff9aed5b000 	C:\Windows\SYSTEM32\IPHLPAPI.DLL
0x00007ff9b1ea0000 - 0x00007ff9b1ea8000 	C:\Windows\System32\NSI.dll
0x00007ff9a9710000 - 0x00007ff9a9727000 	C:\Windows\SYSTEM32\dhcpcsvc6.DLL
0x00007ff9aaf60000 - 0x00007ff9aaf7d000 	C:\Windows\SYSTEM32\dhcpcsvc.DLL
0x00007ff9aed70000 - 0x00007ff9aee3a000 	C:\Windows\SYSTEM32\DNSAPI.dll
0x00007ff9af2d0000 - 0x00007ff9af2e8000 	C:\Windows\SYSTEM32\CRYPTSP.dll
0x00007ff9ae940000 - 0x00007ff9ae978000 	C:\Windows\system32\rsaenh.dll
0x00007ff9af7f0000 - 0x00007ff9af81e000 	C:\Windows\SYSTEM32\USERENV.dll
0x00007ff9af2b0000 - 0x00007ff9af2bc000 	C:\Windows\SYSTEM32\CRYPTBASE.dll
0x00007ff9a16f0000 - 0x00007ff9a16fe000 	C:\Program Files\Java\jdk-17\bin\sunmscapi.dll
0x00007ff9afd80000 - 0x00007ff9afedd000 	C:\Windows\System32\CRYPT32.dll
0x00007ff9af3e0000 - 0x00007ff9af407000 	C:\Windows\SYSTEM32\ncrypt.dll
0x00007ff9af3a0000 - 0x00007ff9af3db000 	C:\Windows\SYSTEM32\NTASN1.dll
0x00007ff9ab730000 - 0x00007ff9ab737000 	C:\Windows\system32\wshunix.dll
0x00007ff9a1ca0000 - 0x00007ff9a1cb0000 	C:\Program Files\Java\jdk-17\bin\verify.dll

dbghelp: loaded successfully - version: 4.0.5 - missing functions: none
symbol engine: initialized successfully - sym options: 0x614 - pdb path: .;C:\Program Files\Java\jdk-17\bin;C:\Windows\SYSTEM32;C:\Windows\WinSxS\amd64_microsoft.windows.common-controls_6595b64144ccf1df_6.0.19041.6456_none_60b8a6cb71f64256;C:\Program Files\Java\jdk-17\bin\server;C:\Users\hp\.gradle\native\660c5614fbf4a5f2a75b1949f50a0caf5cd603558e7d8a26e50b933a0cfb79d1\windows-amd64;C:\Users\hp\.gradle\native\jansi\2.4.2\Windows\x86_64

VM Arguments:
jvm_args: -Xmx64m -Xms64m -Dorg.gradle.appname=gradlew 
java_command: D:\Projects\myproj\myproj\klyenora\android\\gradle\wrapper\gradle-wrapper.jar app:installDebug -PreactNativeDevServerPort=8082
java_class_path (initial): D:\Projects\myproj\myproj\klyenora\android\\gradle\wrapper\gradle-wrapper.jar
Launcher Type: SUN_STANDARD

[Global flags]
     intx CICompilerCount                          = 4                                         {product} {ergonomic}
     uint ConcGCThreads                            = 2                                         {product} {ergonomic}
     uint G1ConcRefinementThreads                  = 8                                         {product} {ergonomic}
   size_t G1HeapRegionSize                         = 1048576                                   {product} {ergonomic}
    uintx GCDrainStackTargetSize                   = 64                                        {product} {ergonomic}
   size_t InitialHeapSize                          = 67108864                                  {product} {command line}
   size_t MarkStackSize                            = 4194304                                   {product} {ergonomic}
   size_t MaxHeapSize                              = 67108864                                  {product} {command line}
   size_t MaxNewSize                               = 39845888                                  {product} {ergonomic}
   size_t MinHeapDeltaBytes                        = 1048576                                   {product} {ergonomic}
   size_t MinHeapSize                              = 67108864                                  {product} {command line}
    uintx NonNMethodCodeHeapSize                   = 5839372                                {pd product} {ergonomic}
    uintx NonProfiledCodeHeapSize                  = 122909434                              {pd product} {ergonomic}
    uintx ProfiledCodeHeapSize                     = 122909434                              {pd product} {ergonomic}
    uintx ReservedCodeCacheSize                    = 251658240                              {pd product} {ergonomic}
     bool SegmentedCodeCache                       = true                                      {product} {ergonomic}
   size_t SoftMaxHeapSize                          = 67108864                               {manageable} {ergonomic}
     bool UseCompressedClassPointers               = true                           {product lp64_product} {ergonomic}
     bool UseCompressedOops                        = true                           {product lp64_product} {ergonomic}
     bool UseG1GC                                  = true                                      {product} {ergonomic}
     bool UseLargePagesIndividualAllocation        = false                                  {pd product} {ergonomic}

Logging:
Log output configuration:
 #0: stdout all=warning uptime,level,tags
 #1: stderr all=off uptime,level,tags

Environment Variables:
JAVA_HOME=C:\Program Files\Java\jdk-17
PATH=D:\Projects\myproj\myproj\klyenora\node_modules\.bin;D:\Projects\myproj\myproj\klyenora\node_modules\.bin;D:\Projects\myproj\myproj\node_modules\.bin;D:\Projects\myproj\node_modules\.bin;D:\Projects\node_modules\.bin;D:\node_modules\.bin;C:\Users\hp\AppData\Local\nvm\v20.17.0\node_modules\npm\node_modules\@npmcli\run-script\lib\node-gyp-bin;C:\Program Files\Common Files\Oracle\Java\javapath;C:\Windows\system32;C:\Windows;C:\Windows\System32\Wbem;C:\Windows\System32\WindowsPowerShell\v1.0\;C:\Windows\System32\OpenSSH\;C:\Users\hp\AppData\Local\nvm;C:\nvm4w\nodejs;C:\Program Files\Git\cmd;D:\xampp\php;C:\ProgramData\ComposerSetup\bin;C:\Program Files\GitHub CLI\;C:\Users\hp\AppData\Local\Microsoft\WindowsApps;C:\Users\hp\AppData\Local\nvm;C:\nvm4w\nodejs;C:\Users\hp\AppData\Local\Android\Sdk\emulator;C:\Users\hp\AppData\Local\Android\Sdk\platform-tools;C:\Users\hp\AppData\Local\Android\Sdk\tools;C:\Users\hp\AppData\Local\Android\Sdk\tools\bin;C:\Users\hp\AppData\Local\Programs\Microsoft VS Code\bin;C:\Program Files\Java\jdk-11.0.31\bin;C:\Users\hp\AppData\Roaming\Composer\vendor\bin;D:\Users\hp\AppData\Local\Programs\Antigravity IDE\bin
USERNAME=Munir
LANG=en_US.UTF-8
OS=Windows_NT
PROCESSOR_IDENTIFIER=Intel64 Family 6 Model 142 Stepping 12, GenuineIntel



---------------  S Y S T E M  ---------------

OS:
 Windows 10 , 64 bit Build 19041 (10.0.19041.5915)
OS uptime: 0 days 4:38 hours
Hyper-V role detected

CPU: total 8 (initial active 8) (4 cores per cpu, 2 threads per core) family 6 model 142 stepping 12 microcode 0x100, cx8, cmov, fxsr, ht, mmx, 3dnowpref, sse, sse2, sse3, ssse3, sse4.1, sse4.2, popcnt, lzcnt, tsc, tscinvbit, avx, avx2, aes, erms, clmul, bmi1, bmi2, adx, fma, vzeroupper, clflush, clflushopt, hv

Memory: 4k page, system-wide physical 16157M (5492M free)
TotalPageFile size 16705M (AvailPageFile size 2142M)
current process WorkingSet (physical memory assigned to process): 93M, peak: 104M
current process commit charge ("private bytes"): 167M, peak: 178M

vm_info: Java HotSpot(TM) 64-Bit Server VM (17.0.12+8-LTS-286) for windows-amd64 JRE (17.0.12+8-LTS-286), built on Jun  5 2024 06:46:59 by "mach5one" with MS VC++ 17.6 (VS2022)

END.
