#
# There is insufficient memory for the Java Runtime Environment to continue.
# Native memory allocation (mmap) failed to map 65536 bytes for Failed to commit metaspace.
# Possible reasons:
#   The system is out of physical RAM or swap space
#   The process is running with CompressedOops enabled, and the Java Heap may be blocking the growth of the native heap
# Possible solutions:
#   Reduce memory load on the system
#   Increase physical memory or swap space
#   Check if swap backing store is full
#   Decrease Java heap size (-Xmx/-Xms)
#   Decrease number of Java threads
#   Decrease Java thread stack sizes (-Xss)
#   Set larger code cache with -XX:ReservedCodeCacheSize=
#   JVM is running with Zero Based Compressed Oops mode in which the Java heap is
#     placed in the first 32GB address space. The Java Heap base address is the
#     maximum limit for the native heap growth. Please use -XX:HeapBaseMinAddress
#     to set the Java Heap base and to place the Java Heap above 32GB virtual address.
# This output file may be truncated or incomplete.
#
#  Out of Memory Error (virtualSpaceNode.cpp:110), pid=12160, tid=19024
#
# JRE version: Java(TM) SE Runtime Environment (17.0.12+8) (build 17.0.12+8-LTS-286)
# Java VM: Java HotSpot(TM) 64-Bit Server VM (17.0.12+8-LTS-286, mixed mode, sharing, tiered, compressed oops, compressed class ptrs, g1 gc, windows-amd64)
# No core dump will be written. Minidumps are not enabled by default on client versions of Windows
#

---------------  S U M M A R Y ------------

Command Line: org.jetbrains.kotlin.cli.jvm.K2JVMCompiler @D:\Projects\myproj\myproj\ClientNest\node_modules\react-native-screens\android\build\20260926_13058848572544468758.compiler.options

Host: Intel(R) Core(TM) i5-10310U CPU @ 1.70GHz, 8 cores, 15G,  Windows 10 , 64 bit Build 19041 (10.0.19041.5915)
Time: Sat Sep 26 13:00:10 2026 India Standard Time elapsed time: 4.434263 seconds (0d 0h 0m 4s)

---------------  T H R E A D  ---------------

Current thread (0x0000026b78afca30):  JavaThread "main" [_thread_in_vm, id=19024, stack(0x000000df0ba00000,0x000000df0bb00000)]

Stack: [0x000000df0ba00000,0x000000df0bb00000]
Native frames: (J=compiled Java code, j=interpreted, Vv=VM code, C=native code)
V  [jvm.dll+0x67a04a]
V  [jvm.dll+0x7da4ed]
V  [jvm.dll+0x7dbe33]
V  [jvm.dll+0x7dc4a3]
V  [jvm.dll+0x24508f]
V  [jvm.dll+0x7d60bb]
V  [jvm.dll+0x6206c6]
V  [jvm.dll+0x1bed07]
V  [jvm.dll+0x623022]
V  [jvm.dll+0x621086]
V  [jvm.dll+0x2429bc]
V  [jvm.dll+0x6d0a9d]
V  [jvm.dll+0x6d146f]
V  [jvm.dll+0x36e355]
V  [jvm.dll+0x36d404]
V  [jvm.dll+0x36d3a8]
V  [jvm.dll+0x37d0ca]
C  0x0000026b0ed3b766

Java frames: (J=compiled Java code, j=interpreted, Vv=VM code)
j  org.jetbrains.kotlin.resolve.PlatformConfiguratorBaseKt.<clinit>()V+26
v  ~StubRoutines::call_stub
j  org.jetbrains.kotlin.resolve.PlatformConfiguratorBase.platformSpecificContainer$lambda$0(Lorg/jetbrains/kotlin/resolve/PlatformConfiguratorBase;Lorg/jetbrains/kotlin/container/StorageComponentContainer;)Lkotlin/Unit;+7
j  org.jetbrains.kotlin.resolve.PlatformConfiguratorBase$$Lambda$224+0x0000026b1e24fc40.invoke(Ljava/lang/Object;)Ljava/lang/Object;+8
j  org.jetbrains.kotlin.container.DslKt.composeContainer(Ljava/lang/String;Lorg/jetbrains/kotlin/container/StorageComponentContainer;Lkotlin/jvm/functions/Function1;)Lorg/jetbrains/kotlin/container/StorageComponentContainer;+24
j  org.jetbrains.kotlin.container.DslKt.composeContainer$default(Ljava/lang/String;Lorg/jetbrains/kotlin/container/StorageComponentContainer;Lkotlin/jvm/functions/Function1;ILjava/lang/Object;)Lorg/jetbrains/kotlin/container/StorageComponentContainer;+11
j  org.jetbrains.kotlin.resolve.PlatformConfiguratorBase.<init>(Lorg/jetbrains/kotlin/types/DynamicTypesSettings;Ljava/util/List;Ljava/util/List;Ljava/util/List;Ljava/util/List;Ljava/util/List;Ljava/util/List;Ljava/util/List;Lorg/jetbrains/kotlin/resolve/IdentifierChecker;Lorg/jetbrains/kotlin/resolve/OverloadFilter;Lorg/jetbrains/kotlin/builtins/PlatformToKotlinClassMapper;Lorg/jetbrains/kotlin/builtins/PlatformSpecificCastChecker;Lorg/jetbrains/kotlin/resolve/lazy/DelegationFilter;Lorg/jetbrains/kotlin/resolve/OverridesBackwardCompatibilityHelper;Lorg/jetbrains/kotlin/resolve/DeclarationReturnTypeSanitizer;)V+161
j  org.jetbrains.kotlin.resolve.PlatformConfiguratorBase.<init>(Lorg/jetbrains/kotlin/types/DynamicTypesSettings;Ljava/util/List;Ljava/util/List;Ljava/util/List;Ljava/util/List;Ljava/util/List;Ljava/util/List;Ljava/util/List;Lorg/jetbrains/kotlin/resolve/IdentifierChecker;Lorg/jetbrains/kotlin/resolve/OverloadFilter;Lorg/jetbrains/kotlin/builtins/PlatformToKotlinClassMapper;Lorg/jetbrains/kotlin/builtins/PlatformSpecificCastChecker;Lorg/jetbrains/kotlin/resolve/lazy/DelegationFilter;Lorg/jetbrains/kotlin/resolve/OverridesBackwardCompatibilityHelper;Lorg/jetbrains/kotlin/resolve/DeclarationReturnTypeSanitizer;ILkotlin/jvm/internal/DefaultConstructorMarker;)V+209
j  org.jetbrains.kotlin.analyzer.common.CommonPlatformConfigurator.<init>()V+20
j  org.jetbrains.kotlin.analyzer.common.CommonPlatformConfigurator.<clinit>()V+4
v  ~StubRoutines::call_stub
j  org.jetbrains.kotlin.analyzer.common.CommonPlatformAnalyzerServices.<clinit>()V+10
v  ~StubRoutines::call_stub
j  org.jetbrains.kotlin.fir.session.ComponentsContainersKt.registerDefaultComponents(Lorg/jetbrains/kotlin/fir/FirSession;)V+109
j  org.jetbrains.kotlin.fir.session.FirJvmSessionFactory.registerLibrarySessionComponents(Lorg/jetbrains/kotlin/fir/FirSession;Lorg/jetbrains/kotlin/fir/session/FirJvmSessionFactory$LibraryContext;)V+13
j  org.jetbrains.kotlin.fir.session.FirJvmSessionFactory.registerLibrarySessionComponents(Lorg/jetbrains/kotlin/fir/FirSession;Ljava/lang/Object;)V+6
j  org.jetbrains.kotlin.fir.session.FirAbstractSessionFactory.createSharedLibrarySession(Lorg/jetbrains/kotlin/name/Name;Ljava/lang/Object;Lorg/jetbrains/kotlin/fir/java/FirProjectSessionProvider;Lorg/jetbrains/kotlin/config/LanguageVersionSettings;Ljava/util/List;Lkotlin/jvm/functions/Function4;)Lorg/jetbrains/kotlin/fir/FirSession;+80
j  org.jetbrains.kotlin.fir.session.FirJvmSessionFactory.createSharedLibrarySession(Lorg/jetbrains/kotlin/name/Name;Lorg/jetbrains/kotlin/fir/java/FirProjectSessionProvider;Lorg/jetbrains/kotlin/fir/session/environment/AbstractProjectEnvironment;Ljava/util/List;Lorg/jetbrains/kotlin/fir/session/environment/AbstractProjectFileSearchScope;Lorg/jetbrains/kotlin/load/kotlin/PackagePartProvider;Lorg/jetbrains/kotlin/config/LanguageVersionSettings;Lorg/jetbrains/kotlin/fir/session/FirSharableJavaComponents;)Lorg/jetbrains/kotlin/fir/FirSession;+79
j  org.jetbrains.kotlin.cli.pipeline.jvm.JvmFrontendPipelinePhase.prepareJvmSessions(Ljava/util/List;Lorg/jetbrains/kotlin/name/Name;Lorg/jetbrains/kotlin/config/CompilerConfiguration;Lorg/jetbrains/kotlin/cli/jvm/compiler/VfsBasedProjectEnvironment;Lorg/jetbrains/kotlin/fir/session/environment/AbstractProjectFileSearchScope;Lorg/jetbrains/kotlin/fir/DependencyListForCliModule;Lkotlin/jvm/functions/Function1;Lkotlin/jvm/functions/Function1;Lkotlin/jvm/functions/Function2;Lkotlin/jvm/functions/Function1;)Ljava/util/List;+390
j  org.jetbrains.kotlin.cli.pipeline.jvm.JvmFrontendPipelinePhase.executePhase(Lorg/jetbrains/kotlin/cli/pipeline/ConfigurationPipelineArtifact;)Lorg/jetbrains/kotlin/cli/pipeline/jvm/JvmFrontendPipelineArtifact;+821
j  org.jetbrains.kotlin.cli.pipeline.jvm.JvmFrontendPipelinePhase.executePhase(Lorg/jetbrains/kotlin/cli/pipeline/PipelineArtifact;)Lorg/jetbrains/kotlin/cli/pipeline/PipelineArtifact;+5
j  org.jetbrains.kotlin.cli.pipeline.PipelinePhase.phaseBody(Lorg/jetbrains/kotlin/cli/pipeline/PipelineContext;Lorg/jetbrains/kotlin/cli/pipeline/PipelineArtifact;)Lorg/jetbrains/kotlin/cli/pipeline/PipelineArtifact;+14
j  org.jetbrains.kotlin.cli.pipeline.PipelinePhase.phaseBody(Lorg/jetbrains/kotlin/config/LoggingContext;Ljava/lang/Object;)Ljava/lang/Object;+9
j  org.jetbrains.kotlin.config.phaser.NamedCompilerPhase.invoke(Lorg/jetbrains/kotlin/config/phaser/PhaseConfig;Lorg/jetbrains/kotlin/config/phaser/PhaserState;Lorg/jetbrains/kotlin/config/LoggingContext;Ljava/lang/Object;)Ljava/lang/Object;+304
j  org.jetbrains.kotlin.backend.common.phaser.CompositePhase.invoke(Lorg/jetbrains/kotlin/config/phaser/PhaseConfig;Lorg/jetbrains/kotlin/config/phaser/PhaserState;Lorg/jetbrains/kotlin/config/LoggingContext;Ljava/lang/Object;)Ljava/lang/Object;+87
j  org.jetbrains.kotlin.config.phaser.CompilerPhaseKt.invokeToplevel(Lorg/jetbrains/kotlin/config/phaser/CompilerPhase;Lorg/jetbrains/kotlin/config/phaser/PhaseConfig;Lorg/jetbrains/kotlin/config/LoggingContext;Ljava/lang/Object;)Ljava/lang/Object;+35
j  org.jetbrains.kotlin.cli.pipeline.AbstractCliPipeline.runPhasedPipeline(Lorg/jetbrains/kotlin/cli/pipeline/ArgumentsPipelineArtifact;)Lorg/jetbrains/kotlin/cli/common/ExitCode;+79
j  org.jetbrains.kotlin.cli.pipeline.AbstractCliPipeline.execute(Lorg/jetbrains/kotlin/cli/common/arguments/CommonCompilerArguments;Lorg/jetbrains/kotlin/config/Services;Lorg/jetbrains/kotlin/cli/common/messages/MessageCollector;)Lorg/jetbrains/kotlin/cli/common/ExitCode;+169
j  org.jetbrains.kotlin.cli.jvm.K2JVMCompiler.doExecutePhased(Lorg/jetbrains/kotlin/cli/common/arguments/K2JVMCompilerArguments;Lorg/jetbrains/kotlin/config/Services;Lorg/jetbrains/kotlin/cli/common/messages/MessageCollector;)Lorg/jetbrains/kotlin/cli/common/ExitCode;+35
j  org.jetbrains.kotlin.cli.jvm.K2JVMCompiler.doExecutePhased(Lorg/jetbrains/kotlin/cli/common/arguments/CommonCompilerArguments;Lorg/jetbrains/kotlin/config/Services;Lorg/jetbrains/kotlin/cli/common/messages/MessageCollector;)Lorg/jetbrains/kotlin/cli/common/ExitCode;+7
j  org.jetbrains.kotlin.cli.common.CLICompiler.execImpl(Lorg/jetbrains/kotlin/cli/common/messages/MessageCollector;Lorg/jetbrains/kotlin/config/Services;Lorg/jetbrains/kotlin/cli/common/arguments/CommonCompilerArguments;)Lorg/jetbrains/kotlin/cli/common/ExitCode;+17
j  org.jetbrains.kotlin.cli.common.CLICompiler.exec(Lorg/jetbrains/kotlin/cli/common/messages/MessageCollector;Lorg/jetbrains/kotlin/config/Services;Lorg/jetbrains/kotlin/cli/common/arguments/CommonCompilerArguments;)Lorg/jetbrains/kotlin/cli/common/ExitCode;+88
j  org.jetbrains.kotlin.cli.common.CLICompiler.exec(Ljava/io/PrintStream;Lorg/jetbrains/kotlin/config/Services;Lorg/jetbrains/kotlin/cli/common/messages/MessageRenderer;[Ljava/lang/String;)Lorg/jetbrains/kotlin/cli/common/ExitCode;+259
j  org.jetbrains.kotlin.cli.common.CLICompiler.exec(Ljava/io/PrintStream;Lorg/jetbrains/kotlin/cli/common/messages/MessageRenderer;[Ljava/lang/String;)Lorg/jetbrains/kotlin/cli/common/ExitCode;+26
j  org.jetbrains.kotlin.cli.common.CLICompiler$Companion.doMainNoExit(Lorg/jetbrains/kotlin/cli/common/CLICompiler;[Ljava/lang/String;Lorg/jetbrains/kotlin/cli/common/messages/MessageRenderer;)Lorg/jetbrains/kotlin/cli/common/ExitCode;+39
j  org.jetbrains.kotlin.cli.common.CLICompiler$Companion.doMainNoExit$default(Lorg/jetbrains/kotlin/cli/common/CLICompiler$Companion;Lorg/jetbrains/kotlin/cli/common/CLICompiler;[Ljava/lang/String;Lorg/jetbrains/kotlin/cli/common/messages/MessageRenderer;ILjava/lang/Object;)Lorg/jetbrains/kotlin/cli/common/ExitCode;+16
j  org.jetbrains.kotlin.cli.common.CLICompiler$Companion.doMain(Lorg/jetbrains/kotlin/cli/common/CLICompiler;[Ljava/lang/String;)V+54
j  org.jetbrains.kotlin.cli.jvm.K2JVMCompiler$Companion.main([Ljava/lang/String;)V+20
j  org.jetbrains.kotlin.cli.jvm.K2JVMCompiler.main([Ljava/lang/String;)V+4
v  ~StubRoutines::call_stub

---------------  P R O C E S S  ---------------

Threads class SMR info:
_java_thread_list=0x0000026b65b47b90, length=12, elements={
0x0000026b78afca30, 0x0000026b7f05e9a0, 0x0000026b7f05f530, 0x0000026b7f073f20,
0x0000026b7f075800, 0x0000026b7f0760d0, 0x0000026b7f0769a0, 0x0000026b7f077650,
0x0000026b7f078010, 0x0000026b1c830060, 0x0000026b1c939fe0, 0x0000026b1c940770
}

Java Threads: ( => current thread )
=>0x0000026b78afca30 JavaThread "main" [_thread_in_vm, id=19024, stack(0x000000df0ba00000,0x000000df0bb00000)]
  0x0000026b7f05e9a0 JavaThread "Reference Handler" daemon [_thread_blocked, id=18164, stack(0x000000df0c100000,0x000000df0c200000)]
  0x0000026b7f05f530 JavaThread "Finalizer" daemon [_thread_blocked, id=9300, stack(0x000000df0c200000,0x000000df0c300000)]
  0x0000026b7f073f20 JavaThread "Signal Dispatcher" daemon [_thread_blocked, id=18552, stack(0x000000df0c300000,0x000000df0c400000)]
  0x0000026b7f075800 JavaThread "Attach Listener" daemon [_thread_blocked, id=6396, stack(0x000000df0c400000,0x000000df0c500000)]
  0x0000026b7f0760d0 JavaThread "Service Thread" daemon [_thread_blocked, id=11548, stack(0x000000df0c500000,0x000000df0c600000)]
  0x0000026b7f0769a0 JavaThread "Monitor Deflation Thread" daemon [_thread_blocked, id=18184, stack(0x000000df0c600000,0x000000df0c700000)]
  0x0000026b7f077650 JavaThread "C2 CompilerThread0" daemon [_thread_in_native, id=6432, stack(0x000000df0c700000,0x000000df0c800000)]
  0x0000026b7f078010 JavaThread "C1 CompilerThread0" daemon [_thread_blocked, id=19624, stack(0x000000df0c800000,0x000000df0c900000)]
  0x0000026b1c830060 JavaThread "Sweeper thread" daemon [_thread_blocked, id=10260, stack(0x000000df0c900000,0x000000df0ca00000)]
  0x0000026b1c939fe0 JavaThread "Notification Thread" daemon [_thread_blocked, id=11440, stack(0x000000df0ca00000,0x000000df0cb00000)]
  0x0000026b1c940770 JavaThread "Common-Cleaner" daemon [_thread_blocked, id=12964, stack(0x000000df0cc00000,0x000000df0cd00000)]

Other Threads:
  0x0000026b7f059f30 VMThread "VM Thread" [stack: 0x000000df0c000000,0x000000df0c100000] [id=4812]
  0x0000026b1c9404e0 WatcherThread [stack: 0x000000df0cb00000,0x000000df0cc00000] [id=19800]
  0x0000026b78b65700 GCTaskThread "GC Thread#0" [stack: 0x000000df0bb00000,0x000000df0bc00000] [id=10392]
  0x0000026b62267ae0 GCTaskThread "GC Thread#1" [stack: 0x000000df0cd00000,0x000000df0ce00000] [id=19852]
  0x0000026b6224cfa0 GCTaskThread "GC Thread#2" [stack: 0x000000df0ce00000,0x000000df0cf00000] [id=10608]
  0x0000026b6224da70 GCTaskThread "GC Thread#3" [stack: 0x000000df0cf00000,0x000000df0d000000] [id=4792]
  0x0000026b6224dd30 GCTaskThread "GC Thread#4" [stack: 0x000000df0d000000,0x000000df0d100000] [id=10512]
  0x0000026b6224dff0 GCTaskThread "GC Thread#5" [stack: 0x000000df0d100000,0x000000df0d200000] [id=5236]
  0x0000026b62657d80 GCTaskThread "GC Thread#6" [stack: 0x000000df0d200000,0x000000df0d300000] [id=19036]
  0x0000026b62708580 GCTaskThread "GC Thread#7" [stack: 0x000000df0d300000,0x000000df0d400000] [id=15044]
  0x0000026b78b761e0 ConcurrentGCThread "G1 Main Marker" [stack: 0x000000df0bc00000,0x000000df0bd00000] [id=17928]
  0x0000026b78b76b00 ConcurrentGCThread "G1 Conc#0" [stack: 0x000000df0bd00000,0x000000df0be00000] [id=8144]
  0x0000026b78bc8fe0 ConcurrentGCThread "G1 Refine#0" [stack: 0x000000df0be00000,0x000000df0bf00000] [id=12740]
  0x0000026b7ef13640 ConcurrentGCThread "G1 Service" [stack: 0x000000df0bf00000,0x000000df0c000000] [id=19416]

Threads with active compile tasks:
C2 CompilerThread0     4501 1621   !   4       jdk.internal.loader.BuiltinClassLoader::loadClassOrNull (143 bytes)

VM state: not at safepoint (normal execution)

VM Mutex/Monitor currently owned by a thread:  ([mutex/lock_event])
[0x0000026b78af5540] Metaspace_lock - owner thread: 0x0000026b78afca30

Heap address: 0x0000000703800000, size: 4040 MB, Compressed Oops mode: Zero based, Oop shift amount: 3

CDS archive(s) mapped at: [0x0000026b1d000000-0x0000026b1dbd0000-0x0000026b1dbd0000), size 12386304, SharedBaseAddress: 0x0000026b1d000000, ArchiveRelocationMode: 1.
Compressed class space mapped at: 0x0000026b1e000000-0x0000026b5e000000, reserved size: 1073741824
Narrow klass base: 0x0000026b1d000000, Narrow klass shift: 0, Narrow klass range: 0x100000000

GC Precious Log:
 CPUs: 8 total, 8 available
 Memory: 16157M
 Large Page Support: Disabled
 NUMA Support: Disabled
 Compressed Oops: Enabled (Zero based)
 Heap Region Size: 2M
 Heap Min Capacity: 8M
 Heap Initial Capacity: 254M
 Heap Max Capacity: 4040M
 Pre-touch: Disabled
 Parallel Workers: 8
 Concurrent Workers: 2
 Concurrent Refinement Workers: 8
 Periodic GC: Disabled

Heap:
 garbage-first heap   total 260096K, used 43948K [0x0000000703800000, 0x0000000800000000)
  region size 2048K, 21 young (43008K), 3 survivors (6144K)
 Metaspace       used 20694K, committed 20864K, reserved 1114112K
  class space    used 2357K, committed 2432K, reserved 1048576K

Heap Regions: E=young(eden), S=young(survivor), O=old, HS=humongous(starts), HC=humongous(continues), CS=collection set, F=free, OA=open archive, CA=closed archive, TAMS=top-at-mark-start (previous, next)
|   0|0x0000000703800000, 0x0000000703a00000, 0x0000000703a00000|100%|HS|  |TAMS 0x0000000703800000, 0x0000000703800000| Complete 
|   1|0x0000000703a00000, 0x0000000703c00000, 0x0000000703c00000|100%|HC|  |TAMS 0x0000000703a00000, 0x0000000703a00000| Complete 
|   2|0x0000000703c00000, 0x0000000703c00000, 0x0000000703e00000|  0%| F|  |TAMS 0x0000000703c00000, 0x0000000703c00000| Untracked 
|   3|0x0000000703e00000, 0x0000000703e00000, 0x0000000704000000|  0%| F|  |TAMS 0x0000000703e00000, 0x0000000703e00000| Untracked 
|   4|0x0000000704000000, 0x0000000704000000, 0x0000000704200000|  0%| F|  |TAMS 0x0000000704000000, 0x0000000704000000| Untracked 
|   5|0x0000000704200000, 0x0000000704200000, 0x0000000704400000|  0%| F|  |TAMS 0x0000000704200000, 0x0000000704200000| Untracked 
|   6|0x0000000704400000, 0x0000000704400000, 0x0000000704600000|  0%| F|  |TAMS 0x0000000704400000, 0x0000000704400000| Untracked 
|   7|0x0000000704600000, 0x0000000704600000, 0x0000000704800000|  0%| F|  |TAMS 0x0000000704600000, 0x0000000704600000| Untracked 
|   8|0x0000000704800000, 0x0000000704800000, 0x0000000704a00000|  0%| F|  |TAMS 0x0000000704800000, 0x0000000704800000| Untracked 
|   9|0x0000000704a00000, 0x0000000704a00000, 0x0000000704c00000|  0%| F|  |TAMS 0x0000000704a00000, 0x0000000704a00000| Untracked 
|  10|0x0000000704c00000, 0x0000000704c00000, 0x0000000704e00000|  0%| F|  |TAMS 0x0000000704c00000, 0x0000000704c00000| Untracked 
|  11|0x0000000704e00000, 0x0000000704e00000, 0x0000000705000000|  0%| F|  |TAMS 0x0000000704e00000, 0x0000000704e00000| Untracked 
|  12|0x0000000705000000, 0x0000000705000000, 0x0000000705200000|  0%| F|  |TAMS 0x0000000705000000, 0x0000000705000000| Untracked 
|  13|0x0000000705200000, 0x0000000705200000, 0x0000000705400000|  0%| F|  |TAMS 0x0000000705200000, 0x0000000705200000| Untracked 
|  14|0x0000000705400000, 0x0000000705400000, 0x0000000705600000|  0%| F|  |TAMS 0x0000000705400000, 0x0000000705400000| Untracked 
|  15|0x0000000705600000, 0x0000000705600000, 0x0000000705800000|  0%| F|  |TAMS 0x0000000705600000, 0x0000000705600000| Untracked 
|  16|0x0000000705800000, 0x0000000705800000, 0x0000000705a00000|  0%| F|  |TAMS 0x0000000705800000, 0x0000000705800000| Untracked 
|  17|0x0000000705a00000, 0x0000000705a00000, 0x0000000705c00000|  0%| F|  |TAMS 0x0000000705a00000, 0x0000000705a00000| Untracked 
|  18|0x0000000705c00000, 0x0000000705c00000, 0x0000000705e00000|  0%| F|  |TAMS 0x0000000705c00000, 0x0000000705c00000| Untracked 
|  19|0x0000000705e00000, 0x0000000705e00000, 0x0000000706000000|  0%| F|  |TAMS 0x0000000705e00000, 0x0000000705e00000| Untracked 
|  20|0x0000000706000000, 0x0000000706000000, 0x0000000706200000|  0%| F|  |TAMS 0x0000000706000000, 0x0000000706000000| Untracked 
|  21|0x0000000706200000, 0x0000000706200000, 0x0000000706400000|  0%| F|  |TAMS 0x0000000706200000, 0x0000000706200000| Untracked 
|  22|0x0000000706400000, 0x0000000706400000, 0x0000000706600000|  0%| F|  |TAMS 0x0000000706400000, 0x0000000706400000| Untracked 
|  23|0x0000000706600000, 0x0000000706600000, 0x0000000706800000|  0%| F|  |TAMS 0x0000000706600000, 0x0000000706600000| Untracked 
|  24|0x0000000706800000, 0x0000000706800000, 0x0000000706a00000|  0%| F|  |TAMS 0x0000000706800000, 0x0000000706800000| Untracked 
|  25|0x0000000706a00000, 0x0000000706a00000, 0x0000000706c00000|  0%| F|  |TAMS 0x0000000706a00000, 0x0000000706a00000| Untracked 
|  26|0x0000000706c00000, 0x0000000706c00000, 0x0000000706e00000|  0%| F|  |TAMS 0x0000000706c00000, 0x0000000706c00000| Untracked 
|  27|0x0000000706e00000, 0x0000000706e00000, 0x0000000707000000|  0%| F|  |TAMS 0x0000000706e00000, 0x0000000706e00000| Untracked 
|  28|0x0000000707000000, 0x0000000707000000, 0x0000000707200000|  0%| F|  |TAMS 0x0000000707000000, 0x0000000707000000| Untracked 
|  29|0x0000000707200000, 0x0000000707200000, 0x0000000707400000|  0%| F|  |TAMS 0x0000000707200000, 0x0000000707200000| Untracked 
|  30|0x0000000707400000, 0x0000000707400000, 0x0000000707600000|  0%| F|  |TAMS 0x0000000707400000, 0x0000000707400000| Untracked 
|  31|0x0000000707600000, 0x0000000707600000, 0x0000000707800000|  0%| F|  |TAMS 0x0000000707600000, 0x0000000707600000| Untracked 
|  32|0x0000000707800000, 0x0000000707800000, 0x0000000707a00000|  0%| F|  |TAMS 0x0000000707800000, 0x0000000707800000| Untracked 
|  33|0x0000000707a00000, 0x0000000707a00000, 0x0000000707c00000|  0%| F|  |TAMS 0x0000000707a00000, 0x0000000707a00000| Untracked 
|  34|0x0000000707c00000, 0x0000000707c00000, 0x0000000707e00000|  0%| F|  |TAMS 0x0000000707c00000, 0x0000000707c00000| Untracked 
|  35|0x0000000707e00000, 0x0000000707e00000, 0x0000000708000000|  0%| F|  |TAMS 0x0000000707e00000, 0x0000000707e00000| Untracked 
|  36|0x0000000708000000, 0x0000000708000000, 0x0000000708200000|  0%| F|  |TAMS 0x0000000708000000, 0x0000000708000000| Untracked 
|  37|0x0000000708200000, 0x0000000708200000, 0x0000000708400000|  0%| F|  |TAMS 0x0000000708200000, 0x0000000708200000| Untracked 
|  38|0x0000000708400000, 0x0000000708400000, 0x0000000708600000|  0%| F|  |TAMS 0x0000000708400000, 0x0000000708400000| Untracked 
|  39|0x0000000708600000, 0x0000000708600000, 0x0000000708800000|  0%| F|  |TAMS 0x0000000708600000, 0x0000000708600000| Untracked 
|  40|0x0000000708800000, 0x0000000708800000, 0x0000000708a00000|  0%| F|  |TAMS 0x0000000708800000, 0x0000000708800000| Untracked 
|  41|0x0000000708a00000, 0x0000000708a00000, 0x0000000708c00000|  0%| F|  |TAMS 0x0000000708a00000, 0x0000000708a00000| Untracked 
|  42|0x0000000708c00000, 0x0000000708c00000, 0x0000000708e00000|  0%| F|  |TAMS 0x0000000708c00000, 0x0000000708c00000| Untracked 
|  43|0x0000000708e00000, 0x0000000708e00000, 0x0000000709000000|  0%| F|  |TAMS 0x0000000708e00000, 0x0000000708e00000| Untracked 
|  44|0x0000000709000000, 0x0000000709000000, 0x0000000709200000|  0%| F|  |TAMS 0x0000000709000000, 0x0000000709000000| Untracked 
|  45|0x0000000709200000, 0x0000000709200000, 0x0000000709400000|  0%| F|  |TAMS 0x0000000709200000, 0x0000000709200000| Untracked 
|  46|0x0000000709400000, 0x0000000709400000, 0x0000000709600000|  0%| F|  |TAMS 0x0000000709400000, 0x0000000709400000| Untracked 
|  47|0x0000000709600000, 0x0000000709600000, 0x0000000709800000|  0%| F|  |TAMS 0x0000000709600000, 0x0000000709600000| Untracked 
|  48|0x0000000709800000, 0x0000000709800000, 0x0000000709a00000|  0%| F|  |TAMS 0x0000000709800000, 0x0000000709800000| Untracked 
|  49|0x0000000709a00000, 0x0000000709a00000, 0x0000000709c00000|  0%| F|  |TAMS 0x0000000709a00000, 0x0000000709a00000| Untracked 
|  50|0x0000000709c00000, 0x0000000709c00000, 0x0000000709e00000|  0%| F|  |TAMS 0x0000000709c00000, 0x0000000709c00000| Untracked 
|  51|0x0000000709e00000, 0x0000000709e00000, 0x000000070a000000|  0%| F|  |TAMS 0x0000000709e00000, 0x0000000709e00000| Untracked 
|  52|0x000000070a000000, 0x000000070a000000, 0x000000070a200000|  0%| F|  |TAMS 0x000000070a000000, 0x000000070a000000| Untracked 
|  53|0x000000070a200000, 0x000000070a200000, 0x000000070a400000|  0%| F|  |TAMS 0x000000070a200000, 0x000000070a200000| Untracked 
|  54|0x000000070a400000, 0x000000070a400000, 0x000000070a600000|  0%| F|  |TAMS 0x000000070a400000, 0x000000070a400000| Untracked 
|  55|0x000000070a600000, 0x000000070a600000, 0x000000070a800000|  0%| F|  |TAMS 0x000000070a600000, 0x000000070a600000| Untracked 
|  56|0x000000070a800000, 0x000000070a800000, 0x000000070aa00000|  0%| F|  |TAMS 0x000000070a800000, 0x000000070a800000| Untracked 
|  57|0x000000070aa00000, 0x000000070aa00000, 0x000000070ac00000|  0%| F|  |TAMS 0x000000070aa00000, 0x000000070aa00000| Untracked 
|  58|0x000000070ac00000, 0x000000070ac00000, 0x000000070ae00000|  0%| F|  |TAMS 0x000000070ac00000, 0x000000070ac00000| Untracked 
|  59|0x000000070ae00000, 0x000000070ae00000, 0x000000070b000000|  0%| F|  |TAMS 0x000000070ae00000, 0x000000070ae00000| Untracked 
|  60|0x000000070b000000, 0x000000070b000000, 0x000000070b200000|  0%| F|  |TAMS 0x000000070b000000, 0x000000070b000000| Untracked 
|  61|0x000000070b200000, 0x000000070b200000, 0x000000070b400000|  0%| F|  |TAMS 0x000000070b200000, 0x000000070b200000| Untracked 
|  62|0x000000070b400000, 0x000000070b400000, 0x000000070b600000|  0%| F|  |TAMS 0x000000070b400000, 0x000000070b400000| Untracked 
|  63|0x000000070b600000, 0x000000070b600000, 0x000000070b800000|  0%| F|  |TAMS 0x000000070b600000, 0x000000070b600000| Untracked 
|  64|0x000000070b800000, 0x000000070b800000, 0x000000070ba00000|  0%| F|  |TAMS 0x000000070b800000, 0x000000070b800000| Untracked 
|  65|0x000000070ba00000, 0x000000070ba00000, 0x000000070bc00000|  0%| F|  |TAMS 0x000000070ba00000, 0x000000070ba00000| Untracked 
|  66|0x000000070bc00000, 0x000000070bc00000, 0x000000070be00000|  0%| F|  |TAMS 0x000000070bc00000, 0x000000070bc00000| Untracked 
|  67|0x000000070be00000, 0x000000070be00000, 0x000000070c000000|  0%| F|  |TAMS 0x000000070be00000, 0x000000070be00000| Untracked 
|  68|0x000000070c000000, 0x000000070c000000, 0x000000070c200000|  0%| F|  |TAMS 0x000000070c000000, 0x000000070c000000| Untracked 
|  69|0x000000070c200000, 0x000000070c200000, 0x000000070c400000|  0%| F|  |TAMS 0x000000070c200000, 0x000000070c200000| Untracked 
|  70|0x000000070c400000, 0x000000070c400000, 0x000000070c600000|  0%| F|  |TAMS 0x000000070c400000, 0x000000070c400000| Untracked 
|  71|0x000000070c600000, 0x000000070c600000, 0x000000070c800000|  0%| F|  |TAMS 0x000000070c600000, 0x000000070c600000| Untracked 
|  72|0x000000070c800000, 0x000000070c800000, 0x000000070ca00000|  0%| F|  |TAMS 0x000000070c800000, 0x000000070c800000| Untracked 
|  73|0x000000070ca00000, 0x000000070ca00000, 0x000000070cc00000|  0%| F|  |TAMS 0x000000070ca00000, 0x000000070ca00000| Untracked 
|  74|0x000000070cc00000, 0x000000070cc00000, 0x000000070ce00000|  0%| F|  |TAMS 0x000000070cc00000, 0x000000070cc00000| Untracked 
|  75|0x000000070ce00000, 0x000000070ce00000, 0x000000070d000000|  0%| F|  |TAMS 0x000000070ce00000, 0x000000070ce00000| Untracked 
|  76|0x000000070d000000, 0x000000070d000000, 0x000000070d200000|  0%| F|  |TAMS 0x000000070d000000, 0x000000070d000000| Untracked 
|  77|0x000000070d200000, 0x000000070d200000, 0x000000070d400000|  0%| F|  |TAMS 0x000000070d200000, 0x000000070d200000| Untracked 
|  78|0x000000070d400000, 0x000000070d400000, 0x000000070d600000|  0%| F|  |TAMS 0x000000070d400000, 0x000000070d400000| Untracked 
|  79|0x000000070d600000, 0x000000070d600000, 0x000000070d800000|  0%| F|  |TAMS 0x000000070d600000, 0x000000070d600000| Untracked 
|  80|0x000000070d800000, 0x000000070d800000, 0x000000070da00000|  0%| F|  |TAMS 0x000000070d800000, 0x000000070d800000| Untracked 
|  81|0x000000070da00000, 0x000000070da00000, 0x000000070dc00000|  0%| F|  |TAMS 0x000000070da00000, 0x000000070da00000| Untracked 
|  82|0x000000070dc00000, 0x000000070dc00000, 0x000000070de00000|  0%| F|  |TAMS 0x000000070dc00000, 0x000000070dc00000| Untracked 
|  83|0x000000070de00000, 0x000000070de00000, 0x000000070e000000|  0%| F|  |TAMS 0x000000070de00000, 0x000000070de00000| Untracked 
|  84|0x000000070e000000, 0x000000070e000000, 0x000000070e200000|  0%| F|  |TAMS 0x000000070e000000, 0x000000070e000000| Untracked 
|  85|0x000000070e200000, 0x000000070e200000, 0x000000070e400000|  0%| F|  |TAMS 0x000000070e200000, 0x000000070e200000| Untracked 
|  86|0x000000070e400000, 0x000000070e400000, 0x000000070e600000|  0%| F|  |TAMS 0x000000070e400000, 0x000000070e400000| Untracked 
|  87|0x000000070e600000, 0x000000070e600000, 0x000000070e800000|  0%| F|  |TAMS 0x000000070e600000, 0x000000070e600000| Untracked 
|  88|0x000000070e800000, 0x000000070e800000, 0x000000070ea00000|  0%| F|  |TAMS 0x000000070e800000, 0x000000070e800000| Untracked 
|  89|0x000000070ea00000, 0x000000070ea00000, 0x000000070ec00000|  0%| F|  |TAMS 0x000000070ea00000, 0x000000070ea00000| Untracked 
|  90|0x000000070ec00000, 0x000000070ec00000, 0x000000070ee00000|  0%| F|  |TAMS 0x000000070ec00000, 0x000000070ec00000| Untracked 
|  91|0x000000070ee00000, 0x000000070ee00000, 0x000000070f000000|  0%| F|  |TAMS 0x000000070ee00000, 0x000000070ee00000| Untracked 
|  92|0x000000070f000000, 0x000000070f000000, 0x000000070f200000|  0%| F|  |TAMS 0x000000070f000000, 0x000000070f000000| Untracked 
|  93|0x000000070f200000, 0x000000070f200000, 0x000000070f400000|  0%| F|  |TAMS 0x000000070f200000, 0x000000070f200000| Untracked 
|  94|0x000000070f400000, 0x000000070f400000, 0x000000070f600000|  0%| F|  |TAMS 0x000000070f400000, 0x000000070f400000| Untracked 
|  95|0x000000070f600000, 0x000000070f600000, 0x000000070f800000|  0%| F|  |TAMS 0x000000070f600000, 0x000000070f600000| Untracked 
|  96|0x000000070f800000, 0x000000070f800000, 0x000000070fa00000|  0%| F|  |TAMS 0x000000070f800000, 0x000000070f800000| Untracked 
|  97|0x000000070fa00000, 0x000000070fa00000, 0x000000070fc00000|  0%| F|  |TAMS 0x000000070fa00000, 0x000000070fa00000| Untracked 
|  98|0x000000070fc00000, 0x000000070fc00000, 0x000000070fe00000|  0%| F|  |TAMS 0x000000070fc00000, 0x000000070fc00000| Untracked 
|  99|0x000000070fe00000, 0x000000070fe00000, 0x0000000710000000|  0%| F|  |TAMS 0x000000070fe00000, 0x000000070fe00000| Untracked 
| 100|0x0000000710000000, 0x0000000710000000, 0x0000000710200000|  0%| F|  |TAMS 0x0000000710000000, 0x0000000710000000| Untracked 
| 101|0x0000000710200000, 0x0000000710200000, 0x0000000710400000|  0%| F|  |TAMS 0x0000000710200000, 0x0000000710200000| Untracked 
| 102|0x0000000710400000, 0x0000000710400000, 0x0000000710600000|  0%| F|  |TAMS 0x0000000710400000, 0x0000000710400000| Untracked 
| 103|0x0000000710600000, 0x0000000710600000, 0x0000000710800000|  0%| F|  |TAMS 0x0000000710600000, 0x0000000710600000| Untracked 
| 104|0x0000000710800000, 0x0000000710800000, 0x0000000710a00000|  0%| F|  |TAMS 0x0000000710800000, 0x0000000710800000| Untracked 
| 105|0x0000000710a00000, 0x0000000710aeb050, 0x0000000710c00000| 45%| S|CS|TAMS 0x0000000710a00000, 0x0000000710a00000| Complete 
| 106|0x0000000710c00000, 0x0000000710e00000, 0x0000000710e00000|100%| S|CS|TAMS 0x0000000710c00000, 0x0000000710c00000| Complete 
| 107|0x0000000710e00000, 0x0000000711000000, 0x0000000711000000|100%| S|CS|TAMS 0x0000000710e00000, 0x0000000710e00000| Complete 
| 108|0x0000000711000000, 0x0000000711000000, 0x0000000711200000|  0%| F|  |TAMS 0x0000000711000000, 0x0000000711000000| Untracked 
| 109|0x0000000711200000, 0x0000000711301c10, 0x0000000711400000| 50%| E|  |TAMS 0x0000000711200000, 0x0000000711200000| Complete 
| 110|0x0000000711400000, 0x0000000711600000, 0x0000000711600000|100%| E|CS|TAMS 0x0000000711400000, 0x0000000711400000| Complete 
| 111|0x0000000711600000, 0x0000000711800000, 0x0000000711800000|100%| E|CS|TAMS 0x0000000711600000, 0x0000000711600000| Complete 
| 112|0x0000000711800000, 0x0000000711a00000, 0x0000000711a00000|100%| E|CS|TAMS 0x0000000711800000, 0x0000000711800000| Complete 
| 113|0x0000000711a00000, 0x0000000711c00000, 0x0000000711c00000|100%| E|CS|TAMS 0x0000000711a00000, 0x0000000711a00000| Complete 
| 114|0x0000000711c00000, 0x0000000711e00000, 0x0000000711e00000|100%| E|CS|TAMS 0x0000000711c00000, 0x0000000711c00000| Complete 
| 115|0x0000000711e00000, 0x0000000712000000, 0x0000000712000000|100%| E|CS|TAMS 0x0000000711e00000, 0x0000000711e00000| Complete 
| 116|0x0000000712000000, 0x0000000712200000, 0x0000000712200000|100%| E|CS|TAMS 0x0000000712000000, 0x0000000712000000| Complete 
| 117|0x0000000712200000, 0x0000000712400000, 0x0000000712400000|100%| E|CS|TAMS 0x0000000712200000, 0x0000000712200000| Complete 
| 118|0x0000000712400000, 0x0000000712600000, 0x0000000712600000|100%| E|CS|TAMS 0x0000000712400000, 0x0000000712400000| Complete 
| 119|0x0000000712600000, 0x0000000712800000, 0x0000000712800000|100%| E|CS|TAMS 0x0000000712600000, 0x0000000712600000| Complete 
| 120|0x0000000712800000, 0x0000000712a00000, 0x0000000712a00000|100%| E|CS|TAMS 0x0000000712800000, 0x0000000712800000| Complete 
| 121|0x0000000712a00000, 0x0000000712c00000, 0x0000000712c00000|100%| E|CS|TAMS 0x0000000712a00000, 0x0000000712a00000| Complete 
| 122|0x0000000712c00000, 0x0000000712e00000, 0x0000000712e00000|100%| E|CS|TAMS 0x0000000712c00000, 0x0000000712c00000| Complete 
| 123|0x0000000712e00000, 0x0000000713000000, 0x0000000713000000|100%| E|CS|TAMS 0x0000000712e00000, 0x0000000712e00000| Complete 
| 124|0x0000000713000000, 0x0000000713200000, 0x0000000713200000|100%| E|CS|TAMS 0x0000000713000000, 0x0000000713000000| Complete 
| 125|0x0000000713200000, 0x0000000713400000, 0x0000000713400000|100%| E|CS|TAMS 0x0000000713200000, 0x0000000713200000| Complete 
| 126|0x0000000713400000, 0x0000000713600000, 0x0000000713600000|100%| E|CS|TAMS 0x0000000713400000, 0x0000000713400000| Complete 

Card table byte_map: [0x0000026b796f0000,0x0000026b79ee0000] _byte_map_base: 0x0000026b75ed4000

Marking Bits (Prev, Next): (CMBitMap*) 0x0000026b78b65c30, (CMBitMap*) 0x0000026b78b65c70
 Prev Bits: [0x0000026b7a6d0000, 0x0000026b7e5f0000)
 Next Bits: [0x0000026b167f0000, 0x0000026b1a710000)

Polling page: 0x0000026b76a90000

Metaspace:

Usage:
  Non-class:     17.91 MB used.
      Class:      2.30 MB used.
       Both:     20.21 MB used.

Virtual space:
  Non-class space:       64.00 MB reserved,      18.00 MB ( 28%) committed,  1 nodes.
      Class space:        1.00 GB reserved,       2.38 MB ( <1%) committed,  1 nodes.
             Both:        1.06 GB reserved,      20.38 MB (  2%) committed. 

Chunk freelists:
   Non-Class:  12.36 MB
       Class:  13.62 MB
        Both:  25.98 MB

MaxMetaspaceSize: unlimited
CompressedClassSpaceSize: 1.00 GB
Initial GC threshold: 21.00 MB
Current GC threshold: 21.00 MB
CDS: on
MetaspaceReclaimPolicy: balanced
 - commit_granule_bytes: 65536.
 - commit_granule_words: 8192.
 - virtual_space_node_default_size: 8388608.
 - enlarge_chunks_in_place: 1.
 - new_chunks_are_fully_committed: 0.
 - uncommit_free_chunks: 1.
 - use_allocation_guard: 0.
 - handle_deallocations: 1.


Internal statistics:

num_allocs_failed_limit: 0.
num_arena_births: 158.
num_arena_deaths: 0.
num_vsnodes_births: 2.
num_vsnodes_deaths: 0.
num_space_committed: 326.
num_space_uncommitted: 0.
num_chunks_returned_to_freelist: 0.
num_chunks_taken_from_freelist: 848.
num_chunk_merges: 0.
num_chunk_splits: 669.
num_chunks_enlarged: 592.
num_inconsistent_stats: 0.

CodeHeap 'non-profiled nmethods': size=120000Kb used=698Kb max_used=698Kb free=119301Kb
 bounds [0x0000026b0f2c0000, 0x0000026b0f530000, 0x0000026b167f0000]
CodeHeap 'profiled nmethods': size=120000Kb used=2938Kb max_used=2938Kb free=117061Kb
 bounds [0x0000026b077f0000, 0x0000026b07ad0000, 0x0000026b0ed20000]
CodeHeap 'non-nmethods': size=5760Kb used=1210Kb max_used=1258Kb free=4549Kb
 bounds [0x0000026b0ed20000, 0x0000026b0ef90000, 0x0000026b0f2c0000]
 total_blobs=2147 nmethods=1630 adapters=430
 compilation: enabled
              stopped_count=0, restarted_count=0
 full_count=0

Compilation events (20 events):
Event: 4.312 Thread 0x0000026b7f078010 1623       3       kotlin.reflect.jvm.internal.impl.name.FqNameUnsafe::hashCode (8 bytes)
Event: 4.312 Thread 0x0000026b7f078010 nmethod 1623 0x0000026b07ac9990 code [0x0000026b07ac9b40, 0x0000026b07ac9c88]
Event: 4.326 Thread 0x0000026b7f077650 nmethod 1620 0x0000026b0f36ac10 code [0x0000026b0f36aea0, 0x0000026b0f36d660]
Event: 4.326 Thread 0x0000026b7f077650 1621   !   4       jdk.internal.loader.BuiltinClassLoader::loadClassOrNull (143 bytes)
Event: 4.335 Thread 0x0000026b7f078010 1624       3       kotlin.reflect.jvm.internal.impl.name.FqName::<init> (18 bytes)
Event: 4.336 Thread 0x0000026b7f078010 nmethod 1624 0x0000026b07ac9d90 code [0x0000026b07ac9f40, 0x0000026b07aca188]
Event: 4.380 Thread 0x0000026b7f078010 1626       3       kotlin.reflect.jvm.internal.ReflectProperties::lazy (17 bytes)
Event: 4.381 Thread 0x0000026b7f078010 nmethod 1626 0x0000026b07aca290 code [0x0000026b07aca460, 0x0000026b07aca898]
Event: 4.381 Thread 0x0000026b7f078010 1627       3       kotlin.reflect.jvm.internal.ReflectProperties$LazyVal::<init> (23 bytes)
Event: 4.381 Thread 0x0000026b7f078010 nmethod 1627 0x0000026b07acaa10 code [0x0000026b07acabc0, 0x0000026b07acaee8]
Event: 4.382 Thread 0x0000026b7f078010 1628       3       kotlin.reflect.jvm.internal.impl.name.Name::<init> (23 bytes)
Event: 4.382 Thread 0x0000026b7f078010 nmethod 1628 0x0000026b07acb010 code [0x0000026b07acb1c0, 0x0000026b07acb428]
Event: 4.382 Thread 0x0000026b7f078010 1629       3       kotlin.reflect.jvm.internal.impl.name.FqName::<init> (26 bytes)
Event: 4.383 Thread 0x0000026b7f078010 nmethod 1629 0x0000026b07acb510 code [0x0000026b07acb6e0, 0x0000026b07acbb98]
Event: 4.383 Thread 0x0000026b7f078010 1630       3       kotlin.reflect.jvm.internal.impl.name.FqNameUnsafe::<init> (31 bytes)
Event: 4.383 Thread 0x0000026b7f078010 nmethod 1630 0x0000026b07acbd10 code [0x0000026b07acbee0, 0x0000026b07acc218]
Event: 4.391 Thread 0x0000026b7f078010 1631       3       java.lang.invoke.DirectMethodHandle::make (275 bytes)
Event: 4.393 Thread 0x0000026b7f078010 nmethod 1631 0x0000026b07acc310 code [0x0000026b07acc6a0, 0x0000026b07acdb38]
Event: 4.393 Thread 0x0000026b7f078010 1632       3       java.lang.invoke.MemberName::isField (8 bytes)
Event: 4.394 Thread 0x0000026b7f078010 nmethod 1632 0x0000026b07ace390 code [0x0000026b07ace540, 0x0000026b07ace778]

GC Heap History (4 events):
Event: 1.535 GC heap before
{Heap before GC invocations=0 (full 0):
 garbage-first heap   total 260096K, used 24576K [0x0000000703800000, 0x0000000800000000)
  region size 2048K, 11 young (22528K), 0 survivors (0K)
 Metaspace       used 6528K, committed 6656K, reserved 1114112K
  class space    used 606K, committed 640K, reserved 1048576K
}
Event: 1.555 GC heap after
{Heap after GC invocations=1 (full 0):
 garbage-first heap   total 260096K, used 6911K [0x0000000703800000, 0x0000000800000000)
  region size 2048K, 2 young (4096K), 2 survivors (4096K)
 Metaspace       used 6528K, committed 6656K, reserved 1114112K
  class space    used 606K, committed 640K, reserved 1048576K
}
Event: 3.023 GC heap before
{Heap before GC invocations=1 (full 0):
 garbage-first heap   total 260096K, used 41727K [0x0000000703800000, 0x0000000800000000)
  region size 2048K, 19 young (38912K), 2 survivors (4096K)
 Metaspace       used 15853K, committed 16064K, reserved 1114112K
  class space    used 1825K, committed 1920K, reserved 1048576K
}
Event: 3.029 GC heap after
{Heap after GC invocations=2 (full 0):
 garbage-first heap   total 260096K, used 9132K [0x0000000703800000, 0x0000000800000000)
  region size 2048K, 3 young (6144K), 3 survivors (6144K)
 Metaspace       used 15853K, committed 16064K, reserved 1114112K
  class space    used 1825K, committed 1920K, reserved 1048576K
}

Deoptimization events (20 events):
Event: 3.929 Thread 0x0000026b78afca30 Uncommon trap: trap_request=0xffffffde fr.pc=0x0000026b0f35968c relative=0x00000000000006cc
Event: 3.929 Thread 0x0000026b78afca30 Uncommon trap: reason=class_check action=maybe_recompile pc=0x0000026b0f35968c method=java.lang.AbstractStringBuilder.append(Ljava/lang/CharSequence;)Ljava/lang/AbstractStringBuilder; @ 10 c2
Event: 3.929 Thread 0x0000026b78afca30 DEOPT PACKING pc=0x0000026b0f35968c sp=0x000000df0bafe420
Event: 3.929 Thread 0x0000026b78afca30 DEOPT UNPACKING pc=0x0000026b0ed723a3 sp=0x000000df0bafe410 mode 2
Event: 3.929 Thread 0x0000026b78afca30 Uncommon trap: trap_request=0xffffffde fr.pc=0x0000026b0f35968c relative=0x00000000000006cc
Event: 3.929 Thread 0x0000026b78afca30 Uncommon trap: reason=class_check action=maybe_recompile pc=0x0000026b0f35968c method=java.lang.AbstractStringBuilder.append(Ljava/lang/CharSequence;)Ljava/lang/AbstractStringBuilder; @ 10 c2
Event: 3.929 Thread 0x0000026b78afca30 DEOPT PACKING pc=0x0000026b0f35968c sp=0x000000df0bafe490
Event: 3.929 Thread 0x0000026b78afca30 DEOPT UNPACKING pc=0x0000026b0ed723a3 sp=0x000000df0bafe480 mode 2
Event: 3.981 Thread 0x0000026b78afca30 Uncommon trap: trap_request=0xffffffde fr.pc=0x0000026b0f33e9d4 relative=0x00000000000008b4
Event: 3.981 Thread 0x0000026b78afca30 Uncommon trap: reason=class_check action=maybe_recompile pc=0x0000026b0f33e9d4 method=org.jetbrains.kotlin.cli.jvm.compiler.jarfs.LargeDynamicMappedBuffer.withMappedRange(JJLkotlin/jvm/functions/Function1;)Ljava/lang/Object; @ 209 c2
Event: 3.981 Thread 0x0000026b78afca30 DEOPT PACKING pc=0x0000026b0f33e9d4 sp=0x000000df0bafe1e0
Event: 3.981 Thread 0x0000026b78afca30 DEOPT UNPACKING pc=0x0000026b0ed723a3 sp=0x000000df0bafe158 mode 2
Event: 4.070 Thread 0x0000026b78afca30 Uncommon trap: trap_request=0xffffffde fr.pc=0x0000026b0f33e9d4 relative=0x00000000000008b4
Event: 4.070 Thread 0x0000026b78afca30 Uncommon trap: reason=class_check action=maybe_recompile pc=0x0000026b0f33e9d4 method=org.jetbrains.kotlin.cli.jvm.compiler.jarfs.LargeDynamicMappedBuffer.withMappedRange(JJLkotlin/jvm/functions/Function1;)Ljava/lang/Object; @ 209 c2
Event: 4.070 Thread 0x0000026b78afca30 DEOPT PACKING pc=0x0000026b0f33e9d4 sp=0x000000df0bafe1e0
Event: 4.070 Thread 0x0000026b78afca30 DEOPT UNPACKING pc=0x0000026b0ed723a3 sp=0x000000df0bafe158 mode 2
Event: 4.071 Thread 0x0000026b78afca30 Uncommon trap: trap_request=0xffffffde fr.pc=0x0000026b0f33e9d4 relative=0x00000000000008b4
Event: 4.071 Thread 0x0000026b78afca30 Uncommon trap: reason=class_check action=maybe_recompile pc=0x0000026b0f33e9d4 method=org.jetbrains.kotlin.cli.jvm.compiler.jarfs.LargeDynamicMappedBuffer.withMappedRange(JJLkotlin/jvm/functions/Function1;)Ljava/lang/Object; @ 209 c2
Event: 4.071 Thread 0x0000026b78afca30 DEOPT PACKING pc=0x0000026b0f33e9d4 sp=0x000000df0bafe1e0
Event: 4.071 Thread 0x0000026b78afca30 DEOPT UNPACKING pc=0x0000026b0ed723a3 sp=0x000000df0bafe158 mode 2

Classes unloaded (0 events):
No events

Classes redefined (0 events):
No events

Internal exceptions (20 events):
Event: 2.330 Thread 0x0000026b78afca30 Exception <a 'java/lang/NoSuchMethodError'{0x0000000712492a38}: 'void java.lang.invoke.DelegatingMethodHandle$Holder.reinvoke_L(java.lang.Object, java.lang.Object, java.lang.Object, long, java.lang.Object, long, long)'> (0x0000000712492a38) 
thrown [s\open\src\hotspot\share\interpreter\linkResolver.cpp, line 759]
Event: 2.332 Thread 0x0000026b78afca30 Exception <a 'java/lang/NoSuchMethodError'{0x0000000712499cd8}: 'long java.lang.invoke.Invokers$Holder.invokeExact_MT(java.lang.Object, java.lang.Object, java.lang.Object)'> (0x0000000712499cd8) 
thrown [s\open\src\hotspot\share\interpreter\linkResolver.cpp, line 759]
Event: 2.333 Thread 0x0000026b78afca30 Exception <a 'java/lang/NoSuchMethodError'{0x000000071249e158}: 'int java.lang.invoke.Invokers$Holder.invokeExact_MT(java.lang.Object, java.lang.Object, java.lang.Object)'> (0x000000071249e158) 
thrown [s\open\src\hotspot\share\interpreter\linkResolver.cpp, line 759]
Event: 2.367 Thread 0x0000026b78afca30 Exception <a 'java/lang/NoSuchMethodError'{0x0000000712589ea0}: 'int java.lang.invoke.DirectMethodHandle$Holder.invokeStaticInit(java.lang.Object, java.lang.Object, java.lang.Object)'> (0x0000000712589ea0) 
thrown [s\open\src\hotspot\share\interpreter\linkResolver.cpp, line 759]
Event: 2.385 Thread 0x0000026b78afca30 Exception <a 'java/lang/NoSuchMethodError'{0x00000007125ba708}: 'int java.lang.invoke.DirectMethodHandle$Holder.invokeStaticInit(java.lang.Object, java.lang.Object)'> (0x00000007125ba708) 
thrown [s\open\src\hotspot\share\interpreter\linkResolver.cpp, line 759]
Event: 2.412 Thread 0x0000026b78afca30 Exception <a 'java/lang/NoSuchMethodError'{0x0000000712280840}: 'int java.lang.invoke.DirectMethodHandle$Holder.invokeStatic(java.lang.Object)'> (0x0000000712280840) 
thrown [s\open\src\hotspot\share\interpreter\linkResolver.cpp, line 759]
Event: 2.413 Thread 0x0000026b78afca30 Exception <a 'java/lang/NoSuchMethodError'{0x0000000712283ee8}: 'int java.lang.invoke.DirectMethodHandle$Holder.invokeStaticInit(java.lang.Object)'> (0x0000000712283ee8) 
thrown [s\open\src\hotspot\share\interpreter\linkResolver.cpp, line 759]
Event: 2.425 Thread 0x0000026b78afca30 Exception <a 'java/lang/NoSuchMethodError'{0x00000007122ae6d0}: 'java.lang.Object java.lang.invoke.DirectMethodHandle$Holder.invokeStatic(java.lang.Object, java.lang.Object, int, java.lang.Object, int)'> (0x00000007122ae6d0) 
thrown [s\open\src\hotspot\share\interpreter\linkResolver.cpp, line 759]
Event: 2.427 Thread 0x0000026b78afca30 Exception <a 'java/lang/NoSuchMethodError'{0x00000007122b5ca8}: 'java.lang.Object java.lang.invoke.DirectMethodHandle$Holder.newInvokeSpecial(java.lang.Object, java.lang.Object, int)'> (0x00000007122b5ca8) 
thrown [s\open\src\hotspot\share\interpreter\linkResolver.cpp, line 759]
Event: 2.735 Thread 0x0000026b78afca30 Exception <a 'java/lang/NoSuchMethodError'{0x000000071160d770}: 'java.lang.Object java.lang.invoke.DirectMethodHandle$Holder.invokeInterface(java.lang.Object, java.lang.Object)'> (0x000000071160d770) 
thrown [s\open\src\hotspot\share\interpreter\linkResolver.cpp, line 759]
Event: 2.822 Thread 0x0000026b78afca30 Exception <a 'java/lang/NoSuchMethodError'{0x000000071149a0f8}: 'void java.lang.invoke.DirectMethodHandle$Holder.invokeStaticInit(java.lang.Object, java.lang.Object)'> (0x000000071149a0f8) 
thrown [s\open\src\hotspot\share\interpreter\linkResolver.cpp, line 759]
Event: 2.905 Thread 0x0000026b78afca30 Exception <a 'java/lang/NoSuchMethodError'{0x00000007112c38c8}: 'int java.lang.invoke.DirectMethodHandle$Holder.invokeVirtual(java.lang.Object, java.lang.Object, java.lang.Object)'> (0x00000007112c38c8) 
thrown [s\open\src\hotspot\share\interpreter\linkResolver.cpp, line 759]
Event: 3.020 Thread 0x0000026b78afca30 Exception <a 'java/lang/NoSuchMethodError'{0x00000007111f38d0}: 'void java.lang.invoke.DirectMethodHandle$Holder.invokeVirtual(java.lang.Object, java.lang.Object)'> (0x00000007111f38d0) 
thrown [s\open\src\hotspot\share\interpreter\linkResolver.cpp, line 759]
Event: 3.050 Thread 0x0000026b78afca30 Exception <a 'java/lang/NoSuchMethodError'{0x000000071347d210}: 'java.lang.Object java.lang.invoke.DirectMethodHandle$Holder.invokeStatic(java.lang.Object, java.lang.Object, long, long)'> (0x000000071347d210) 
thrown [s\open\src\hotspot\share\interpreter\linkResolver.cpp, line 759]
Event: 3.061 Thread 0x0000026b78afca30 Exception <a 'java/lang/NoSuchMethodError'{0x00000007134a28b0}: 'java.lang.Object java.lang.invoke.Invokers$Holder.invoke_MT(java.lang.Object, java.lang.Object, java.lang.Object)'> (0x00000007134a28b0) 
thrown [s\open\src\hotspot\share\interpreter\linkResolver.cpp, line 759]
Event: 3.066 Thread 0x0000026b78afca30 Exception <a 'java/lang/NoSuchMethodError'{0x00000007134b3b58}: 'java.lang.Object java.lang.invoke.DirectMethodHandle$Holder.invokeStatic(java.lang.Object, java.lang.Object, java.lang.Object, long, java.lang.Object)'> (0x00000007134b3b58) 
thrown [s\open\src\hotspot\share\interpreter\linkResolver.cpp, line 759]
Event: 3.068 Thread 0x0000026b78afca30 Exception <a 'java/lang/NoSuchMethodError'{0x00000007134bbbd0}: 'java.lang.Object java.lang.invoke.DirectMethodHandle$Holder.newInvokeSpecial(java.lang.Object, java.lang.Object, java.lang.Object, long)'> (0x00000007134bbbd0) 
thrown [s\open\src\hotspot\share\interpreter\linkResolver.cpp, line 759]
Event: 3.220 Thread 0x0000026b78afca30 Implicit null exception at 0x0000026b0f326940 to 0x0000026b0f326cf4
Event: 3.221 Thread 0x0000026b78afca30 Implicit null exception at 0x0000026b0f3362b2 to 0x0000026b0f336a3c
Event: 3.532 Thread 0x0000026b78afca30 Exception <a 'java/lang/NoSuchMethodError'{0x000000071244f168}: 'java.lang.Object java.lang.invoke.DirectMethodHandle$Holder.newInvokeSpecial(java.lang.Object, int, java.lang.Object, java.lang.Object, java.lang.Object, java.lang.Object)'> (0x000000071244f168) 
thrown [s\open\src\hotspot\share\interpreter\linkResolver.cpp, line 759]

VM Operations (18 events):
Event: 0.270 Executing VM operation: HandshakeAllThreads
Event: 0.270 Executing VM operation: HandshakeAllThreads done
Event: 0.825 Executing VM operation: HandshakeAllThreads
Event: 0.825 Executing VM operation: HandshakeAllThreads done
Event: 1.535 Executing VM operation: G1CollectForAllocation
Event: 1.555 Executing VM operation: G1CollectForAllocation done
Event: 2.163 Executing VM operation: HandshakeAllThreads
Event: 2.163 Executing VM operation: HandshakeAllThreads done
Event: 3.023 Executing VM operation: G1CollectForAllocation
Event: 3.029 Executing VM operation: G1CollectForAllocation done
Event: 3.920 Executing VM operation: HandshakeAllThreads
Event: 3.920 Executing VM operation: HandshakeAllThreads done
Event: 3.921 Executing VM operation: HandshakeAllThreads
Event: 3.921 Executing VM operation: HandshakeAllThreads done
Event: 4.178 Executing VM operation: HandshakeAllThreads
Event: 4.178 Executing VM operation: HandshakeAllThreads done
Event: 4.178 Executing VM operation: Cleanup
Event: 4.179 Executing VM operation: Cleanup done

Events (20 events):
Event: 3.919 loading class sun/net/www/protocol/file/FileURLConnection done
Event: 3.920 loading class sun/net/www/MessageHeader
Event: 3.920 loading class sun/net/www/MessageHeader done
Event: 3.920 loading class sun/net/www/protocol/jar/URLJarFile
Event: 3.920 loading class sun/net/www/protocol/jar/URLJarFile done
Event: 3.921 loading class sun/net/www/protocol/jar/URLJarFile$URLJarFileEntry
Event: 3.921 loading class sun/net/www/protocol/jar/URLJarFile$URLJarFileEntry done
Event: 3.922 loading class sun/net/www/protocol/jar/JarURLConnection$JarURLInputStream
Event: 3.922 loading class sun/net/www/protocol/jar/JarURLConnection$JarURLInputStream done
Event: 3.922 loading class java/util/Collections$UnmodifiableMap$UnmodifiableEntrySet
Event: 3.922 loading class java/util/Collections$UnmodifiableMap$UnmodifiableEntrySet done
Event: 3.922 loading class java/util/Collections$UnmodifiableMap$UnmodifiableEntrySet$1
Event: 3.922 loading class java/util/Collections$UnmodifiableMap$UnmodifiableEntrySet$1 done
Event: 3.922 loading class java/util/Collections$UnmodifiableMap$UnmodifiableEntrySet$UnmodifiableEntry
Event: 3.923 loading class java/util/Collections$UnmodifiableMap$UnmodifiableEntrySet$UnmodifiableEntry done
Event: 3.929 loading class java/io/EOFException
Event: 3.929 loading class java/io/EOFException done
Event: 3.937 Loaded shared library C:\Program Files\Java\jdk-17\bin\verify.dll
Event: 4.299 loading class java/util/concurrent/TimeUnit$1
Event: 4.299 loading class java/util/concurrent/TimeUnit$1 done


Dynamic libraries:
0x00007ff709ea0000 - 0x00007ff709eb0000 	C:\Program Files\Java\jdk-17\bin\java.exe
0x00007ffe54170000 - 0x00007ffe54368000 	C:\Windows\SYSTEM32\ntdll.dll
0x00007ffe53490000 - 0x00007ffe53552000 	C:\Windows\System32\KERNEL32.DLL
0x00007ffe51bf0000 - 0x00007ffe51ee6000 	C:\Windows\System32\KERNELBASE.dll
0x00007ffe51ef0000 - 0x00007ffe51ff0000 	C:\Windows\System32\ucrtbase.dll
0x00007ffe0eba0000 - 0x00007ffe0ebb9000 	C:\Program Files\Java\jdk-17\bin\jli.dll
0x00007ffe53800000 - 0x00007ffe538b1000 	C:\Windows\System32\ADVAPI32.dll
0x00007ffe52fb0000 - 0x00007ffe5304e000 	C:\Windows\System32\msvcrt.dll
0x00007ffe0ebc0000 - 0x00007ffe0ebdb000 	C:\Program Files\Java\jdk-17\bin\VCRUNTIME140.dll
0x00007ffe53e90000 - 0x00007ffe53f2f000 	C:\Windows\System32\sechost.dll
0x00007ffe525d0000 - 0x00007ffe526f0000 	C:\Windows\System32\RPCRT4.dll
0x00007ffe51bc0000 - 0x00007ffe51be7000 	C:\Windows\System32\bcrypt.dll
0x00007ffe532e0000 - 0x00007ffe53481000 	C:\Windows\System32\USER32.dll
0x00007ffe52110000 - 0x00007ffe52132000 	C:\Windows\System32\win32u.dll
0x00007ffe52f80000 - 0x00007ffe52fab000 	C:\Windows\System32\GDI32.dll
0x00007ffe51aa0000 - 0x00007ffe51bb9000 	C:\Windows\System32\gdi32full.dll
0x00007ffe52070000 - 0x00007ffe5210d000 	C:\Windows\System32\msvcp_win.dll
0x00007ffe34d00000 - 0x00007ffe34f9b000 	C:\Windows\WinSxS\amd64_microsoft.windows.common-controls_6595b64144ccf1df_6.0.19041.6456_none_60b8a6cb71f64256\COMCTL32.dll
0x00007ffe48ec0000 - 0x00007ffe48eca000 	C:\Windows\SYSTEM32\VERSION.dll
0x00007ffe52240000 - 0x00007ffe5226f000 	C:\Windows\System32\IMM32.DLL
0x00007ffde9e80000 - 0x00007ffde9e8c000 	C:\Program Files\Java\jdk-17\bin\vcruntime140_1.dll
0x00007ffda0c10000 - 0x00007ffda0c9e000 	C:\Program Files\Java\jdk-17\bin\msvcp140.dll
0x00007ffda0030000 - 0x00007ffda0c10000 	C:\Program Files\Java\jdk-17\bin\server\jvm.dll
0x00007ffe53da0000 - 0x00007ffe53da8000 	C:\Windows\System32\PSAPI.DLL
0x00007ffe34930000 - 0x00007ffe34939000 	C:\Windows\SYSTEM32\WSOCK32.dll
0x00007ffe53d30000 - 0x00007ffe53d9b000 	C:\Windows\System32\WS2_32.dll
0x00007ffe39eb0000 - 0x00007ffe39ed7000 	C:\Windows\SYSTEM32\WINMM.dll
0x00007ffe4f7f0000 - 0x00007ffe4f802000 	C:\Windows\SYSTEM32\kernel.appcore.dll
0x00007ffde95c0000 - 0x00007ffde95ca000 	C:\Program Files\Java\jdk-17\bin\jimage.dll
0x00007ffe4eef0000 - 0x00007ffe4f0f1000 	C:\Windows\SYSTEM32\DBGHELP.DLL
0x00007ffe35750000 - 0x00007ffe35784000 	C:\Windows\SYSTEM32\dbgcore.DLL
0x00007ffe51a10000 - 0x00007ffe51a92000 	C:\Windows\System32\bcryptPrimitives.dll
0x00007ffda0000000 - 0x00007ffda0025000 	C:\Program Files\Java\jdk-17\bin\java.dll
0x00007ffd9ff20000 - 0x00007ffd9fff7000 	C:\Program Files\Java\jdk-17\bin\jsvml.dll
0x00007ffe526f0000 - 0x00007ffe52e60000 	C:\Windows\System32\SHELL32.dll
0x00007ffe4f830000 - 0x00007ffe4ffd5000 	C:\Windows\SYSTEM32\windows.storage.dll
0x00007ffe52270000 - 0x00007ffe525c4000 	C:\Windows\System32\combase.dll
0x00007ffe51140000 - 0x00007ffe5116b000 	C:\Windows\SYSTEM32\Wldp.dll
0x00007ffe53f30000 - 0x00007ffe53ffd000 	C:\Windows\System32\OLEAUT32.dll
0x00007ffe53230000 - 0x00007ffe532dd000 	C:\Windows\System32\SHCORE.dll
0x00007ffe53110000 - 0x00007ffe5316b000 	C:\Windows\System32\shlwapi.dll
0x00007ffe51730000 - 0x00007ffe51754000 	C:\Windows\SYSTEM32\profapi.dll
0x00007ffd9ff00000 - 0x00007ffd9ff19000 	C:\Program Files\Java\jdk-17\bin\net.dll
0x00007ffe4d650000 - 0x00007ffe4d75a000 	C:\Windows\SYSTEM32\WINHTTP.dll
0x00007ffe50f30000 - 0x00007ffe50f9a000 	C:\Windows\system32\mswsock.dll
0x00007ffd9fee0000 - 0x00007ffd9fef6000 	C:\Program Files\Java\jdk-17\bin\nio.dll
0x00007ffd9fec0000 - 0x00007ffd9fed8000 	C:\Program Files\Java\jdk-17\bin\zip.dll
0x00007ffddadb0000 - 0x00007ffddadba000 	C:\Program Files\Java\jdk-17\bin\management.dll
0x00007ffdd94d0000 - 0x00007ffdd94db000 	C:\Program Files\Java\jdk-17\bin\management_ext.dll
0x00007ffdd9400000 - 0x00007ffdd9410000 	C:\Program Files\Java\jdk-17\bin\verify.dll

dbghelp: loaded successfully - version: 4.0.5 - missing functions: none
symbol engine: initialized successfully - sym options: 0x614 - pdb path: .;C:\Program Files\Java\jdk-17\bin;C:\Windows\SYSTEM32;C:\Windows\WinSxS\amd64_microsoft.windows.common-controls_6595b64144ccf1df_6.0.19041.6456_none_60b8a6cb71f64256;C:\Program Files\Java\jdk-17\bin\server

VM Arguments:
java_command: org.jetbrains.kotlin.cli.jvm.K2JVMCompiler @D:\Projects\myproj\myproj\ClientNest\node_modules\react-native-screens\android\build\20260926_13058848572544468758.compiler.options
java_class_path (initial): C:\Users\hp\.gradle\caches\modules-2\files-2.1\org.jetbrains.kotlin\kotlin-compiler-embeddable\2.2.10\6882d39ef03b18879c1a5d2a83c2212361bed5fe\kotlin-compiler-embeddable-2.2.10.jar;C:\Users\hp\.gradle\caches\modules-2\files-2.1\org.jetbrains.kotlin\kotlin-stdlib\2.2.10\30de6faa127a4a012db8e71bf1b9c0a99b1402b2\kotlin-stdlib-2.2.10.jar;C:\Users\hp\.gradle\caches\modules-2\files-2.1\org.jetbrains.kotlin\kotlin-script-runtime\2.2.10\712f9bc08f378c13a4a00f0bbb28c76e59183e83\kotlin-script-runtime-2.2.10.jar;C:\Users\hp\.gradle\caches\modules-2\files-2.1\org.jetbrains.kotlin\kotlin-reflect\1.6.10\1cbe9c92c12a94eea200d23c2bbaedaf3daf5132\kotlin-reflect-1.6.10.jar;C:\Users\hp\.gradle\caches\modules-2\files-2.1\org.jetbrains.kotlin\kotlin-daemon-embeddable\2.2.10\212fd3c2c6e4e5d0f4db3c4191233e2b622380cc\kotlin-daemon-embeddable-2.2.10.jar;C:\Users\hp\.gradle\caches\modules-2\files-2.1\org.jetbrains.kotlinx\kotlinx-coroutines-core-jvm\1.8.0\ac1dc37a30a93150b704022f8d895ee1bd3a36b3\kotlinx-coroutines-core-jvm-1.8.0.jar;C:\Users\hp\.gradle\caches\modules-2\files-2.1\org.jetbrains\annotations\13.0\919f0dfe192fb4e063e7dacadee7f8bb9a2672a9\annotations-13.0.jar
Launcher Type: SUN_STANDARD

[Global flags]
     intx CICompilerCount                          = 4                                         {product} {ergonomic}
     uint ConcGCThreads                            = 2                                         {product} {ergonomic}
     uint G1ConcRefinementThreads                  = 8                                         {product} {ergonomic}
   size_t G1HeapRegionSize                         = 2097152                                   {product} {ergonomic}
    uintx GCDrainStackTargetSize                   = 64                                        {product} {ergonomic}
   size_t InitialHeapSize                          = 266338304                                 {product} {ergonomic}
   size_t MarkStackSize                            = 4194304                                   {product} {ergonomic}
   size_t MaxHeapSize                              = 4236247040                                {product} {ergonomic}
   size_t MaxNewSize                               = 2541748224                                {product} {ergonomic}
   size_t MinHeapDeltaBytes                        = 2097152                                   {product} {ergonomic}
   size_t MinHeapSize                              = 8388608                                   {product} {ergonomic}
    uintx NonNMethodCodeHeapSize                   = 5839372                                {pd product} {ergonomic}
    uintx NonProfiledCodeHeapSize                  = 122909434                              {pd product} {ergonomic}
    uintx ProfiledCodeHeapSize                     = 122909434                              {pd product} {ergonomic}
    uintx ReservedCodeCacheSize                    = 251658240                              {pd product} {ergonomic}
     bool SegmentedCodeCache                       = true                                      {product} {ergonomic}
   size_t SoftMaxHeapSize                          = 4236247040                             {manageable} {ergonomic}
     bool UseCompressedClassPointers               = true                           {product lp64_product} {ergonomic}
     bool UseCompressedOops                        = true                           {product lp64_product} {ergonomic}
     bool UseG1GC                                  = true                                      {product} {ergonomic}
     bool UseLargePagesIndividualAllocation        = false                                  {pd product} {ergonomic}

Logging:
Log output configuration:
 #0: stdout all=warning uptime,level,tags
 #1: stderr all=off uptime,level,tags

Environment Variables:
JAVA_HOME=C:\Program Files\Java\jdk-17
PATH=D:\Projects\myproj\myproj\ClientNest\node_modules\.bin;D:\Projects\myproj\myproj\ClientNest\node_modules\.bin;D:\Projects\myproj\myproj\node_modules\.bin;D:\Projects\myproj\node_modules\.bin;D:\Projects\node_modules\.bin;D:\node_modules\.bin;C:\Users\hp\AppData\Local\nvm\v20.17.0\node_modules\npm\node_modules\@npmcli\run-script\lib\node-gyp-bin;C:\Program Files\Common Files\Oracle\Java\javapath;C:\Windows\system32;C:\Windows;C:\Windows\System32\Wbem;C:\Windows\System32\WindowsPowerShell\v1.0\;C:\Windows\System32\OpenSSH\;C:\Users\hp\AppData\Local\nvm;C:\nvm4w\nodejs;C:\Program Files\Git\cmd;D:\xampp\php;C:\ProgramData\ComposerSetup\bin;C:\Program Files\GitHub CLI\;C:\Users\hp\AppData\Local\Microsoft\WindowsApps;C:\Users\hp\AppData\Local\nvm;C:\nvm4w\nodejs;C:\Users\hp\AppData\Local\Android\Sdk\emulator;C:\Users\hp\AppData\Local\Android\Sdk\platform-tools;C:\Users\hp\AppData\Local\Android\Sdk\tools;C:\Users\hp\AppData\Local\Android\Sdk\tools\bin;C:\Users\hp\AppData\Local\Programs\Microsoft VS Code\bin;C:\Program Files\Java\jdk-11.0.31\bin;C:\Users\hp\AppData\Roaming\Composer\vendor\bin;D:\Users\hp\AppData\Local\Programs\Antigravity IDE\bin;
USERNAME=Munir
LANG=en_US.UTF-8
OS=Windows_NT
PROCESSOR_IDENTIFIER=Intel64 Family 6 Model 142 Stepping 12, GenuineIntel



---------------  S Y S T E M  ---------------

OS:
 Windows 10 , 64 bit Build 19041 (10.0.19041.5915)
OS uptime: 0 days 0:44 hours
Hyper-V role detected

CPU: total 8 (initial active 8) (4 cores per cpu, 2 threads per core) family 6 model 142 stepping 12 microcode 0x100, cx8, cmov, fxsr, ht, mmx, 3dnowpref, sse, sse2, sse3, ssse3, sse4.1, sse4.2, popcnt, lzcnt, tsc, tscinvbit, avx, avx2, aes, erms, clmul, bmi1, bmi2, adx, fma, vzeroupper, clflush, clflushopt, hv

Memory: 4k page, system-wide physical 16157M (2717M free)
TotalPageFile size 18284M (AvailPageFile size 0M)
current process WorkingSet (physical memory assigned to process): 135M, peak: 135M
current process commit charge ("private bytes"): 393M, peak: 395M

vm_info: Java HotSpot(TM) 64-Bit Server VM (17.0.12+8-LTS-286) for windows-amd64 JRE (17.0.12+8-LTS-286), built on Jun  5 2024 06:46:59 by "mach5one" with MS VC++ 17.6 (VS2022)

END.
